06-18 16:13:49.896   865   865 I MSM-irqbalance: Decided to move IRQ177 from CPU4 to CPU6
06-18 16:13:49.978 21227 21242 I Finsky  : [3097] imb.run(3): Stats for Executor: bgExecutor ink@8841ee5[Running, pool size = 4, active threads = 0, queued tasks = 0, completed tasks = 103]
06-18 16:13:55.178  1556  4129 D BatteryService: mLastPlugType/mPlugType:2/2
06-18 16:13:55.178  1556  4129 D BatteryService: set mLastPlugType to 2
06-18 16:13:55.181  3774  3774 D KeyguardUpdateMonitor: received broadcast android.intent.action.BATTERY_CHANGED
06-18 16:13:55.182  3747  3747 D VideoCall_LowBattery: BatteryIntent received: android.intent.action.BATTERY_CHANGED
06-18 16:13:55.184  3747  3747 E QtiImsExtUtils: getConfigForPhoneId subId is invalid
06-18 16:13:55.184  3747  3747 E QtiImsExtUtils: isCarrierConfigEnabled bundle is null
06-18 16:13:55.184  3747  3747 D VideoCall_LowBattery:  allowVideoCallsInLowBattery: false isCarrierOneSupported: false mIsLowbattery: false
06-18 16:13:55.187  3774  3774 D KeyguardUpdateMonitor: handleBatteryUpdate
06-18 16:13:56.067   550   550 I SFPerfTracer:      triggers: (rate: 19:2440) (compose: 5:326) (post: 0:0) (render: 0:305) (0:100959 frames) (1:132993)
06-18 16:13:56.067   550   550 D SFPerfTracer:        layers: (3:10) (DimLayerController/Stack=0 (0xa4f0e400): 0:3229)* (StatusBar (0xa4f10c00): 1:45646) (NavigationBar (0xa5283000): 0:19903) (com.android.systemui.ImageWallpaper (0xa52db800): 0:18652)* (Sprite (0xa4f0f800): 0:102)* (animation background stackId=1 (0xa5286c00): 0:30)* (com.google.android.googlequicksearchbox/com.google.android.launcher.GEL (0xa5284400): 0:86)- (Starting com.fieldkit (0xa4f0d000): 0:40)- (com.fieldkit/com.fieldkit.MainActivity (0xa5285800): 0:42) (PopupWindow:e80fb27 (0xa52d9000): 0:1)- 
06-18 16:13:57.617   630   630 I cnss-daemon: RTM_NEWNEIGH message received: 28
06-18 16:13:57.617   630   630 E cnss-daemon: Stale or unreachable neighbors, ndm state: 16
06-18 16:14:00.002  3774  3774 D KeyguardUpdateMonitor: received broadcast android.intent.action.TIME_TICK
06-18 16:14:00.002  3774  3774 D KeyguardUpdateMonitor: handleTimeUpdate
06-18 16:14:06.284   630   630 I cnss-daemon: RTM_NEWNEIGH message received: 28
06-18 16:14:06.284   630   630 E cnss-daemon: Stale or unreachable neighbors, ndm state: 4
06-18 16:14:09.916   865   865 I MSM-irqbalance: Decided to move IRQ239 from CPU6 to CPU5
06-18 16:14:14.923   865   865 I MSM-irqbalance: Decided to move IRQ215 from CPU6 to CPU5
06-18 16:14:19.923   865   865 I MSM-irqbalance: Decided to move IRQ178 from CPU6 to CPU5
06-18 16:14:24.924   865   865 I MSM-irqbalance: Decided to move IRQ65 from CPU6 to CPU5
06-18 16:14:28.017  1556  3689 D BatteryService: uevent={POWER_SUPPLY_TEMP=310, POWER_SUPPLY_STATUS=Full, POWER_SUPPLY_CAPACITY=100, ACTION=change, DEVPATH=/devices/soc.0/qpnp-smbcharger-17/power_supply/battery, POWER_SUPPLY_AGE=96, POWER_SUPPLY_VOLTAGE_MAX=4350, SUBSYSTEM=power_supply, POWER_SUPPLY_NUM_SYSTEM_TEMP_LEVELS=8, POWER_SUPPLY_VOLTAGE_MAX_DESIGN=4350000, POWER_SUPPLY_INPUT_CURRENT_MAX=1500000, POWER_SUPPLY_CHARGE_FULL=2960000, POWER_SUPPLY_NAME=battery, POWER_SUPPLY_FLASH_CURRENT_MAX=2849319, POWER_SUPPLY_HEALTH=Good, POWER_SUPPLY_CYCLE_COUNT=0, POWER_SUPPLY_TECHNOLOGY=Li-ion, POWER_SUPPLY_CHARGE_TYPE=N/A, POWER_SUPPLY_PRESENT=1, POWER_SUPPLY_CONSTANT_CHARGE_CURRENT_MAX=2500000, POWER_SUPPLY_TEMP_HOTSPOT=0, POWER_SUPPLY_INPUT_CURRENT_SETTLED=0, POWER_SUPPLY_SAFETY_TIMER_ENABLED=0, POWER_SUPPLY_FLASH_ACTIVE=0, POWER_SUPPLY_VOLTAGE_NOW=4320653, SEQNUM=194788, POWER_SUPPLY_CHARGE_FULL_DESIGN=3059000, POWER_SUPPLY_CURRENT_NOW=152, POWER_SUPPLY_SYSTEM_TEMP_LEVEL=0, POWER_SUPPLY_CHARGE_COUNTER=3059000, POWER_SUPPLY_CHARGE_RATE=Normal, POWER_SUPPLY_CHARGING_ENABLED=1, POWER_SUPPLY_BATTERY_CHARGING_ENABLED=1}
06-18 16:14:28.019  1556  1566 D BatteryService: mLastPlugType/mPlugType:2/2
06-18 16:14:28.019  1556  1566 D BatteryService: set mLastPlugType to 2
06-18 16:14:28.021  3774  3774 D KeyguardUpdateMonitor: received broadcast android.intent.action.BATTERY_CHANGED
06-18 16:14:28.022  3747  3747 D VideoCall_LowBattery: BatteryIntent received: android.intent.action.BATTERY_CHANGED
06-18 16:14:28.024  3747  3747 E QtiImsExtUtils: getConfigForPhoneId subId is invalid
06-18 16:14:28.024  3747  3747 E QtiImsExtUtils: isCarrierConfigEnabled bundle is null
06-18 16:14:28.025  3747  3747 D VideoCall_LowBattery:  allowVideoCallsInLowBattery: false isCarrierOneSupported: false mIsLowbattery: false
06-18 16:14:28.025  3774  3774 D KeyguardUpdateMonitor: handleBatteryUpdate
06-18 16:14:29.930   865   865 I MSM-irqbalance: Decided to move IRQ222 from CPU6 to CPU5
06-18 16:14:34.929   865   865 I MSM-irqbalance: Decided to move IRQ174 from CPU6 to CPU5
06-18 16:14:38.204  4316  4318 E ANDR-PERF-MPCTL: Invalid profile no. 0, total profiles 0 only
06-18 16:14:38.542   550   740 I SFPerfTracer:      triggers: (rate: 0:27) (6474 sw vsyncs) (0 skipped) (7375:3451220 vsyncs) (7377:3468427)
06-18 16:14:38.699  4316  4318 E ANDR-PERF-MPCTL: Invalid profile no. 0, total profiles 0 only
06-18 16:14:39.929   865   865 I MSM-irqbalance: Decided to move IRQ270 from CPU4 to CPU5
06-18 16:14:40.059  4316  4318 E ANDR-PERF-MPCTL: Invalid profile no. 0, total profiles 0 only
06-18 16:14:40.458   550   740 I SFPerfTracer:      triggers: (rate: 0:27) (6474 sw vsyncs) (0 skipped) (64:3451321 vsyncs) (66:3468533)
06-18 16:14:41.149   550   550 I SFPerfTracer:      triggers: (rate: 19:2441) (compose: 5:326) (post: 0:0) (render: 0:305) (19:101040 frames) (20:133098)
06-18 16:14:41.149   550   550 D SFPerfTracer:        layers: (3:7) (DimLayerController/Stack=0 (0xa4f0e400): 0:3229)* (StatusBar (0xa4f10c00): 0:45668) (NavigationBar (0xa5283000): 0:19903) (com.android.systemui.ImageWallpaper (0xa52db800): 0:18652)* (Sprite (0xa4f0f800): 0:102)* (animation background stackId=1 (0xa5286c00): 0:30)* (com.fieldkit/com.fieldkit.MainActivity (0xa5285800): 20:125) 
06-18 16:14:42.277  4316  4318 E ANDR-PERF-MPCTL: Invalid profile no. 0, total profiles 0 only
06-18 16:14:42.949   550   740 I SFPerfTracer:      triggers: (rate: 0:27) (6474 sw vsyncs) (0 skipped) (143:3451464 vsyncs) (145:3468679)
06-18 16:14:42.999  4316  4318 E ANDR-PERF-MPCTL: Invalid profile no. 0, total profiles 0 only
06-18 16:14:43.457 27133 27144 I chatty  : uid=10144(com.fieldkit) expire 6 lines
06-18 16:14:43.696  4380  4391 I chatty  : uid=1000(system) Binder:4380_1 expire 10 lines
06-18 16:14:43.715  1556  3710 I chatty  : uid=1000(system) NetworkStats expire 44 lines
06-18 16:14:43.716  4380 28191 I chatty  : uid=1000(system) Binder:4380_3 expire 10 lines
06-18 16:14:43.980  4380  4397 I chatty  : uid=1000(system) Binder:4380_2 expire 14 lines
06-18 16:14:44.928   865   865 I MSM-irqbalance: Decided to move IRQ215 from CPU5 to CPU6
06-18 16:14:49.930   865   865 I MSM-irqbalance: Decided to move IRQ178 from CPU5 to CPU6
06-18 16:14:50.317  4380  4391 I chatty  : uid=1000(system) Binder:4380_1 expire 14 lines
06-18 16:14:50.340  4380 28191 I chatty  : uid=1000(system) Binder:4380_3 expire 14 lines
06-18 16:14:54.929   865   865 I MSM-irqbalance: Decided to move IRQ239 from CPU5 to CPU6
06-18 16:14:57.483   630   630 I cnss-daemon: RTM_NEWNEIGH message received: 28
06-18 16:14:57.483   630   630 E cnss-daemon: Stale or unreachable neighbors, ndm state: 16
06-18 16:14:58.075  4316  4318 E ANDR-PERF-MPCTL: Invalid profile no. 0, total profiles 0 only
06-18 16:14:58.381  4380  4397 I chatty  : uid=1000(system) Binder:4380_2 expire 10 lines
06-18 16:14:58.395  1556  3710 I chatty  : uid=1000(system) NetworkStats expire 30 lines
06-18 16:14:59.573  4380  4391 I chatty  : uid=1000(system) Binder:4380_1 expire 13 lines
06-18 16:14:59.593  4380 28191 I chatty  : uid=1000(system) Binder:4380_3 expire 12 lines
06-18 16:14:59.929   865   865 I MSM-irqbalance: Decided to move IRQ200 from CPU5 to CPU7
06-18 16:15:00.003  3774  3774 D KeyguardUpdateMonitor: received broadcast android.intent.action.TIME_TICK
06-18 16:15:00.003  3774  3774 D KeyguardUpdateMonitor: handleTimeUpdate
06-18 16:15:00.016   550   740 I SFPerfTracer:      triggers: (rate: 0:27) (6474 sw vsyncs) (0 skipped) (943:3452407 vsyncs) (945:3469625)
06-18 16:15:00.936 27133 27162 I chatty  : uid=10144(com.fieldkit) expire 26 lines
06-18 16:15:01.277 27133 27162 E AndroidRuntime: FATAL EXCEPTION: OkHttp Dispatcher
06-18 16:15:01.277 27133 27162 E AndroidRuntime: Process: com.fieldkit, PID: 27133
06-18 16:15:01.277 27133 27162 E AndroidRuntime: java.lang.OutOfMemoryError: Failed to allocate a 66256904 byte allocation with 16777216 free bytes and 45MB until OOM
06-18 16:15:01.277 27133 27162 E AndroidRuntime: 	at java.util.Arrays.copyOf(Arrays.java:3352)
06-18 16:15:01.277 27133 27162 E AndroidRuntime: 	at java.lang.AbstractStringBuilder.expandCapacity(AbstractStringBuilder.java:130)
06-18 16:15:01.277 27133 27162 E AndroidRuntime: 	at java.lang.AbstractStringBuilder.ensureCapacityInternal(AbstractStringBuilder.java:114)
06-18 16:15:01.277 27133 27162 E AndroidRuntime: 	at java.lang.AbstractStringBuilder.append(AbstractStringBuilder.java:550)
06-18 16:15:01.277 27133 27162 E AndroidRuntime: 	at java.lang.StringBuilder.append(StringBuilder.java:205)
06-18 16:15:01.277 27133 27162 E AndroidRuntime: 	at android.util.JsonReader.nextString(JsonReader.java:910)
06-18 16:15:01.277 27133 27162 E AndroidRuntime: 	at android.util.JsonReader.nextValue(JsonReader.java:708)
06-18 16:15:01.277 27133 27162 E AndroidRuntime: 	at android.util.JsonReader.objectValue(JsonReader.java:691)
06-18 16:15:01.277 27133 27162 E AndroidRuntime: 	at android.util.JsonReader.peek(JsonReader.java:347)
06-18 16:15:01.277 27133 27162 E AndroidRuntime: 	at com.facebook.react.devsupport.JSDebuggerWebSocketClient.onMessage(JSDebuggerWebSocketClient.java:187)
06-18 16:15:01.277 27133 27162 E AndroidRuntime: 	at okhttp3.internal.ws.RealWebSocket.onReadMessage(RealWebSocket.java:307)
06-18 16:15:01.277 27133 27162 E AndroidRuntime: 	at okhttp3.internal.ws.WebSocketReader.readMessageFrame(WebSocketReader.java:222)
06-18 16:15:01.277 27133 27162 E AndroidRuntime: 	at okhttp3.internal.ws.WebSocketReader.processNextFrame(WebSocketReader.java:101)
06-18 16:15:01.277 27133 27162 E AndroidRuntime: 	at okhttp3.internal.ws.RealWebSocket.loopReader(RealWebSocket.java:262)
06-18 16:15:01.277 27133 27162 E AndroidRuntime: 	at okhttp3.internal.ws.RealWebSocket$2.onResponse(RealWebSocket.java:201)
06-18 16:15:01.277 27133 27162 E AndroidRuntime: 	at okhttp3.RealCall$AsyncCall.execute(RealCall.java:135)
06-18 16:15:01.277 27133 27162 E AndroidRuntime: 	at okhttp3.internal.NamedRunnable.run(NamedRunnable.java:32)
06-18 16:15:01.277 27133 27162 E AndroidRuntime: 	at java.util.concurrent.ThreadPoolExecutor.runWorker(ThreadPoolExecutor.java:1133)
06-18 16:15:01.277 27133 27162 E AndroidRuntime: 	at java.util.concurrent.ThreadPoolExecutor$Worker.run(ThreadPoolExecutor.java:607)
06-18 16:15:01.277 27133 27162 E AndroidRuntime: 	at java.lang.Thread.run(Thread.java:761)
06-18 16:15:01.280  1556  4487 W ActivityManager:   Force finishing activity com.fieldkit/.MainActivity
06-18 16:15:01.307  1556 15255 I chatty  : uid=1000(system) Binder:1556_14 expire 6 lines
06-18 16:15:01.365  1556  3701 I chatty  : uid=1000(system) RenderThread expire 2 lines
06-18 16:15:01.774  1556  4129 D BatteryService: mLastPlugType/mPlugType:2/2
06-18 16:15:01.774  1556  4129 D BatteryService: set mLastPlugType to 2
06-18 16:15:01.775  1556  3689 D BatteryService: uevent={POWER_SUPPLY_TEMP=310, POWER_SUPPLY_STATUS=Full, POWER_SUPPLY_CAPACITY=100, ACTION=change, DEVPATH=/devices/soc.0/qpnp-smbcharger-17/power_supply/battery, POWER_SUPPLY_AGE=96, POWER_SUPPLY_VOLTAGE_MAX=4350, SUBSYSTEM=power_supply, POWER_SUPPLY_NUM_SYSTEM_TEMP_LEVELS=8, POWER_SUPPLY_VOLTAGE_MAX_DESIGN=4350000, POWER_SUPPLY_INPUT_CURRENT_MAX=1500000, POWER_SUPPLY_CHARGE_FULL=2960000, POWER_SUPPLY_NAME=battery, POWER_SUPPLY_FLASH_CURRENT_MAX=2831119, POWER_SUPPLY_HEALTH=Good, POWER_SUPPLY_CYCLE_COUNT=0, POWER_SUPPLY_TECHNOLOGY=Li-ion, POWER_SUPPLY_CHARGE_TYPE=N/A, POWER_SUPPLY_PRESENT=1, POWER_SUPPLY_CONSTANT_CHARGE_CURRENT_MAX=2500000, POWER_SUPPLY_TEMP_HOTSPOT=0, POWER_SUPPLY_INPUT_CURRENT_SETTLED=0, POWER_SUPPLY_SAFETY_TIMER_ENABLED=0, POWER_SUPPLY_FLASH_ACTIVE=0, POWER_SUPPLY_VOLTAGE_NOW=4316228, SEQNUM=194790, POWER_SUPPLY_CHARGE_FULL_DESIGN=3059000, POWER_SUPPLY_CURRENT_NOW=18920, POWER_SUPPLY_SYSTEM_TEMP_LEVEL=0, POWER_SUPPLY_CHARGE_COUNTER=3059000, POWER_SUPPLY_CHARGE_RATE=Normal, POWER_SUPPLY_CHARGING_ENABLED=1, POWER_SUPPLY_BATTERY_CHARGING_ENABLED=1}
06-18 16:15:01.776  3774  3774 D KeyguardUpdateMonitor: received broadcast android.intent.action.BATTERY_CHANGED
06-18 16:15:01.777  4380  4476 I chatty  : uid=1000(system) MainEventThread expire 3 lines
06-18 16:15:01.777  3747  3747 D VideoCall_LowBattery: BatteryIntent received: android.intent.action.BATTERY_CHANGED
06-18 16:15:01.786  3747  3747 E QtiImsExtUtils: getConfigForPhoneId subId is invalid
06-18 16:15:01.786  3747  3747 E QtiImsExtUtils: isCarrierConfigEnabled bundle is null
06-18 16:15:01.786  3747  3747 D VideoCall_LowBattery:  allowVideoCallsInLowBattery: false isCarrierOneSupported: false mIsLowbattery: false
06-18 16:15:01.790  3774  3774 D KeyguardUpdateMonitor: handleBatteryUpdate
06-18 16:15:01.792  1556  1570 W ActivityManager: Activity pause timeout for ActivityRecord{39c8715 u0 com.fieldkit/.MainActivity t391 f}
06-18 16:15:01.906 15539 15539 W SearchServiceClient: Starting with NO_SESSION handoverId is deprecated. Just don't. You will break.
06-18 16:15:01.906 15539 15539 W SearchServiceClient: com.google.android.apps.gsa.shared.util.b.e: SearchServiceClient: Starting with NO_SESSION handoverId is deprecated. Just don't. You will break.
06-18 16:15:01.906 15539 15539 W SearchServiceClient: 	at com.google.android.apps.gsa.shared.util.b.f.a(SourceFile:40)
06-18 16:15:01.906 15539 15539 W SearchServiceClient: 	at com.google.android.apps.gsa.shared.util.b.f.d(SourceFile:6)
06-18 16:15:01.906 15539 15539 W SearchServiceClient: 	at com.google.android.apps.gsa.search.shared.service.aa.a(SourceFile:110)
06-18 16:15:01.906 15539 15539 W SearchServiceClient: 	at com.google.android.apps.gsa.search.shared.service.aa.d(SourceFile:96)
06-18 16:15:01.906 15539 15539 W SearchServiceClient: 	at com.google.android.apps.gsa.nowoverlayservice.aq.a(SourceFile:15)
06-18 16:15:01.906 15539 15539 W SearchServiceClient: 	at com.google.android.libraries.gsa.f.b.n.a(SourceFile:20)
06-18 16:15:01.906 15539 15539 W SearchServiceClient: 	at com.google.android.libraries.gsa.f.b.n.handleMessage(SourceFile:25)
06-18 16:15:01.906 15539 15539 W SearchServiceClient: 	at android.os.Handler.dispatchMessage(Handler.java:98)
06-18 16:15:01.906 15539 15539 W SearchServiceClient: 	at android.os.Looper.loop(Looper.java:154)
06-18 16:15:01.906 15539 15539 W SearchServiceClient: 	at android.app.ActivityThread.main(ActivityThread.java:6123)
06-18 16:15:01.906 15539 15539 W SearchServiceClient: 	at java.lang.reflect.Method.invoke(Native Method)
06-18 16:15:01.906 15539 15539 W SearchServiceClient: 	at com.android.internal.os.ZygoteInit$MethodAndArgsCaller.run(ZygoteInit.java:867)
06-18 16:15:01.906 15539 15539 W SearchServiceClient: 	at com.android.internal.os.ZygoteInit.main(ZygoteInit.java:757)
06-18 16:15:01.944 15539 15626 W SessionLifecycleManager: Handover failed. Creating new session controller.
06-18 16:15:01.959 15539 15626 E PBSessionCacheImpl: sessionId[68342805201686426] not persisted.
06-18 16:15:01.966 15539 27024 I PBSessionCacheImpl: Deleted sessionId[68342805201686426] from persistence.
06-18 16:15:01.971 15539 27024 W ThreadPoolDumper: Queue length for executor EventBus is now 11. Perhaps some tasks are too long, or the pool is too small.
06-18 16:15:01.979 15539 15626 I OptInState: There is a new client and it does not support opt-in. Dropping request.
06-18 16:15:01.999 15539 27029 V ConnectivityManager: isActiveNetworkMetered() returns:false
06-18 16:15:02.003   550   550 I SFPerfTracer:      triggers: (rate: 19:2442) (compose: 5:326) (post: 0:0) (render: 0:305) (4:101126 frames) (5:133201)
06-18 16:15:02.003   550   550 D SFPerfTracer:        layers: (5:9) (DimLayerController/Stack=0 (0xa4f0e400): 0:3238) (StatusBar (0xa4f10c00): 5:45719) (NavigationBar (0xa5283000): 5:19943) (com.android.systemui.ImageWallpaper (0xa52db800): 5:18692)* (Sprite (0xa4f0f800): 0:102)* (animation background stackId=1 (0xa5286c00): 0:30)* (com.fieldkit/com.fieldkit.MainActivity (0xa5285800): 5:216) (Application Error: com.fieldkit (0xa4f0d000): 5:36) (com.google.android.googlequicksearchbox/com.google.android.launcher.GEL (0xa5284400): 2:2)* 
06-18 16:15:02.024 15539 15626 I MicroDetectionWorker: #startMicroDetector [speakerMode: 0]
06-18 16:15:02.027 15539 15626 I AudioController: Created new AudioSource
06-18 16:15:02.032 15539 15626 I MicroDetectionWorker: onReady
06-18 16:15:02.041 15539 27022 I MicroRecognitionRunner: Starting detection.
06-18 16:15:02.042 15539 27022 I MultipleReaderAudioSrc: Using micInputStream
06-18 16:15:02.043 15539 27026 I MicrophoneInputStream: mic_starting  SR : 16000 CC : 16 SO : 1999
06-18 16:15:02.045  1556  1565 I chatty  : uid=1000(system) HeapTaskDaemon expire 1 line
06-18 16:15:02.045   598 27365 I AudioFlinger: AudioFlinger's thread 0xa8803e00 ready to run
06-18 16:15:02.053   598 27365 D audio_hw_primary: in_set_parameters: enter: kvpairs=input_source=6;routing=-2147483644
06-18 16:15:02.054 15539 27026 I MicrophoneInputStream: mic_started  SR : 16000 CC : 16 SO : 1999
06-18 16:15:02.064   598 27365 V msm8974_platform: platform_update_usecase_from_source: input source :6
06-18 16:15:02.064   598 27365 V msm8974_platform: platform_get_input_snd_device: enter: out_device(0) in_device(0x4) channel_count (1) channel_mask (0x10)
06-18 16:15:02.064   598 27365 V msm8974_platform: platform_get_input_snd_device: exit: in_snd_device(voice-rec-mic)
06-18 16:15:02.064   598 27365 E audio_route: unable to find path 'set-capture-format-default'
06-18 16:15:02.064   598 27365 V msm8974_platform: platform_send_audio_calibration: sending audio calibration for snd_device(107) acdb_id(62)
06-18 16:15:02.064   598 27365 D ACDB-LOADER: ACDB -> send_audio_cal, acdb_id = 62, path =  1
06-18 16:15:02.064   598 27365 D ACDB-LOADER: ACDB -> send_asm_topology
06-18 16:15:02.064   598 27365 D ACDB-LOADER: ACDB -> ACDB_CMD_GET_AUDPROC_STREAM_TOPOLOGY_ID
06-18 16:15:02.064   598 27365 D ACDB-LOADER: ACDB -> send_adm_topology
06-18 16:15:02.064   598 27365 D ACDB-LOADER: ACDB -> ACDB_CMD_GET_AUDPROC_COMMON_TOPOLOGY_ID
06-18 16:15:02.064   598 27365 D ACDB-LOADER: ACDB -> send_audtable
06-18 16:15:02.064   598 27365 D ACDB-LOADER: ACDB -> ACDB_CMD_GET_AUDPROC_COMMON_TABLE_SIZE
06-18 16:15:02.064   598 27365 D         : ACDBFILE_MGR:Read the devices count as zero, please check the acdb file
06-18 16:15:02.064   598 27365 D ACDB-LOADER: ACDB -> ACDB_CMD_GET_AUDPROC_COMMON_TABLE
06-18 16:15:02.064   598 27365 D         : ACDBFILE_MGR:Read the devices count as zero, please check the acdb file
06-18 16:15:02.064   598 27365 D ACDB-LOADER: ACDB -> AUDIO_SET_AUDPROC_CAL
06-18 16:15:02.064   598 27365 D ACDB-LOADER: ACDB -> send_audvoltable
06-18 16:15:02.064   598 27365 D ACDB-LOADER: ACDB -> ACDB_CMD_GET_AUDPROC_GAIN_DEP_STEP_TABLE
06-18 16:15:02.064   598 27365 D         : ACDBFILE_MGR:Read the devices count as zero, please check the acdb file
06-18 16:15:02.064   598 27365 D         : Failed to fetch the lookup information of the device 0000003E 
06-18 16:15:02.064   598 27365 D ACDB-LOADER: ACDB -> AUDIO_SET_AUDPROC_VOL_CAL
06-18 16:15:02.064   598 27365 D ACDB-LOADER: ACDB -> send_audstrmtable
06-18 16:15:02.064   598 27365 D ACDB-LOADER: ACDB -> ACDB_CMD_GET_AUDPROC_STREAM_TABLE_V2
06-18 16:15:02.064   598 27365 D ACDB-LOADER: ACDB -> audstrm_cal->cal_type.cal_data.cal_size = 32
06-18 16:15:02.064   598 27365 D ACDB-LOADER: ACDB -> send_afe_topology
06-18 16:15:02.064   598 27365 D ACDB-LOADER: ACDB -> ACDB_CMD_GET_AFE_TOPOLOGY_ID
06-18 16:15:02.064   598 27365 D ACDB-LOADER: ACDB -> GET_AFE_TOPOLOGY_ID for adcd_id 62, Topology Id 112fb
06-18 16:15:02.064   598 27365 D ACDB-LOADER: ACDB -> send_afe_cal
06-18 16:15:02.064   598 27365 D ACDB-LOADER: ACDB -> ACDB_CMD_GET_AFE_COMMON_TABLE
06-18 16:15:02.065   598 27365 D         : ACDBFILE_MGR:Read the devices count as zero, please check the acdb file
06-18 16:15:02.065   598 27365 D         : Failed to fetch the lookup information of the device 0000003E 
06-18 16:15:02.065   598 27365 D ACDB-LOADER: ACDB -> AUDIO_SET_AFE_CAL
06-18 16:15:02.065   598 27365 D ACDB-LOADER: ACDB -> send_hw_delay : acdb_id = 62 path = 1
06-18 16:15:02.065   598 27365 D ACDB-LOADER: ACDB -> ACDB_AVSYNC_INFO: ACDB_CMD_GET_DEVICE_PROPERTY
06-18 16:15:02.065   598 27365 D audio_hw_primary: enable_snd_device: snd_device(107: voice-rec-mic)
06-18 16:15:02.069   598 27365 D audio_hw_primary: enable_audio_route: apply and update mixer path: audio-record
06-18 16:15:02.148 15539 15626 I MicroDetectionWorker: onReady
06-18 16:15:02.459  4490  4769 W OpenGLRenderer: Incorrectly called buildLayer on View: ShortcutAndWidgetContainer, destroying layer...
06-18 16:15:03.064  4316  4318 E ANDR-PERF-MPCTL: Invalid profile no. 0, total profiles 0 only
06-18 16:15:03.161  1556  4487 W ActivityManager:   Force finishing activity com.fieldkit/.MainActivity
06-18 16:15:03.162  1556  4487 I WindowManager: Destroying surface Surface(name=com.fieldkit/com.fieldkit.MainActivity) called by com.android.server.wm.WindowStateAnimator.destroySurface:2069 com.android.server.wm.WindowStateAnimator.destroySurfaceLocked:897 com.android.server.wm.WindowState.removeLocked:1464 com.android.server.wm.WindowManagerService.removeWindowInnerLocked:2537 com.android.server.wm.WindowManagerService.removeWindowLocked:2495 com.android.server.wm.WindowManagerService.removeWindowLocked:2364 com.android.server.wm.AppWindowToken.removeAllWindows:530 com.android.server.wm.AppWindowToken.removeAppFromTaskLocked:326 
06-18 16:15:03.195  1556  4487 I ActivityManager: Killing 27133:com.fieldkit/u0a144 (adj 900): crash
06-18 16:15:03.197  1556  4487 D ActivityManager: cleanUpApplicationRecord -- 27133
06-18 16:15:03.289  1556  5885 I chatty  : uid=1000(system) Binder:1556_E expire 4 lines
06-18 16:15:03.289  1556  1567 E WifiService: Multicaster binderDied
06-18 16:15:03.289  1556 15255 D ConnectivityService: ConnectivityService NetworkRequestInfo binderDied(NetworkRequest [ id=782, legacyType=-1, [ Capabilities: INTERNET&NOT_RESTRICTED&TRUSTED&NOT_VPN] ], android.os.BinderProxy@ac63eac)
06-18 16:15:03.290  1556  3724 D ConnectivityService: releasing NetworkRequest NetworkRequest [ id=782, legacyType=-1, [ Capabilities: INTERNET&NOT_RESTRICTED&TRUSTED&NOT_VPN] ]
06-18 16:15:03.290  1556  3687 I chatty  : uid=1000(system) SensorEventAckR expire 1 line
06-18 16:15:03.291  1556  3724 E ConnectivityService: RemoteException caught trying to send a callback msg for NetworkRequest [ id=782, legacyType=-1, [ Capabilities: INTERNET&NOT_RESTRICTED&TRUSTED&NOT_VPN] ]
06-18 16:15:03.368  1556  1577 I WindowManager: Destroying surface Surface(name=Application Error: com.fieldkit) called by com.android.server.wm.WindowStateAnimator.destroySurface:2069 com.android.server.wm.WindowStateAnimator.destroySurfaceLocked:897 com.android.server.wm.WindowState.destroyOrSaveSurface:2121 com.android.server.wm.WindowSurfacePlacer.performSurfacePlacementInner:433 com.android.server.wm.WindowSurfacePlacer.performSurfacePlacementLoop:234 com.android.server.wm.WindowSurfacePlacer.performSurfacePlacement:182 com.android.server.wm.WindowManagerService$H.handleMessage:8198 android.os.Handler.dispatchMessage:102 
06-18 16:15:03.370  1556  1577 W AppOps  : Finishing op nesting under-run: uid 1000 pkg android code 24 time=0 duration=0 nesting=0
06-18 16:15:04.711  1556  3689 D BatteryService: uevent={POWER_SUPPLY_TEMP=310, POWER_SUPPLY_STATUS=Full, POWER_SUPPLY_CAPACITY=100, ACTION=change, DEVPATH=/devices/soc.0/qpnp-smbcharger-17/power_supply/battery, POWER_SUPPLY_AGE=96, POWER_SUPPLY_VOLTAGE_MAX=4350, SUBSYSTEM=power_supply, POWER_SUPPLY_NUM_SYSTEM_TEMP_LEVELS=8, POWER_SUPPLY_VOLTAGE_MAX_DESIGN=4350000, POWER_SUPPLY_INPUT_CURRENT_MAX=1500000, POWER_SUPPLY_CHARGE_FULL=2960000, POWER_SUPPLY_NAME=battery, POWER_SUPPLY_FLASH_CURRENT_MAX=2867519, POWER_SUPPLY_HEALTH=Good, POWER_SUPPLY_CYCLE_COUNT=0, POWER_SUPPLY_TECHNOLOGY=Li-ion, POWER_SUPPLY_CHARGE_TYPE=N/A, POWER_SUPPLY_PRESENT=1, POWER_SUPPLY_CONSTANT_CHARGE_CURRENT_MAX=2500000, POWER_SUPPLY_TEMP_HOTSPOT=0, POWER_SUPPLY_INPUT_CURRENT_SETTLED=0, POWER_SUPPLY_SAFETY_TIMER_ENABLED=0, POWER_SUPPLY_FLASH_ACTIVE=0, POWER_SUPPLY_VOLTAGE_NOW=4316228, SEQNUM=194792, POWER_SUPPLY_CHARGE_FULL_DESIGN=3059000, POWER_SUPPLY_CURRENT_NOW=18920, POWER_SUPPLY_SYSTEM_TEMP_LEVEL=0, POWER_SUPPLY_CHARGE_COUNTER=3059000, POWER_SUPPLY_CHARGE_RATE=Normal, POWER_SUPPLY_CHARGING_ENABLED=1, POWER_SUPPLY_BATTERY_CHARGING_ENABLED=1}
06-18 16:15:04.928   865   865 I MSM-irqbalance: Decided to move IRQ174 from CPU5 to CPU6
06-18 16:15:06.365   630   630 I cnss-daemon: RTM_NEWNEIGH message received: 28
06-18 16:15:06.365   630   630 E cnss-daemon: Stale or unreachable neighbors, ndm state: 4
06-18 16:15:08.384  1556  4496 I ActivityManager: Killing 25787:com.google.android.calendar/u0a68 (adj 906): empty #13
06-18 16:15:08.446  1556  3880 D ActivityManager: cleanUpApplicationRecord -- 25787
06-18 16:15:15.190   865   865 I MSM-irqbalance: Decided to move IRQ200 from CPU5 to CPU4
06-18 16:15:28.193  1556  3689 D BatteryService: uevent={POWER_SUPPLY_TEMP=312, POWER_SUPPLY_STATUS=Full, POWER_SUPPLY_CAPACITY=100, ACTION=change, DEVPATH=/devices/soc.0/qpnp-smbcharger-17/power_supply/battery, POWER_SUPPLY_AGE=96, POWER_SUPPLY_VOLTAGE_MAX=4350, SUBSYSTEM=power_supply, POWER_SUPPLY_NUM_SYSTEM_TEMP_LEVELS=8, POWER_SUPPLY_VOLTAGE_MAX_DESIGN=4350000, POWER_SUPPLY_INPUT_CURRENT_MAX=1500000, POWER_SUPPLY_CHARGE_FULL=2960000, POWER_SUPPLY_NAME=battery, POWER_SUPPLY_FLASH_CURRENT_MAX=2849815, POWER_SUPPLY_HEALTH=Good, POWER_SUPPLY_CYCLE_COUNT=0, POWER_SUPPLY_TECHNOLOGY=Li-ion, POWER_SUPPLY_CHARGE_TYPE=N/A, POWER_SUPPLY_PRESENT=1, POWER_SUPPLY_CONSTANT_CHARGE_CURRENT_MAX=2500000, POWER_SUPPLY_TEMP_HOTSPOT=0, POWER_SUPPLY_INPUT_CURRENT_SETTLED=0, POWER_SUPPLY_SAFETY_TIMER_ENABLED=0, POWER_SUPPLY_FLASH_ACTIVE=0, POWER_SUPPLY_VOLTAGE_NOW=4320043, SEQNUM=194794, POWER_SUPPLY_CHARGE_FULL_DESIGN=3059000, POWER_SUPPLY_CURRENT_NOW=152, POWER_SUPPLY_SYSTEM_TEMP_LEVEL=0, POWER_SUPPLY_CHARGE_COUNTER=3059000, POWER_SUPPLY_CHARGE_RATE=Normal, POWER_SUPPLY_CHARGING_ENABLED=1, POWER_SUPPLY_BATTERY_CHARGING_ENABLED=1}
06-18 16:15:28.195  1556  4419 D BatteryService: mLastPlugType/mPlugType:2/2
06-18 16:15:28.195  1556  4419 D BatteryService: set mLastPlugType to 2
06-18 16:15:28.197  3774  3774 D KeyguardUpdateMonitor: received broadcast android.intent.action.BATTERY_CHANGED
06-18 16:15:28.199  3747  3747 D VideoCall_LowBattery: BatteryIntent received: android.intent.action.BATTERY_CHANGED
06-18 16:15:28.202  3774  3774 D KeyguardUpdateMonitor: handleBatteryUpdate
06-18 16:15:28.202  3747  3747 E QtiImsExtUtils: getConfigForPhoneId subId is invalid
06-18 16:15:28.202  3747  3747 E QtiImsExtUtils: isCarrierConfigEnabled bundle is null
06-18 16:15:28.202  3747  3747 D VideoCall_LowBattery:  allowVideoCallsInLowBattery: false isCarrierOneSupported: false mIsLowbattery: false
06-18 16:15:30.229   865   865 I MSM-irqbalance: Decided to move IRQ222 from CPU5 to CPU4
06-18 16:15:32.807 27370 27370 E ExtendedServiceUtils: Failed to load libdashplayer.so : dlopen failed: library "libdashplayer.so" not found
06-18 16:15:32.811 27370 27370 D AndroidRuntime: >>>>>> START com.android.internal.os.RuntimeInit uid 2000 <<<<<<
06-18 16:15:32.816 27370 27370 D AndroidRuntime: CheckJNI is OFF
06-18 16:15:32.881 27370 27370 D ICU     : No timezone override file found: /data/misc/zoneinfo/current/icu/icu_tzdata.dat
06-18 16:15:32.915 27370 27370 I Radio-JNI: register_android_hardware_Radio DONE
06-18 16:15:32.932 27370 27370 D AndroidRuntime: Calling main entry com.android.commands.am.Am
06-18 16:15:32.943 27370 27370 D AndroidRuntime: Shutting down VM
06-18 16:15:36.544 27384 27384 E ExtendedServiceUtils: Failed to load libdashplayer.so : dlopen failed: library "libdashplayer.so" not found
06-18 16:15:36.548 27384 27384 D AndroidRuntime: >>>>>> START com.android.internal.os.RuntimeInit uid 2000 <<<<<<
06-18 16:15:36.553 27384 27384 D AndroidRuntime: CheckJNI is OFF
06-18 16:15:36.617 27384 27384 D ICU     : No timezone override file found: /data/misc/zoneinfo/current/icu/icu_tzdata.dat
06-18 16:15:36.649 27384 27384 I Radio-JNI: register_android_hardware_Radio DONE
06-18 16:15:36.666 27384 27384 D AndroidRuntime: Calling main entry com.android.commands.pm.Pm
06-18 16:15:36.688   614   614 I         : free_cache(26468624) avail 8817512448
06-18 16:15:38.024 21227 21227 I Finsky  : [1] uwo.a(6): Verification requested, id = 61
06-18 16:15:38.031 21227 21227 E Finsky  : [1] vhp.a(2): Package name null is not an installed package
06-18 16:15:38.039 21227 21269 I Finsky  : [3120] vcd.c(1): Skipping verification. Disabled by user setting
06-18 16:15:38.039 21227 21269 I Finsky  : [3120] vcd.c(1): Skipping anti malware verification due to pre-check failure
06-18 16:15:38.043 21227 21269 I Finsky  : [3120] vhp.c(2): PSIC verification started with installer uid: 2000 package name: null, originating uid: -1
06-18 16:15:38.051 21227 21227 I Finsky  : [1] vea.c(3): Verifying id=61, result=1
06-18 16:15:38.053 21227 21227 I Finsky  : [1] vea.b(6): Verification complete: id=61, package_name=com.fieldkit
06-18 16:15:38.127  1556  1592 I chatty  : uid=1000(system) PackageManager expire 3 lines
06-18 16:15:38.173 27399 27399 I dex2oat : Adjusted thread count (for runtime dex2oat): 4, 4
06-18 16:15:38.173 27399 27399 I dex2oat : /system/bin/dex2oat --compiler-filter=interpret-only --debuggable
06-18 16:15:38.868 27399 27402 W dex2oat : Before Android 4.1, method int android.support.v7.widget.DropDownListView.lookForSelectablePosition(int, boolean) would have incorrectly overridden the package-private method in android.widget.ListView
06-18 16:15:38.945 27399 27402 W dex2oat : Before Android 4.1, method int android.support.v7.widget.MenuPopupWindow$MenuDropDownListView.lookForSelectablePosition(int, boolean) would have incorrectly overridden the package-private method in android.widget.ListView
06-18 16:15:38.972 27399 27402 W dex2oat : Before Android 4.1, method com.mapbox.mapboxsdk.maps.MapboxMap com.mapbox.rctmgl.components.mapview.RCTMGLMapView.getMapboxMap() would have incorrectly overridden the package-private method in com.mapbox.mapboxsdk.maps.MapView
06-18 16:15:38.980 27399 27402 W dex2oat : Before Android 4.1, method android.graphics.PorterDuffColorFilter android.support.graphics.drawable.VectorDrawableCompat.updateTintFilter(android.graphics.PorterDuffColorFilter, android.content.res.ColorStateList, android.graphics.PorterDuff$Mode) would have incorrectly overridden the package-private method in android.graphics.drawable.Drawable
06-18 16:15:39.937 27399 27399 I dex2oat : dex2oat took 1.765s (threads: 4) arena alloc=4KB (4416B) java alloc=5MB (6204784B) native alloc=9MB (9579256B) free=2MB (3134728B)
06-18 16:15:39.958  1556  1570 I ActivityManager: Force stopping com.fieldkit appid=10144 user=-1: installPackageLI
06-18 16:15:39.958  1556  1570 I ActivityManager: Killing 27190:com.fieldkit:lost/u0a144 (adj 900): stop com.fieldkit
06-18 16:15:39.958  1556  1570 D ActivityManager: cleanUpApplicationRecord -- 27190
06-18 16:15:40.093  1556  1592 I PackageManager: Package com.fieldkit codePath changed from /data/app/com.fieldkit-2 to /data/app/com.fieldkit-1; Retaining data and using new
06-18 16:15:40.094  1556  1592 W PackageManager: Code path for com.fieldkit changing from /data/app/com.fieldkit-2 to /data/app/com.fieldkit-1
06-18 16:15:40.094  1556  1592 W PackageManager: Resource path for com.fieldkit changing from /data/app/com.fieldkit-2 to /data/app/com.fieldkit-1
06-18 16:15:40.227  1556  1592 W PackageManager: Unknown permission android.permission.ACCESS_COURSE_LOCATION in package com.fieldkit
06-18 16:15:40.228   865   865 I MSM-irqbalance: Decided to move IRQ65 from CPU5 to CPU4
06-18 16:15:40.569   614   614 E         : Couldn't opendir /data/app/vmdl1397553336.tmp: No such file or directory
06-18 16:15:40.570  1556  1592 I ActivityManager: Force stopping com.fieldkit appid=10144 user=0: pkg removed
06-18 16:15:40.588 27384 27384 I art     : System.exit called, status: 0
06-18 16:15:40.588 27384 27384 I AndroidRuntime: VM exiting with result code 0.
06-18 16:15:40.622 26108 26108 W ContextImpl: Calling a method in the system process without a qualified user: android.app.ContextImpl.startService:1385 android.content.ContextWrapper.startService:613 android.content.ContextWrapper.startService:613 com.android.keychain.KeyChainBroadcastReceiver.onReceive:12 android.app.ActivityThread.handleReceiver:3032 
06-18 16:15:40.634  1556  3695 I chatty  : uid=1000(system) InputReader expire 2 lines
06-18 16:15:40.648 21227 21227 I Finsky  : [1] com.google.android.finsky.packagemanager.impl.PackageMonitorReceiverImpl.a(4): PackageMonitor received: android.intent.action.PACKAGE_REMOVED
06-18 16:15:40.658 21227 21227 I Finsky  : [1] nlv.b(2): Frosting ID looked up on UI thread. Caller should move to a background thread.
06-18 16:15:40.672 21227 21227 I Finsky  : [1] khj.a(267): Installer: found apps to install. apps=[]
06-18 16:15:40.704  3747  3747 D CarrierSvcBindHelper: No carrier app for: 0
06-18 16:15:40.705  3747  3747 D CarrierSvcBindHelper: No carrier app for: 0
06-18 16:15:40.706  3747  3747 D CarrierConfigLoader: mHandler: 9 phoneId: 0
06-18 16:15:40.719 21227 21227 I Finsky  : [1] com.google.android.finsky.packagemanager.impl.PackageMonitorReceiverImpl.a(4): PackageMonitor received: android.intent.action.PACKAGE_ADDED
06-18 16:15:40.721 21227 21227 I Finsky  : [1] vxb.a(11): Do not start WearSupportService due to Wear service optimization
06-18 16:15:40.727 21227 21227 I Finsky  : [1] nlv.b(2): Frosting ID looked up on UI thread. Caller should move to a background thread.
06-18 16:15:40.736 21227 27409 I Finsky  : [3222] nlu.run(-1): Wrote row to frosting DB: 1395
06-18 16:15:40.740 21227 21376 I Finsky  : [3154] ksi.b(35): No matching installs to run
06-18 16:15:40.742  4329 27416 I AppsUpload: Received intent with action android.intent.action.PACKAGE_REMOVED
06-18 16:15:40.744  1556  1569 I chatty  : uid=1000(system) android.bg expire 7 lines
06-18 16:15:40.794  4329 27417 I Auth    : [SupervisedAccountIntentOperation] onHandleIntent(): android.intent.action.PACKAGE_ADDED
06-18 16:15:40.794  4329 27417 I Auth    : [SupervisedAccountIntentOperation] This operation is disabled
06-18 16:15:40.802  4329 27417 I ChromeSync: [Sync,SyncIntentOperation] Handling the intent: Intent { act=android.intent.action.PACKAGE_ADDED dat=package:com.fieldkit flg=0x4000010 cmp=com.google.android.gms/.chimera.GmsIntentOperationService (has extras) }.
06-18 16:15:40.810 21227 27409 I Finsky  : [3222] nlu.run(-1): Wrote row to frosting DB: 1396
06-18 16:15:40.814  4329 27417 I AppsUpload: Received intent with action android.intent.action.PACKAGE_ADDED
06-18 16:15:40.908 21227 27398 V ConnectivityManager: isActiveNetworkMetered() returns:false
06-18 16:15:40.934  4329  5069 I Icing   : IndexChimeraService.getServiceInterface callingPackage=com.google.android.gms componentName=AppsCorpus serviceId=SEARCH_CORPORA
06-18 16:15:40.938  4329 24666 I Icing   : IndexChimeraService.getServiceInterface callingPackage=com.google.android.gms componentName=AppsCorpus serviceId=SEARCH_QUERIES
06-18 16:15:40.938 21227 21227 I Finsky  : [1] qah.b(7): Jobs in database: 1-1337 10-1 10-3 10-4 10-6 10-7 10-8 10-10 10-11 10-12 10-14 10-15 10-16 10-18 10-20 10-22 10-24 10-25 10-26 10-27 10-28 10-29 10-30 10-31 10-33 10-35 10-36 10-38 10-39 10-40 10-41 10-42 10-44 10-46 10-47 10-48 10-50 10-54 10-55 10-56 10-57 10-61 10-64 12-1 26-1414141414 
06-18 16:15:40.964 21227 21227 I Finsky  : [1] pxo.a(113): ConstraintMapping: 10-15, 10-46, 10-39, 10-54, 10-50, 10-1, 10-8, 10-22, 10-36, 10-31, 10-61, 10-35, 10-64, 10-25, 10-20, 10-29, 10-10, 10-24, 10-3, 10-28, 10-11, 10-41, 10-40, 10-18, 10-27, 10-30, 12-1, 10-7, 10-4, 10-6, 10-38, 10-47, 10-26, 1-1337, 10-56, 10-44, 10-55, 10-12, 10-57, 10-33, 10-48, 10-42, 10-16, 10-14,  -> L: 14713ms, D: 62553259ms, C: false, I: false, N: 1
06-18 16:15:40.965 21227 21227 I Finsky  : [1] pxo.a(113): ConstraintMapping: 26-1414141414,  -> L: 13757934ms, D: 14657934ms, C: false, I: false, N: 0
06-18 16:15:40.966 21227 21227 I Finsky  : [1] com.google.android.finsky.scheduler.JobSchedulerEngine.a(42): Cancelling existing job with id: 9000
06-18 16:15:40.970 21227 21227 I Finsky  : [1] com.google.android.finsky.scheduler.JobSchedulerEngine.a(42): Cancelling existing job with id: 9001
06-18 16:15:40.974 21227 21227 I Finsky  : [1] com.google.android.finsky.scheduler.JobSchedulerEngine.a(4): Scheduling job Id: 9002, L: 14713, D: 62553259, C: false, I: false, N: 1
06-18 16:15:40.979 21227 21227 I Finsky  : [1] com.google.android.finsky.scheduler.JobSchedulerEngine.a(4): Scheduling job Id: 9003, L: 13757934, D: 14657934, C: false, I: false, N: 0
06-18 16:15:40.996  4329 27423 I FontsPackageChangeOp: Package com.fieldkit has no metadata
06-18 16:15:40.997  4329 27417 I AppsUpload: Received intent with action android.intent.action.PACKAGE_REPLACED
06-18 16:15:41.004  4329 27427 W PeopleContactsSync: CP2 sync disabled by gservices.
06-18 16:15:41.006  3923  4775 V ConnectivityManager: isActiveNetworkMetered() returns:false
06-18 16:15:41.118  4329 25520 I Icing   : Usage reports ok 1, Failed Usage reports 0, indexed 0, rejected 0
06-18 16:15:41.128  4329 25520 I Icing   : Usage reports ok 0, Failed Usage reports 0, indexed 0, rejected 0
06-18 16:15:41.192  4329 24666 I Icing   : IndexChimeraService.getServiceInterface callingPackage=com.google.android.gms componentName=AppsCorpus serviceId=SEARCH_CORPORA
06-18 16:15:41.193  4329  5079 I Icing   : IndexChimeraService.getServiceInterface callingPackage=com.google.android.gms componentName=AppsCorpus serviceId=SEARCH_QUERIES
06-18 16:15:41.207  4329 27434 I Icing   : Usage reports ok 0, Failed Usage reports 0, indexed 0, rejected 0
06-18 16:15:41.217  4329 27434 I Icing   : Usage reports ok 0, Failed Usage reports 0, indexed 0, rejected 0
06-18 16:15:41.249   550   740 I SFPerfTracer:      triggers: (rate: 0:27) (6474 sw vsyncs) (0 skipped) (0:3452484 vsyncs) (1:3469726)
06-18 16:15:42.024 27440 27440 E ExtendedServiceUtils: Failed to load libdashplayer.so : dlopen failed: library "libdashplayer.so" not found
06-18 16:15:42.029 27440 27440 D AndroidRuntime: >>>>>> START com.android.internal.os.RuntimeInit uid 2000 <<<<<<
06-18 16:15:42.033 27440 27440 D AndroidRuntime: CheckJNI is OFF
06-18 16:15:42.097 27440 27440 D ICU     : No timezone override file found: /data/misc/zoneinfo/current/icu/icu_tzdata.dat
06-18 16:15:42.130 27440 27440 I Radio-JNI: register_android_hardware_Radio DONE
06-18 16:15:42.137  4329 24311 I Icing   : Indexing com.google.android.gms-apps from com.google.android.gms
06-18 16:15:42.147 27440 27440 D AndroidRuntime: Calling main entry com.android.commands.am.Am
06-18 16:15:42.184  4316  4318 E ANDR-PERF-MPCTL: Invalid profile no. 0, total profiles 0 only
06-18 16:15:42.184   579   690 I ThermalEngine: Thermal-Server: Thermal received msg from  override
06-18 16:15:42.184   579   690 E ThermalEngine: override_notify: SS mode 1 override
06-18 16:15:42.185  1556  4489 I ActivityManager: START u0 {flg=0x10000000 cmp=com.fieldkit/.MainActivity} from uid 2000 on display 0
06-18 16:15:42.185  4316 27451 I Thermal-Lib: Thermal-Lib-Client: Client request sent
06-18 16:15:42.198 27440 27440 D AndroidRuntime: Shutting down VM
06-18 16:15:42.215  1556  4129 I ActivityManager: Start proc 27452:com.fieldkit/u0a144 for activity com.fieldkit/.MainActivity
06-18 16:15:42.221 27452 27452 I chatty  : uid=10144(com.fieldkit) expire 50 lines
06-18 16:15:42.303  4329 24311 I Icing   : Indexing com.google.android.gms-internal.3p:MobileApplication from com.google.android.gms
06-18 16:15:42.321 15539 27024 I PBSessionCacheImpl: Deleted sessionId[68342805201686426] from persistence.
06-18 16:15:42.334 15539 15626 W SearchServiceCore: Abort, client detached.
06-18 16:15:42.336 15539 15626 I MicroDetector: Keeping mic open: false
06-18 16:15:42.336 15539 27029 I DeviceStateChecker: DeviceStateChecker cancelled
06-18 16:15:42.337 15539 27024 I AudioController: internalShutdown
06-18 16:15:42.337 15539 27027 I MicroRecognitionRunner: Stopping hotword detection.
06-18 16:15:42.337 15539 27026 E AudioRecord-JNI: Error -4 during AudioRecord native read
06-18 16:15:42.341  4329 24311 I Icing   : Indexing done com.google.android.gms-apps
06-18 16:15:42.349  4329 24311 I Icing   : Indexing done com.google.android.gms-internal.3p:MobileApplication
06-18 16:15:42.350  4329 24311 I Icing   : Indexing com.google.android.gms-internal.3p:Photograph from com.google.android.gms
06-18 16:15:42.352   598 27365 D audio_hw_primary: in_set_parameters: enter: kvpairs=routing=0
06-18 16:15:42.366  4329 24311 I Icing   : Indexing com.google.android.gms-internal.3p:MusicRecording from com.google.android.gms
06-18 16:15:42.382  4329 24311 I Icing   : Indexing done com.google.android.gms-internal.3p:Photograph
06-18 16:15:42.392  4329 24311 I Icing   : Indexing done com.google.android.gms-internal.3p:MusicRecording
06-18 16:15:42.405   598 27365 D audio_hw_primary: disable_audio_route: reset and update mixer path: audio-record
06-18 16:15:42.406   598 27365 D audio_hw_primary: disable_snd_device: snd_device(107: voice-rec-mic)
06-18 16:15:42.409 15539 27024 I MicrophoneInputStream: mic_close  SR : 16000 CC : 16 SO : 1999
06-18 16:15:42.409 15539 27024 E AudioSource: Stop listening is called on already closed AudioSource
06-18 16:15:42.411 15539 27022 I MicroRecognitionRunner: Detection finished
06-18 16:15:42.481  1556  4129 I chatty  : uid=1000(system) Binder:1556_6 expire 5 lines
06-18 16:15:42.524 27452 27475 I chatty  : uid=10144(com.fieldkit) expire 1 line
06-18 16:15:42.557 27452 27481 I chatty  : uid=10144(com.fieldkit) expire 100 lines
06-18 16:15:42.597 27452 27480 I chatty  : uid=10144(com.fieldkit) expire 3 lines
06-18 16:15:42.617  1556  4419 I chatty  : uid=1000(system) Binder:1556_7 expire 1 line
06-18 16:15:42.693  1556 15256 I WindowManager: Destroying surface Surface(name=PopupWindow:e80fb27) called by com.android.server.wm.WindowStateAnimator.destroySurface:2069 com.android.server.wm.WindowStateAnimator.destroySurfaceLocked:897 com.android.server.wm.WindowState.removeLocked:1464 com.android.server.wm.WindowManagerService.removeWindowInnerLocked:2537 com.android.server.wm.WindowManagerService.removeWindowLocked:2495 com.android.server.wm.WindowManagerService.removeWindowLocked:2364 com.android.server.wm.WindowManagerService.removeWindow:2355 com.android.server.wm.Session.remove:202 
06-18 16:15:42.701  1556  1577 I LaunchCheckinHandler: Displayed com.fieldkit/.MainActivity,cp,ca,501
06-18 16:15:42.701  1556  1577 I chatty  : uid=1000(system) android.display expire 1 line
06-18 16:15:42.732  1556   611 I WindowManager: Destroying surface Surface(name=com.google.android.googlequicksearchbox/com.google.android.launcher.GEL) called by com.android.server.wm.WindowStateAnimator.destroySurface:2069 com.android.server.wm.WindowStateAnimator.destroySurfaceLocked:897 com.android.server.wm.WindowState.destroyOrSaveSurface:2121 com.android.server.wm.AppWindowToken.destroySurfaces:363 com.android.server.wm.AppWindowToken.notifyAppStopped:389 com.android.server.wm.WindowManagerService.notifyAppStopped:4524 com.android.server.am.ActivityStack.activityStoppedLocked:1267 com.android.server.am.ActivityManagerService.activityStopped:7172 
06-18 16:15:42.880  1556  1577 I WindowManager: Destroying surface Surface(name=Starting com.fieldkit) called by com.android.server.wm.WindowStateAnimator.destroySurface:2069 com.android.server.wm.WindowStateAnimator.destroySurfaceLocked:897 com.android.server.wm.WindowState.destroyOrSaveSurface:2121 com.android.server.wm.AppWindowToken.destroySurfaces:363 com.android.server.wm.WindowStateAnimator.finishExit:575 com.android.server.wm.WindowStateAnimator.stepAnimationLocked:501 com.android.server.wm.WindowAnimator.updateWindowsLocked:303 com.android.server.wm.WindowAnimator.animateLocked:704 
06-18 16:15:42.880   550   550 I SFPerfTracer:      triggers: (rate: 19:2442) (compose: 5:326) (post: 0:0) (render: 0:305) (7:101197 frames) (8:133303)
06-18 16:15:42.880   550   550 D SFPerfTracer:        layers: (4:12) (DimLayerController/Stack=0 (0xa4f0e400): 0:3251)* (StatusBar (0xa4f10c00): 8:45814) (NavigationBar (0xa5283000): 8:20030) (com.android.systemui.ImageWallpaper (0xa52db800): 8:18779)* (Sprite (0xa4f0f800): 0:102)* (animation background stackId=1 (0xa5286c00): 0:32)* (com.fieldkit/com.fieldkit.MainActivity (0xa5285800): 0:246)- (Application Error: com.fieldkit (0xa4f0d000): 0:84)- (com.google.android.googlequicksearchbox/com.google.android.launcher.GEL (0xa5284400): 0:82)- (Starting com.fieldkit (0xa4f0d000): 8:38) (com.fieldkit/com.fieldkit.MainActivity (0xa5285800): 8:18) (PopupWindow:e80fb27 (0xa52d9000): 0:1)- 
06-18 16:15:42.973 27452 27493 I chatty  : uid=10144(com.fieldkit) expire 13 lines
06-18 16:15:42.988  1556  4128 D ConnectivityService: requestNetwork for Track default from uid/pid:10144/27452 for NetworkRequest [ id=783, legacyType=-1, [ Capabilities: INTERNET&NOT_RESTRICTED&TRUSTED&NOT_VPN] ]
06-18 16:15:42.989  1556  3718 I chatty  : uid=1000(system) WifiStateMachin expire 2 lines
06-18 16:15:42.990  1556  3737 I chatty  : uid=1000(system) EthernetService expire 1 line
06-18 16:15:42.990  3747  3747 D PhoneSwitcherNetworkRequstListener: got request NetworkRequest [ id=783, legacyType=-1, [ Capabilities: INTERNET&NOT_RESTRICTED&TRUSTED&NOT_VPN] ] with score 60
06-18 16:15:44.335  1556  4489 D BatteryService: mLastPlugType/mPlugType:2/2
06-18 16:15:44.335  1556  4489 D BatteryService: set mLastPlugType to 2
06-18 16:15:44.336  1556  3689 D BatteryService: uevent={POWER_SUPPLY_TEMP=310, POWER_SUPPLY_STATUS=Full, POWER_SUPPLY_CAPACITY=100, ACTION=change, DEVPATH=/devices/soc.0/qpnp-smbcharger-17/power_supply/battery, POWER_SUPPLY_AGE=96, POWER_SUPPLY_VOLTAGE_MAX=4350, SUBSYSTEM=power_supply, POWER_SUPPLY_NUM_SYSTEM_TEMP_LEVELS=8, POWER_SUPPLY_VOLTAGE_MAX_DESIGN=4350000, POWER_SUPPLY_INPUT_CURRENT_MAX=1500000, POWER_SUPPLY_CHARGE_FULL=2960000, POWER_SUPPLY_NAME=battery, POWER_SUPPLY_FLASH_CURRENT_MAX=2849815, POWER_SUPPLY_HEALTH=Good, POWER_SUPPLY_CYCLE_COUNT=0, POWER_SUPPLY_TECHNOLOGY=Li-ion, POWER_SUPPLY_CHARGE_TYPE=N/A, POWER_SUPPLY_PRESENT=1, POWER_SUPPLY_CONSTANT_CHARGE_CURRENT_MAX=2500000, POWER_SUPPLY_TEMP_HOTSPOT=0, POWER_SUPPLY_INPUT_CURRENT_SETTLED=0, POWER_SUPPLY_SAFETY_TIMER_ENABLED=0, POWER_SUPPLY_FLASH_ACTIVE=0, POWER_SUPPLY_VOLTAGE_NOW=4320043, SEQNUM=194797, POWER_SUPPLY_CHARGE_FULL_DESIGN=3059000, POWER_SUPPLY_CURRENT_NOW=152, POWER_SUPPLY_SYSTEM_TEMP_LEVEL=0, POWER_SUPPLY_CHARGE_COUNTER=3059000, POWER_SUPPLY_CHARGE_RATE=Normal, POWER_SUPPLY_CHARGING_ENABLED=1, POWER_SUPPLY_BATTERY_CHARGING_ENABLED=1}
06-18 16:15:44.337  3774  3774 D KeyguardUpdateMonitor: received broadcast android.intent.action.BATTERY_CHANGED
06-18 16:15:44.338  3747  3747 D VideoCall_LowBattery: BatteryIntent received: android.intent.action.BATTERY_CHANGED
06-18 16:15:44.340  3747  3747 E QtiImsExtUtils: getConfigForPhoneId subId is invalid
06-18 16:15:44.340  3747  3747 E QtiImsExtUtils: isCarrierConfigEnabled bundle is null
06-18 16:15:44.340  3747  3747 D VideoCall_LowBattery:  allowVideoCallsInLowBattery: false isCarrierOneSupported: false mIsLowbattery: false
06-18 16:15:44.341  3774  3774 D KeyguardUpdateMonitor: handleBatteryUpdate
06-18 16:15:45.187   579   690 I ThermalEngine: Thermal-Server: Thermal received msg from  override
06-18 16:15:45.187   579   690 E ThermalEngine: override_notify: SS mode 0 override
06-18 16:15:45.187  4316 27498 I Thermal-Lib: Thermal-Lib-Client: Client request sent
06-18 16:15:45.230   865   865 I MSM-irqbalance: Decided to move IRQ215 from CPU6 to CPU4
06-18 16:15:45.751   630   630 I cnss-daemon: RTM_NEWNEIGH message received: 28
06-18 16:15:45.752   630   630 I cnss-daemon: NDA_DST received: 192.168.0.1 ul: 16820416
06-18 16:15:45.752   630   630 I cnss-daemon: NDA_LLADDR received
06-18 16:15:48.532   630   630 I cnss-daemon: RTM_NEWNEIGH message received: 28
06-18 16:15:48.532   630   630 E cnss-daemon: Stale or unreachable neighbors, ndm state: 4
06-18 16:15:50.374  1556 15255 I ActivityManager: Start proc 27511:com.fieldkit:lost/u0a144 for service com.fieldkit/com.mapzen.android.lost.internal.FusedLocationProviderService
06-18 16:15:50.379 27511 27511 I chatty  : uid=10144(com.fieldkit) expire 15 lines
06-18 16:15:50.417   550   740 I SFPerfTracer:      triggers: (rate: 0:27) (6474 sw vsyncs) (0 skipped) (437:3452956 vsyncs) (439:3470206)
06-18 16:15:50.509 27452 27457 I chatty  : uid=10144(com.fieldkit) expire 8 lines
06-18 16:15:50.516 27452 27530 I chatty  : uid=10144(com.fieldkit) expire 5 lines
06-18 16:15:53.411 15539 15626 I WorkerManager: dispose()
06-18 16:15:53.411 15539 15626 W ThreadPoolDumper: Queue length for executor EventBus is now 11. Perhaps some tasks are too long, or the pool is too small.
06-18 16:15:56.105 21227 21227 I Finsky  : [1] com.google.android.finsky.scheduler.JobSchedulerEngine$PhoneskyJobSchedulerJobService.onStartJob(3): onJobSchedulerWakeup with jobId 9002
06-18 16:15:56.109 21227 21227 I Finsky  : [1] pyj.a(5): Scheduling fallback in 43199997 (absolute: 747964486)
06-18 16:15:56.115 21227 21227 I Finsky  : [1] pyj.a(5): Scheduling fallback in 64799995 (absolute: 769564489)
