06-18 13:40:00.791   550   550 D SFPerfTracer:        layers: (3:9) (DimLayerController/Stack=0 (0xa4f0e400): 0:2749)* (StatusBar (0xa4f10c00): 0:40081) (NavigationBar (0xa5283000): 0:17807) (com.android.systemui.ImageWallpaper (0xa52db800): 0:16604)* (Sprite (0xa4f0f800): 0:82)* (animation background stackId=1 (0xa5286c00): 0:18)* (com.fieldkit/com.fieldkit.MainActivity (0xa5285800): 17:1739) (PopupWindow:4b6cf1c (0xa4f0d000): 0:1)- (PopupWindow:218b87d (0xa4f0d000): 0:1)- 
06-18 13:40:03.360  1556   609 I chatty  : uid=1000(system) Binder:1556_10 expire 3 lines
06-18 13:40:27.427   550   740 I SFPerfTracer:      triggers: (rate: 0:25) (6474 sw vsyncs) (0 skipped) (1780:2908076 vsyncs) (1782:2923897)
06-18 13:40:27.599  1556 15254 I chatty  : uid=1000(system) Binder:1556_13 expire 2 lines
06-18 13:41:03.029   550   740 I SFPerfTracer:      triggers: (rate: 0:25) (6474 sw vsyncs) (0 skipped) (2105:2910181 vsyncs) (2107:2926006)
06-18 13:41:05.550   550   550 I SFPerfTracer:      triggers: (rate: 18:2097) (compose: 5:311) (post: 0:0) (render: 0:291) (20:86446 frames) (21:113891)
06-18 13:41:05.550   550   550 D SFPerfTracer:        layers: (3:9) (DimLayerController/Stack=0 (0xa4f0e400): 0:2749)* (StatusBar (0xa4f10c00): 0:40106) (NavigationBar (0xa5283000): 0:17813) (com.android.systemui.ImageWallpaper (0xa52db800): 0:16610)* (Sprite (0xa4f0f800): 0:82)* (animation background stackId=1 (0xa5286c00): 0:18)* (com.fieldkit/com.fieldkit.MainActivity (0xa5285800): 21:1837) (PopupWindow:f7a018c (0xa4f0d000): 0:1)- (PopupWindow:4d7a02d (0xa4f0d000): 0:1)- 
06-18 13:41:09.488  1556  3724 I chatty  : uid=1000(system) ConnectivitySer expire 5 lines
06-18 13:41:09.545   550   740 I SFPerfTracer:      triggers: (rate: 0:25) (6474 sw vsyncs) (0 skipped) (372:2910553 vsyncs) (374:2926382)
06-18 13:41:09.706  1556  4496 I chatty  : uid=1000(system) Binder:1556_D expire 1 line
06-18 13:41:30.890   550   740 I SFPerfTracer:      triggers: (rate: 0:25) (6474 sw vsyncs) (0 skipped) (1256:2911809 vsyncs) (1258:2927641)
06-18 13:41:33.175   550   740 I SFPerfTracer:      triggers: (rate: 0:25) (6474 sw vsyncs) (0 skipped) (122:2911932 vsyncs) (124:2927768)
06-18 13:41:33.832   550   550 I SFPerfTracer:      triggers: (rate: 18:2098) (compose: 5:311) (post: 0:0) (render: 0:291) (18:86539 frames) (19:113999)
06-18 13:41:33.833   550   550 D SFPerfTracer:        layers: (3:9) (DimLayerController/Stack=0 (0xa4f0e400): 0:2749)* (StatusBar (0xa4f10c00): 0:40118) (NavigationBar (0xa5283000): 0:17821) (com.android.systemui.ImageWallpaper (0xa52db800): 0:16618)* (Sprite (0xa4f0f800): 0:82)* (animation background stackId=1 (0xa5286c00): 0:18)* (com.fieldkit/com.fieldkit.MainActivity (0xa5285800): 19:1941) (PopupWindow:973f9ca (0xa4f0d000): 0:1)- (PopupWindow:2328400 (0xa4f0d000): 0:2)- 
06-18 13:41:50.323   550   740 I SFPerfTracer:      triggers: (rate: 0:25) (6474 sw vsyncs) (0 skipped) (1016:2912948 vsyncs) (1018:2928786)
06-18 13:41:50.469  1556  3706 I chatty  : uid=1000(system) Binder:1556_3 expire 3 lines
06-18 13:42:07.841   550   550 I SFPerfTracer:      triggers: (rate: 18:2099) (compose: 5:311) (post: 0:0) (render: 0:291) (1:86617 frames) (2:114099)
06-18 13:42:07.842   550   550 D SFPerfTracer:        layers: (3:9) (DimLayerController/Stack=0 (0xa4f0e400): 0:2749)* (StatusBar (0xa4f10c00): 1:40140) (NavigationBar (0xa5283000): 1:17825) (com.android.systemui.ImageWallpaper (0xa52db800): 1:16622)* (Sprite (0xa4f0f800): 0:82)* (animation background stackId=1 (0xa5286c00): 0:18)* (com.fieldkit/com.fieldkit.MainActivity (0xa5285800): 2:2023) (PopupWindow:1eba238 (0xa4f0d000): 0:2)- (PopupWindow:94a4370 (0xa4f0d000): 2:2)* 
06-18 13:42:07.842   550   740 I SFPerfTracer:      triggers: (rate: 0:25) (6474 sw vsyncs) (0 skipped) (1029:2913977 vsyncs) (1031:2929818)
06-18 13:42:24.049   550   740 I SFPerfTracer:      triggers: (rate: 0:25) (6474 sw vsyncs) (0 skipped) (950:2914927 vsyncs) (952:2930771)
06-18 13:42:27.713   550   550 I SFPerfTracer:      triggers: (rate: 18:2099) (compose: 5:311) (post: 0:0) (render: 0:291) (36:86729 frames) (37:114226)
06-18 13:42:27.713   550   550 D SFPerfTracer:        layers: (3:8) (DimLayerController/Stack=0 (0xa4f0e400): 0:2749)* (StatusBar (0xa4f10c00): 1:40152) (NavigationBar (0xa5283000): 0:17830) (com.android.systemui.ImageWallpaper (0xa52db800): 0:16627)* (Sprite (0xa4f0f800): 0:82)* (animation background stackId=1 (0xa5286c00): 0:18)* (com.fieldkit/com.fieldkit.MainActivity (0xa5285800): 37:2145) (PopupWindow:8df4b89 (0xa4f0d000): 0:2)- 
06-18 13:42:41.397  1556  1566 I chatty  : uid=1000(system) Binder:1556_1 expire 3 lines
06-18 13:42:54.374  1556  3724 I chatty  : uid=1000(system) ConnectivitySer expire 7 lines
06-18 13:42:54.430   550   740 I SFPerfTracer:      triggers: (rate: 0:25) (6474 sw vsyncs) (0 skipped) (1792:2916719 vsyncs) (1794:2932566)
06-18 13:42:54.436  1556  4129 I chatty  : uid=1000(system) Binder:1556_6 expire 4 lines
06-18 13:42:54.651  1556  4422 I chatty  : uid=1000(system) Binder:1556_9 expire 2 lines
06-18 13:42:55.178  1556 15257 I chatty  : uid=1000(system) Binder:1556_16 expire 4 lines
06-18 13:42:56.329  1556   611 I chatty  : uid=1000(system) Binder:1556_11 expire 7 lines
06-18 13:42:57.294  1556  4487 I chatty  : uid=1000(system) Binder:1556_A expire 3 lines
06-18 13:43:03.836  1556  3689 I chatty  : uid=1000(system) UEventObserver expire 9 lines
06-18 13:43:03.838  1556  4496 I chatty  : uid=1000(system) Binder:1556_D expire 2 lines
06-18 13:43:40.993   550   740 I SFPerfTracer:      triggers: (rate: 0:25) (6474 sw vsyncs) (0 skipped) (2754:2919474 vsyncs) (2756:2935325)
06-18 13:43:41.161  1556  3880 I chatty  : uid=1000(system) Binder:1556_4 expire 2 lines
06-18 13:43:43.860   550   550 I SFPerfTracer:      triggers: (rate: 18:2099) (compose: 5:311) (post: 0:0) (render: 0:291) (20:86810 frames) (21:114345)
06-18 13:43:43.860   550   550 D SFPerfTracer:        layers: (3:9) (DimLayerController/Stack=0 (0xa4f0e400): 0:2749)* (StatusBar (0xa4f10c00): 0:40192) (NavigationBar (0xa5283000): 0:17838) (com.android.systemui.ImageWallpaper (0xa52db800): 0:16635)* (Sprite (0xa4f0f800): 0:82)* (animation background stackId=1 (0xa5286c00): 0:18)* (com.fieldkit/com.fieldkit.MainActivity (0xa5285800): 21:2232) (PopupWindow:7ced14f (0xa4f0d000): 0:2)- (PopupWindow:c77c5fc (0xa4f0d000): 0:1)- 
06-18 13:43:55.178  1556 15256 I chatty  : uid=1000(system) Binder:1556_15 expire 5 lines
06-18 13:43:57.932  1556  1570 I chatty  : uid=1000(system) ActivityManager expire 2 lines
06-18 13:43:57.990  1556  5885 I chatty  : uid=1000(system) Binder:1556_E expire 2 lines
06-18 13:44:05.774  1556  4419 I chatty  : uid=1000(system) Binder:1556_7 expire 1 line
06-18 13:44:05.777   550   740 I SFPerfTracer:      triggers: (rate: 0:25) (6474 sw vsyncs) (0 skipped) (1460:2920934 vsyncs) (1462:2936788)
06-18 13:44:05.964  1556  4128 I chatty  : uid=1000(system) Binder:1556_5 expire 2 lines
06-18 13:44:09.910   550   550 I SFPerfTracer:      triggers: (rate: 18:2099) (compose: 5:311) (post: 0:0) (render: 0:291) (24:86892 frames) (25:114445)
06-18 13:44:09.910   550   550 D SFPerfTracer:        layers: (3:8) (DimLayerController/Stack=0 (0xa4f0e400): 0:2749)* (StatusBar (0xa4f10c00): 1:40209) (NavigationBar (0xa5283000): 0:17841) (com.android.systemui.ImageWallpaper (0xa52db800): 0:16638)* (Sprite (0xa4f0f800): 0:82)* (animation background stackId=1 (0xa5286c00): 0:18)* (com.fieldkit/com.fieldkit.MainActivity (0xa5285800): 25:2320) (PopupWindow:a388325 (0xa4f0d000): 0:1)- 
06-18 13:44:14.366   550   740 I SFPerfTracer:      triggers: (rate: 0:25) (6474 sw vsyncs) (0 skipped) (496:2921430 vsyncs) (498:2937287)
06-18 13:44:29.912   550   740 I SFPerfTracer:      triggers: (rate: 0:25) (6474 sw vsyncs) (0 skipped) (909:2922339 vsyncs) (911:2938200)
06-18 13:44:30.072  1556  4489 I chatty  : uid=1000(system) Binder:1556_B expire 3 lines
06-18 13:44:35.950   550   550 I SFPerfTracer:      triggers: (rate: 18:2099) (compose: 5:311) (post: 0:0) (render: 0:291) (36:86990 frames) (37:114564)
06-18 13:44:35.950   550   550 D SFPerfTracer:        layers: (3:10) (DimLayerController/Stack=0 (0xa4f0e400): 0:2749)* (StatusBar (0xa4f10c00): 0:40224) (NavigationBar (0xa5283000): 0:17850) (com.android.systemui.ImageWallpaper (0xa52db800): 0:16647)* (Sprite (0xa4f0f800): 0:82)* (animation background stackId=1 (0xa5286c00): 0:18)* (com.fieldkit/com.fieldkit.MainActivity (0xa5285800): 37:2433) (PopupWindow:315024b (0xa4f0d000): 0:1)- (PopupWindow:a02d1eb (0xa4f0d000): 0:1)- (PopupWindow:e661cd5 (0xa4f0d000): 0:1)- 
06-18 13:44:55.178  1556  4493 I chatty  : uid=1000(system) Binder:1556_C expire 2 lines
06-18 13:45:04.159  1556   609 I chatty  : uid=1000(system) Binder:1556_10 expire 4 lines
06-18 13:45:04.924  1556  1556 I chatty  : uid=1000 system_server expire 3 lines
06-18 13:45:04.935  1556  4323 I chatty  : uid=1000(system) backup expire 28 lines
06-18 13:45:08.537  1556  4421 I chatty  : uid=1000(system) Binder:1556_8 expire 1 line
06-18 13:46:55.178  1556 15255 I chatty  : uid=1000(system) Binder:1556_14 expire 2 lines
06-18 13:48:00.034   550   550 I SFPerfTracer:      triggers: (rate: 18:2099) (compose: 5:311) (post: 0:0) (render: 0:291) (0:87000 frames) (1:114664)
06-18 13:48:00.034   550   550 D SFPerfTracer:        layers: (3:7) (DimLayerController/Stack=0 (0xa4f0e400): 0:2749)* (StatusBar (0xa4f10c00): 1:40324) (NavigationBar (0xa5283000): 0:17850) (com.android.systemui.ImageWallpaper (0xa52db800): 0:16647)* (Sprite (0xa4f0f800): 0:82)* (animation background stackId=1 (0xa5286c00): 0:18)* (com.fieldkit/com.fieldkit.MainActivity (0xa5285800): 0:2433) 
06-18 13:52:00.840   550   550 I SFPerfTracer:      triggers: (rate: 18:2100) (compose: 5:311) (post: 0:0) (render: 0:291) (3:87015 frames) (4:114765)
06-18 13:52:00.840   550   550 D SFPerfTracer:        layers: (3:7) (DimLayerController/Stack=0 (0xa4f0e400): 0:2749)* (StatusBar (0xa4f10c00): 4:40425) (NavigationBar (0xa5283000): 0:17850) (com.android.systemui.ImageWallpaper (0xa52db800): 0:16647)* (Sprite (0xa4f0f800): 0:82)* (animation background stackId=1 (0xa5286c00): 0:18)* (com.fieldkit/com.fieldkit.MainActivity (0xa5285800): 0:2433) 
06-18 13:52:05.277  1556  3689 I chatty  : uid=1000(system) UEventObserver expire 7 lines
06-18 13:52:05.279  1556 15254 I chatty  : uid=1000(system) Binder:1556_13 expire 2 lines
06-18 13:53:05.438  1556  1567 I chatty  : uid=1000(system) Binder:1556_2 expire 2 lines
06-18 13:54:55.178  1556   745 I chatty  : uid=1000(system) Binder:1556_17 expire 2 lines
06-18 13:54:57.248  1556  1573 I chatty  : uid=1000(system) batterystats-sy expire 4 lines
06-18 13:55:00.181   550   550 I SFPerfTracer:      triggers: (rate: 18:2100) (compose: 5:311) (post: 0:0) (render: 0:291) (3:87024 frames) (4:114865)
06-18 13:55:00.181   550   550 D SFPerfTracer:        layers: (3:7) (DimLayerController/Stack=0 (0xa4f0e400): 0:2749)* (StatusBar (0xa4f10c00): 4:40525) (NavigationBar (0xa5283000): 0:17850) (com.android.systemui.ImageWallpaper (0xa52db800): 0:16647)* (Sprite (0xa4f0f800): 0:82)* (animation background stackId=1 (0xa5286c00): 0:18)* (com.fieldkit/com.fieldkit.MainActivity (0xa5285800): 0:2433) 
06-18 13:55:20.266  1556  1556 I chatty  : uid=1000 system_server expire 1 line
06-18 13:55:52.499   550   740 I SFPerfTracer:      triggers: (rate: 0:26) (6474 sw vsyncs) (0 skipped) (40564:2962952 vsyncs) (40566:2978820)
06-18 13:55:57.640   550   550 I SFPerfTracer:      triggers: (rate: 18:2101) (compose: 5:311) (post: 0:0) (render: 0:291) (45:87109 frames) (46:114977)
06-18 13:55:57.641   550   550 D SFPerfTracer:        layers: (5:8) (DimLayerController/Stack=0 (0xa4f0e400): 12:2761) (StatusBar (0xa4f10c00): 13:40566) (NavigationBar (0xa5283000): 13:17870) (com.android.systemui.ImageWallpaper (0xa52db800): 13:16667)* (Sprite (0xa4f0f800): 0:82)* (animation background stackId=1 (0xa5286c00): 0:18)* (com.fieldkit/com.fieldkit.MainActivity (0xa5285800): 46:2524) (com.fieldkit/com.fieldkit.MainActivity (0xa4f0d000): 13:20) 
06-18 13:55:57.653   550   740 I SFPerfTracer:      triggers: (rate: 0:26) (6474 sw vsyncs) (0 skipped) (298:2963250 vsyncs) (300:2979123)
06-18 13:55:57.873  1556  1577 I chatty  : uid=1000(system) android.display expire 2 lines
06-18 13:56:05.918  1556 15256 I chatty  : uid=1000(system) Binder:1556_15 expire 2 lines
06-18 13:56:30.364   550   550 I SFPerfTracer:      triggers: (rate: 18:2101) (compose: 5:311) (post: 0:0) (render: 0:291) (0:87188 frames) (1:115077)
06-18 13:56:30.364   550   550 D SFPerfTracer:        layers: (3:9) (DimLayerController/Stack=0 (0xa4f0e400): 0:2797)* (StatusBar (0xa4f10c00): 1:40632) (NavigationBar (0xa5283000): 0:17922) (com.android.systemui.ImageWallpaper (0xa52db800): 0:16719)* (Sprite (0xa4f0f800): 0:82)* (animation background stackId=1 (0xa5286c00): 0:18)* (com.fieldkit/com.fieldkit.MainActivity (0xa5285800): 0:2610) (com.fieldkit/com.fieldkit.MainActivity (0xa4f0d000): 0:34)- (com.fieldkit/com.fieldkit.MainActivity (0xa4f0d000): 0:34)- 
06-18 13:56:54.209   550   740 I SFPerfTracer:      triggers: (rate: 0:26) (6474 sw vsyncs) (0 skipped) (3280:2966609 vsyncs) (3282:2982488)
06-18 13:56:56.662   550   740 I SFPerfTracer:      triggers: (rate: 0:26) (6474 sw vsyncs) (0 skipped) (143:2966752 vsyncs) (145:2982633)
06-18 13:56:58.400   550   550 I SFPerfTracer:       trigger: frame rate (-25.613%)	(44.632 fps)	(22.405 ms) 	(4 drops)	(12 frames)
06-18 13:56:58.400   550   550 I SFPerfTracer:      triggers: (rate: 19:2106) (compose: 5:311) (post: 0:0) (render: 0:291) (12:87232 frames) (13:115139)
06-18 13:56:58.401   550   550 D SFPerfTracer:        layers: (3:7) (DimLayerController/Stack=0 (0xa4f0e400): 0:2797)* (StatusBar (0xa4f10c00): 0:40644) (NavigationBar (0xa5283000): 0:17922) (com.android.systemui.ImageWallpaper (0xa52db800): 0:16719)* (Sprite (0xa4f0f800): 0:84)* (animation background stackId=1 (0xa5286c00): 0:18)* (com.fieldkit/com.fieldkit.MainActivity (0xa5285800): 13:2658) 
06-18 13:57:02.187   550   740 I SFPerfTracer:      triggers: (rate: 0:26) (6474 sw vsyncs) (0 skipped) (326:2967078 vsyncs) (328:2982961)
06-18 13:57:06.083  1556  4422 I chatty  : uid=1000(system) Binder:1556_9 expire 2 lines
06-18 13:57:10.167   550   550 I SFPerfTracer:      triggers: (rate: 19:2107) (compose: 5:311) (post: 0:0) (render: 0:291) (49:87369 frames) (50:115287)
06-18 13:57:10.167   550   550 D SFPerfTracer:        layers: (3:7) (DimLayerController/Stack=0 (0xa4f0e400): 0:2797)* (StatusBar (0xa4f10c00): 0:40655) (NavigationBar (0xa5283000): 0:17922) (com.android.systemui.ImageWallpaper (0xa52db800): 0:16719)* (Sprite (0xa4f0f800): 0:84)* (animation background stackId=1 (0xa5286c00): 0:18)* (com.fieldkit/com.fieldkit.MainActivity (0xa5285800): 50:2797) 
06-18 13:57:12.807   550   550 I SFPerfTracer:      triggers: (rate: 19:2108) (compose: 5:311) (post: 0:0) (render: 0:291) (134:87503 frames) (135:115422)
06-18 13:57:12.807   550   550 D SFPerfTracer:        layers: (3:7) (DimLayerController/Stack=0 (0xa4f0e400): 0:2797)* (StatusBar (0xa4f10c00): 0:40655) (NavigationBar (0xa5283000): 0:17922) (com.android.systemui.ImageWallpaper (0xa52db800): 0:16719)* (Sprite (0xa4f0f800): 0:84)* (animation background stackId=1 (0xa5286c00): 0:18)* (com.fieldkit/com.fieldkit.MainActivity (0xa5285800): 135:2932) 
06-18 13:57:17.110   550   550 I SFPerfTracer:      triggers: (rate: 19:2108) (compose: 5:311) (post: 0:0) (render: 0:291) (166:87669 frames) (167:115589)
06-18 13:57:17.110   550   550 D SFPerfTracer:        layers: (3:7) (DimLayerController/Stack=0 (0xa4f0e400): 0:2797)* (StatusBar (0xa4f10c00): 0:40655) (NavigationBar (0xa5283000): 0:17922) (com.android.systemui.ImageWallpaper (0xa52db800): 0:16719)* (Sprite (0xa4f0f800): 0:84)* (animation background stackId=1 (0xa5286c00): 0:18)* (com.fieldkit/com.fieldkit.MainActivity (0xa5285800): 167:3099) 
06-18 13:57:17.429   550   740 I SFPerfTracer:      triggers: (rate: 0:26) (6474 sw vsyncs) (0 skipped) (829:2967977 vsyncs) (831:2983864)
06-18 13:58:21.386  1556   611 I chatty  : uid=1000(system) Binder:1556_11 expire 2 lines
06-18 13:58:21.547  1556  1577 I chatty  : uid=1000(system) android.display expire 2 lines
06-18 13:58:21.922   550   550 I SFPerfTracer:      triggers: (rate: 19:2109) (compose: 5:311) (post: 0:0) (render: 0:291) (11:87748 frames) (12:115700)
06-18 13:58:21.922   550   550 D SFPerfTracer:        layers: (6:9) (DimLayerController/Stack=0 (0xa4f0e400): 0:2797)* (StatusBar (0xa4f10c00): 12:40709) (NavigationBar (0xa5283000): 12:17960) (com.android.systemui.ImageWallpaper (0xa52db800): 12:16747) (Sprite (0xa4f0f800): 0:84)* (animation background stackId=1 (0xa5286c00): 0:18)* (com.fieldkit/com.fieldkit.MainActivity (0xa5285800): 12:3175) (com.android.systemui/com.android.systemui.recents.RecentsActivity (0xa4f0d000): 12:25) (thumbnail anim (0xa5284400): 12:22) 
06-18 13:58:22.245  1556  4422 I chatty  : uid=1000(system) Binder:1556_9 expire 3 lines
06-18 13:58:22.797  1556  1567 I chatty  : uid=1000(system) Binder:1556_2 expire 2 lines
06-18 13:58:23.041  1556  3689 I chatty  : uid=1000(system) UEventObserver expire 7 lines
06-18 13:58:24.578   550   550 I SFPerfTracer:      triggers: (rate: 19:2117) (compose: 5:316) (post: 0:0) (render: 0:296) (32:87821 frames) (33:115784)
06-18 13:58:24.578   550   550 D SFPerfTracer:        layers: (3:9) (DimLayerController/Stack=0 (0xa4f0e400): 0:2797)* (StatusBar (0xa4f10c00): 1:40743) (NavigationBar (0xa5283000): 0:17993) (com.android.systemui.ImageWallpaper (0xa52db800): 0:16780)* (Sprite (0xa4f0f800): 0:84)* (animation background stackId=1 (0xa5286c00): 0:18)* (com.android.systemui/com.android.systemui.recents.RecentsActivity (0xa4f0d000): 0:73)- (com.fieldkit/com.fieldkit.MainActivity (0xa5284400): 32:59) (thumbnail anim (0xa5285800): 0:18)- 
06-18 13:58:26.157   550   740 I SFPerfTracer:      triggers: (rate: 0:26) (6474 sw vsyncs) (0 skipped) (4077:2972061 vsyncs) (4079:2987952)
06-18 13:58:30.593   550   550 I SFPerfTracer:      triggers: (rate: 19:2117) (compose: 5:316) (post: 0:0) (render: 0:296) (92:87944 frames) (93:115913)
06-18 13:58:30.594   550   550 D SFPerfTracer:        layers: (3:7) (DimLayerController/Stack=0 (0xa4f0e400): 0:2797)* (StatusBar (0xa4f10c00): 1:40745) (NavigationBar (0xa5283000): 0:17993) (com.android.systemui.ImageWallpaper (0xa52db800): 0:16780)* (Sprite (0xa4f0f800): 0:84)* (animation background stackId=1 (0xa5286c00): 0:18)* (com.fieldkit/com.fieldkit.MainActivity (0xa5284400): 93:187) 
06-18 13:58:40.147   550   740 I SFPerfTracer:      triggers: (rate: 0:26) (6474 sw vsyncs) (0 skipped) (828:2972889 vsyncs) (830:2988782)
06-18 13:58:42.465   550   740 I SFPerfTracer:      triggers: (rate: 0:26) (6474 sw vsyncs) (0 skipped) (135:2973024 vsyncs) (137:2988919)
06-18 13:58:45.626   550   550 I SFPerfTracer:      triggers: (rate: 19:2118) (compose: 5:316) (post: 0:0) (render: 0:296) (49:88043 frames) (50:116025)
06-18 13:58:45.626   550   550 D SFPerfTracer:        layers: (3:7) (DimLayerController/Stack=0 (0xa4f0e400): 0:2797)* (StatusBar (0xa4f10c00): 0:40751) (NavigationBar (0xa5283000): 0:17993) (com.android.systemui.ImageWallpaper (0xa52db800): 0:16780)* (Sprite (0xa4f0f800): 0:84)* (animation background stackId=1 (0xa5286c00): 0:18)* (com.fieldkit/com.fieldkit.MainActivity (0xa5284400): 50:294) 
06-18 13:58:49.613   550   550 I SFPerfTracer:      triggers: (rate: 19:2118) (compose: 5:316) (post: 0:0) (render: 0:296) (173:88265 frames) (174:116249)
06-18 13:58:49.613   550   550 D SFPerfTracer:        layers: (3:7) (DimLayerController/Stack=0 (0xa4f0e400): 0:2797)* (StatusBar (0xa4f10c00): 1:40752) (NavigationBar (0xa5283000): 0:17993) (com.android.systemui.ImageWallpaper (0xa52db800): 0:16780)* (Sprite (0xa4f0f800): 0:84)* (animation background stackId=1 (0xa5286c00): 0:18)* (com.fieldkit/com.fieldkit.MainActivity (0xa5284400): 174:518) 
06-18 13:58:52.132   550   740 I SFPerfTracer:      triggers: (rate: 0:26) (6474 sw vsyncs) (0 skipped) (564:2973592 vsyncs) (566:2989491)
06-18 13:58:55.177  1556  4493 I chatty  : uid=1000(system) Binder:1556_C expire 3 lines
06-18 13:59:06.399  1556  5885 I chatty  : uid=1000(system) Binder:1556_E expire 10 lines
06-18 13:59:48.213   550   740 I SFPerfTracer:      triggers: (rate: 0:26) (6474 sw vsyncs) (0 skipped) (3310:2976920 vsyncs) (3312:2992824)
06-18 13:59:49.717   550   550 I SFPerfTracer:      triggers: (rate: 19:2122) (compose: 5:316) (post: 0:0) (render: 0:296) (17:88338 frames) (18:116349)
06-18 13:59:49.717   550   550 D SFPerfTracer:        layers: (3:7) (DimLayerController/Stack=0 (0xa4f0e400): 0:2797)* (StatusBar (0xa4f10c00): 0:40776) (NavigationBar (0xa5283000): 0:17993) (com.android.systemui.ImageWallpaper (0xa52db800): 0:16780)* (Sprite (0xa4f0f800): 0:84)* (animation background stackId=1 (0xa5286c00): 0:18)* (com.fieldkit/com.fieldkit.MainActivity (0xa5284400): 18:594) 
06-18 14:00:29.297  1556  3724 I chatty  : uid=1000(system) ConnectivitySer expire 10 lines
06-18 14:00:29.359  1556  4419 I chatty  : uid=1000(system) Binder:1556_7 expire 2 lines
06-18 14:00:29.363   550   740 I SFPerfTracer:      triggers: (rate: 0:26) (6474 sw vsyncs) (0 skipped) (2436:2979360 vsyncs) (2438:2995268)
06-18 14:00:29.519  1556 15253 I chatty  : uid=1000(system) Binder:1556_12 expire 2 lines
06-18 14:01:17.534   550   550 I SFPerfTracer:      triggers: (rate: 19:2123) (compose: 5:316) (post: 0:0) (render: 0:296) (0:88400 frames) (1:116449)
06-18 14:01:17.534   550   550 D SFPerfTracer:        layers: (3:8) (DimLayerController/Stack=0 (0xa4f0e400): 0:2797)* (StatusBar (0xa4f10c00): 1:40816) (NavigationBar (0xa5283000): 0:17996) (com.android.systemui.ImageWallpaper (0xa52db800): 0:16783)* (Sprite (0xa4f0f800): 0:84)* (animation background stackId=1 (0xa5286c00): 0:18)* (com.fieldkit/com.fieldkit.MainActivity (0xa5284400): 0:657) (PopupWindow:3b77a2b (0xa4f0d000): 0:1)- 
06-18 14:01:17.554   550   740 I SFPerfTracer:      triggers: (rate: 0:26) (6474 sw vsyncs) (0 skipped) (2854:2982214 vsyncs) (2856:2998125)
06-18 14:01:17.723  1556  4128 I chatty  : uid=1000(system) Binder:1556_5 expire 2 lines
06-18 14:01:25.667   550   740 I SFPerfTracer:      triggers: (rate: 0:26) (6474 sw vsyncs) (0 skipped) (468:2982682 vsyncs) (470:2998596)
06-18 14:01:25.841  1556 15255 I chatty  : uid=1000(system) Binder:1556_14 expire 2 lines
06-18 14:01:41.573   550   740 I SFPerfTracer:      triggers: (rate: 0:26) (6474 sw vsyncs) (0 skipped) (931:2983613 vsyncs) (933:2999530)
06-18 14:01:42.917   550   550 I SFPerfTracer:      triggers: (rate: 19:2125) (compose: 5:316) (post: 0:0) (render: 0:296) (1:88484 frames) (2:116550)
06-18 14:01:42.917   550   550 D SFPerfTracer:        layers: (3:10) (DimLayerController/Stack=0 (0xa4f0e400): 0:2797)* (StatusBar (0xa4f10c00): 2:40829) (NavigationBar (0xa5283000): 2:18005) (com.android.systemui.ImageWallpaper (0xa52db800): 2:16792)* (Sprite (0xa4f0f800): 0:84)* (animation background stackId=1 (0xa5286c00): 0:18)* (com.fieldkit/com.fieldkit.MainActivity (0xa5284400): 2:754) (PopupWindow:c305454 (0xa4f0d000): 0:1)- (PopupWindow:8f2835a (0xa4f0d000): 0:2)- (PopupWindow:6f63d07 (0xa4f0d000): 0:1)- 
06-18 14:02:02.065  1556 15254 I chatty  : uid=1000(system) Binder:1556_13 expire 1 line
06-18 14:02:02.066   550   740 I SFPerfTracer:      triggers: (rate: 0:26) (6474 sw vsyncs) (0 skipped) (1204:2984817 vsyncs) (1206:3000737)
06-18 14:02:06.879  1556  4489 I chatty  : uid=1000(system) Binder:1556_B expire 4 lines
06-18 14:02:06.917   550   550 I SFPerfTracer:      triggers: (rate: 19:2128) (compose: 5:316) (post: 0:0) (render: 0:296) (16:88570 frames) (17:116652)
06-18 14:02:06.917   550   550 D SFPerfTracer:        layers: (3:8) (DimLayerController/Stack=0 (0xa4f0e400): 0:2797)* (StatusBar (0xa4f10c00): 0:40844) (NavigationBar (0xa5283000): 0:18008) (com.android.systemui.ImageWallpaper (0xa52db800): 0:16795)* (Sprite (0xa4f0f800): 0:84)* (animation background stackId=1 (0xa5286c00): 0:18)* (com.fieldkit/com.fieldkit.MainActivity (0xa5284400): 17:844) (PopupWindow:f7805f9 (0xa4f0d000): 0:2)- 
06-18 14:02:18.256  1556  3706 I chatty  : uid=1000(system) Binder:1556_3 expire 1 line
06-18 14:02:18.260   550   740 I SFPerfTracer:      triggers: (rate: 0:26) (6474 sw vsyncs) (0 skipped) (948:2985765 vsyncs) (950:3001688)
06-18 14:02:18.434  1556 15256 I chatty  : uid=1000(system) Binder:1556_15 expire 1 line
06-18 14:02:21.166   550   740 I SFPerfTracer:      triggers: (rate: 0:26) (6474 sw vsyncs) (0 skipped) (159:2985924 vsyncs) (161:3001850)
06-18 14:02:38.149   550   740 I SFPerfTracer:      triggers: (rate: 0:26) (6474 sw vsyncs) (0 skipped) (1005:2986929 vsyncs) (1007:3002858)
06-18 14:02:38.359  1556 15257 I chatty  : uid=1000(system) Binder:1556_16 expire 4 lines
06-18 14:02:41.157   550   550 I SFPerfTracer:      triggers: (rate: 19:2128) (compose: 5:316) (post: 0:0) (render: 0:296) (20:88660 frames) (21:116761)
06-18 14:02:41.157   550   550 D SFPerfTracer:        layers: (3:9) (DimLayerController/Stack=0 (0xa4f0e400): 0:2797)* (StatusBar (0xa4f10c00): 0:40857) (NavigationBar (0xa5283000): 0:18014) (com.android.systemui.ImageWallpaper (0xa52db800): 0:16801)* (Sprite (0xa4f0f800): 0:84)* (animation background stackId=1 (0xa5286c00): 0:18)* (com.fieldkit/com.fieldkit.MainActivity (0xa5284400): 21:946) (PopupWindow:a556267 (0xa4f0d000): 0:1)- (PopupWindow:c5dc1c9 (0xa4f0d000): 0:1)- 
06-18 14:02:41.802  1556  1569 I chatty  : uid=1000(system) android.bg expire 1 line
06-18 14:02:56.072   550   740 I SFPerfTracer:      triggers: (rate: 0:26) (6474 sw vsyncs) (0 skipped) (1050:2987979 vsyncs) (1052:3003912)
06-18 14:02:56.083  1556  3880 I chatty  : uid=1000(system) Binder:1556_4 expire 1 line
06-18 14:03:02.944   550   740 I SFPerfTracer:      triggers: (rate: 0:26) (6474 sw vsyncs) (0 skipped) (393:2988372 vsyncs) (395:3004309)
06-18 14:03:03.097  1556  4421 I chatty  : uid=1000(system) Binder:1556_8 expire 1 line
06-18 14:03:05.850   550   550 I SFPerfTracer:      triggers: (rate: 19:2129) (compose: 5:316) (post: 0:0) (render: 0:296) (20:88759 frames) (21:116879)
06-18 14:03:05.850   550   550 D SFPerfTracer:        layers: (3:9) (DimLayerController/Stack=0 (0xa4f0e400): 0:2797)* (StatusBar (0xa4f10c00): 0:40876) (NavigationBar (0xa5283000): 0:18020) (com.android.systemui.ImageWallpaper (0xa52db800): 0:16807)* (Sprite (0xa4f0f800): 0:84)* (animation background stackId=1 (0xa5286c00): 0:18)* (com.fieldkit/com.fieldkit.MainActivity (0xa5284400): 21:1052) (PopupWindow:5d757ab (0xa4f0d000): 0:2)- (PopupWindow:7e59429 (0xa4f0d000): 0:2)- 
06-18 14:03:06.117   550   740 I SFPerfTracer:      triggers: (rate: 0:26) (6474 sw vsyncs) (0 skipped) (176:2988548 vsyncs) (178:3004488)
06-18 14:03:33.710  1556  4487 I chatty  : uid=1000(system) Binder:1556_A expire 1 line
06-18 14:03:33.715   550   740 I SFPerfTracer:      triggers: (rate: 0:26) (6474 sw vsyncs) (0 skipped) (1638:2990186 vsyncs) (1640:3006128)
06-18 14:03:52.194   550   550 I SFPerfTracer:      triggers: (rate: 19:2129) (compose: 5:316) (post: 0:0) (render: 0:296) (18:88847 frames) (19:116985)
06-18 14:03:52.194   550   550 D SFPerfTracer:        layers: (3:8) (DimLayerController/Stack=0 (0xa4f0e400): 0:2797)* (StatusBar (0xa4f10c00): 0:40889) (NavigationBar (0xa5283000): 0:18023) (com.android.systemui.ImageWallpaper (0xa52db800): 0:16810)* (Sprite (0xa4f0f800): 0:84)* (animation background stackId=1 (0xa5286c00): 0:18)* (com.fieldkit/com.fieldkit.MainActivity (0xa5284400): 19:1148) (PopupWindow:def29e8 (0xa4f0d000): 0:1)- 
06-18 14:03:55.178  1556  1566 I chatty  : uid=1000(system) Binder:1556_1 expire 2 lines
06-18 14:04:19.033  1556  3724 I chatty  : uid=1000(system) ConnectivitySer expire 2 lines
06-18 14:04:19.050   550   740 I SFPerfTracer:      triggers: (rate: 0:26) (6474 sw vsyncs) (0 skipped) (2686:2992872 vsyncs) (2688:3008817)
06-18 14:04:19.079  1556  4129 I chatty  : uid=1000(system) Binder:1556_6 expire 2 lines
06-18 14:04:35.377   550   740 I SFPerfTracer:      triggers: (rate: 0:26) (6474 sw vsyncs) (0 skipped) (956:2993828 vsyncs) (958:3009777)
06-18 14:04:37.277   550   550 I SFPerfTracer:      triggers: (rate: 19:2129) (compose: 5:316) (post: 0:0) (render: 0:296) (19:88926 frames) (20:117086)
06-18 14:04:37.277   550   550 D SFPerfTracer:        layers: (3:9) (DimLayerController/Stack=0 (0xa4f0e400): 0:2797)* (StatusBar (0xa4f10c00): 0:40913) (NavigationBar (0xa5283000): 0:18031) (com.android.systemui.ImageWallpaper (0xa52db800): 0:16818)* (Sprite (0xa4f0f800): 0:84)* (animation background stackId=1 (0xa5286c00): 0:18)* (com.fieldkit/com.fieldkit.MainActivity (0xa5284400): 20:1234) (PopupWindow:3e3b023 (0xa4f0d000): 0:1)- (PopupWindow:d870eca (0xa4f0d000): 0:2)- 
06-18 14:04:55.178  1556   745 I chatty  : uid=1000(system) Binder:1556_17 expire 5 lines
06-18 14:04:55.293  1556  3724 I chatty  : uid=1000(system) ConnectivitySer expire 11 lines
06-18 14:04:55.329  1556  4128 I chatty  : uid=1000(system) Binder:1556_5 expire 4 lines
06-18 14:04:55.331   550   740 I SFPerfTracer:      triggers: (rate: 0:26) (6474 sw vsyncs) (0 skipped) (1172:2995001 vsyncs) (1174:3010954)
06-18 14:04:55.534  1556   611 I chatty  : uid=1000(system) Binder:1556_11 expire 3 lines
06-18 14:05:02.967  1556   609 I chatty  : uid=1000(system) Binder:1556_10 expire 2 lines
06-18 14:05:02.974   550   740 I SFPerfTracer:      triggers: (rate: 0:26) (6474 sw vsyncs) (0 skipped) (438:2995439 vsyncs) (440:3011395)
06-18 14:05:05.339  3774  3774 V DeadZone: consuming errant click: (852.0,8.0)
06-18 14:05:05.865   550   550 I SFPerfTracer:      triggers: (rate: 19:2133) (compose: 5:316) (post: 0:0) (render: 0:296) (20:89026 frames) (21:117206)
06-18 14:05:05.865   550   550 D SFPerfTracer:        layers: (3:9) (DimLayerController/Stack=0 (0xa4f0e400): 0:2797)* (StatusBar (0xa4f10c00): 0:40934) (NavigationBar (0xa5283000): 0:18037) (com.android.systemui.ImageWallpaper (0xa52db800): 0:16824)* (Sprite (0xa4f0f800): 0:84)* (animation background stackId=1 (0xa5286c00): 0:18)* (com.fieldkit/com.fieldkit.MainActivity (0xa5284400): 21:1339) (PopupWindow:784658d (0xa4f0d000): 0:1)- (PopupWindow:dc54adc (0xa4f0d000): 0:2)- 
06-18 14:05:07.355  1556  3689 I chatty  : uid=1000(system) UEventObserver expire 5 lines
06-18 14:05:07.358  1556 15256 I chatty  : uid=1000(system) Binder:1556_15 expire 2 lines
06-18 14:05:12.129   550   740 I SFPerfTracer:      triggers: (rate: 0:26) (6474 sw vsyncs) (0 skipped) (531:2995970 vsyncs) (533:3011929)
06-18 14:05:28.774  1556  4496 I chatty  : uid=1000(system) Binder:1556_D expire 6 lines
06-18 14:05:30.367   550   550 I SFPerfTracer:      triggers: (rate: 19:2133) (compose: 5:316) (post: 0:0) (render: 0:296) (0:89115 frames) (1:117306)
06-18 14:05:30.367   550   550 D SFPerfTracer:        layers: (3:8) (DimLayerController/Stack=0 (0xa4f0e400): 0:2797)* (StatusBar (0xa4f10c00): 1:40939) (NavigationBar (0xa5283000): 0:18040) (com.android.systemui.ImageWallpaper (0xa52db800): 0:16827)* (Sprite (0xa4f0f800): 0:84)* (animation background stackId=1 (0xa5286c00): 0:18)* (com.fieldkit/com.fieldkit.MainActivity (0xa5284400): 0:1437) (PopupWindow:97f86e7 (0xa4f0d000): 0:1)- 
06-18 14:05:32.416  1556  5885 I chatty  : uid=1000(system) Binder:1556_E expire 1 line
06-18 14:05:32.420   550   740 I SFPerfTracer:      triggers: (rate: 0:26) (6474 sw vsyncs) (0 skipped) (1193:2997163 vsyncs) (1195:3013125)
06-18 14:06:09.501  1556  1566 I chatty  : uid=1000(system) Binder:1556_1 expire 4 lines
06-18 14:06:09.506   550   740 I SFPerfTracer:      triggers: (rate: 0:26) (6474 sw vsyncs) (0 skipped) (2192:2999355 vsyncs) (2194:3015320)
06-18 14:06:12.448   550   550 I SFPerfTracer:      triggers: (rate: 19:2133) (compose: 5:316) (post: 0:0) (render: 0:296) (20:89195 frames) (21:117407)
06-18 14:06:12.448   550   550 D SFPerfTracer:        layers: (3:9) (DimLayerController/Stack=0 (0xa4f0e400): 0:2797)* (StatusBar (0xa4f10c00): 0:40959) (NavigationBar (0xa5283000): 0:18046) (com.android.systemui.ImageWallpaper (0xa52db800): 0:16833)* (Sprite (0xa4f0f800): 0:84)* (animation background stackId=1 (0xa5286c00): 0:18)* (com.fieldkit/com.fieldkit.MainActivity (0xa5284400): 21:1524) (PopupWindow:4f93a9e (0xa4f0d000): 0:1)- (PopupWindow:e9b22b1 (0xa4f0d000): 0:1)- 
06-18 14:07:26.892  1556  4489 I chatty  : uid=1000(system) Binder:1556_B expire 1 line
06-18 14:07:26.897   550   740 I SFPerfTracer:      triggers: (rate: 0:26) (6474 sw vsyncs) (0 skipped) (4593:3003948 vsyncs) (4595:3019916)
06-18 14:07:27.053  1556  3706 I chatty  : uid=1000(system) Binder:1556_3 expire 4 lines
06-18 14:07:31.634   550   550 I SFPerfTracer:      triggers: (rate: 19:2133) (compose: 5:316) (post: 0:0) (render: 0:296) (16:89265 frames) (17:117509)
06-18 14:07:31.634   550   550 D SFPerfTracer:        layers: (4:9) (DimLayerController/Stack=0 (0xa4f0e400): 0:2797)* (StatusBar (0xa4f10c00): 0:41006) (NavigationBar (0xa5283000): 0:18067) (com.android.systemui.ImageWallpaper (0xa52db800): 0:16854)* (Sprite (0xa4f0f800): 0:84)* (animation background stackId=1 (0xa5286c00): 0:18)* (com.fieldkit/com.fieldkit.MainActivity (0xa5284400): 0:1583) (PopupWindow:9afc78e (0xa4f0d000): 0:2)- (com.fieldkit/com.fieldkit.MainActivity (0xa5285800): 17:35) 
06-18 14:07:34.650   550   740 I SFPerfTracer:      triggers: (rate: 0:26) (6474 sw vsyncs) (0 skipped) (449:3004397 vsyncs) (451:3020368)
06-18 14:07:34.872  1556  4487 I chatty  : uid=1000(system) Binder:1556_A expire 2 lines
06-18 14:07:34.878  1556  1577 I chatty  : uid=1000(system) android.display expire 1 line
06-18 14:07:50.379   550   740 I SFPerfTracer:      triggers: (rate: 0:26) (6474 sw vsyncs) (0 skipped) (931:3005328 vsyncs) (933:3021301)
06-18 14:07:50.558  1556  4422 I chatty  : uid=1000(system) Binder:1556_9 expire 1 line
06-18 14:07:50.975  1556 15253 I chatty  : uid=1000(system) Binder:1556_12 expire 1 line
06-18 14:07:51.448  1556 15257 I chatty  : uid=1000(system) Binder:1556_16 expire 1 line
06-18 14:07:51.659  1556  3880 I chatty  : uid=1000(system) Binder:1556_4 expire 3 lines
06-18 14:07:53.639   550   550 I SFPerfTracer:      triggers: (rate: 19:2134) (compose: 5:316) (post: 0:0) (render: 0:296) (20:89358 frames) (21:117629)
06-18 14:07:53.639   550   550 D SFPerfTracer:        layers: (3:13) (DimLayerController/Stack=0 (0xa4f0e400): 0:2797)* (StatusBar (0xa4f10c00): 0:41048) (NavigationBar (0xa5283000): 0:18101) (com.android.systemui.ImageWallpaper (0xa52db800): 0:16888)* (Sprite (0xa4f0f800): 0:84)* (animation background stackId=1 (0xa5286c00): 0:18)* (com.fieldkit/com.fieldkit.MainActivity (0xa5284400): 21:1695) (com.fieldkit/com.fieldkit.MainActivity (0xa5285800): 0:50)- (PopupWindow:e14190a (0xa4f0d000): 0:1)- (PopupWindow:650b485 (0xa5285800): 0:1)- (PopupWindow:d0ac07e (0xa4f0d000): 0:2)- (PopupWindow:5ed3ce2 (0xa5285800): 0:2)- (PopupWindow:885cc06 (0xa4f0d000): 0:2)- 
06-18 14:08:00.070  1556  1570 I chatty  : uid=1000(system) ActivityManager expire 1 line
06-18 14:08:07.838  1556  1567 I chatty  : uid=1000(system) Binder:1556_2 expire 2 lines
06-18 14:08:16.618  1556  3724 I chatty  : uid=1000(system) ConnectivitySer expire 10 lines
06-18 14:08:16.682   550   740 I SFPerfTracer:      triggers: (rate: 0:26) (6474 sw vsyncs) (0 skipped) (1473:3006835 vsyncs) (1475:3022823)
06-18 14:08:19.634   550   550 I SFPerfTracer:      triggers: (rate: 19:2135) (compose: 5:316) (post: 0:0) (render: 0:296) (20:89456 frames) (21:117744)
06-18 14:08:19.635   550   550 D SFPerfTracer:        layers: (3:8) (DimLayerController/Stack=0 (0xa4f0e400): 0:2797)* (StatusBar (0xa4f10c00): 0:41062) (NavigationBar (0xa5283000): 0:18104) (com.android.systemui.ImageWallpaper (0xa52db800): 0:16891)* (Sprite (0xa4f0f800): 0:84)* (animation background stackId=1 (0xa5286c00): 0:18)* (com.fieldkit/com.fieldkit.MainActivity (0xa5284400): 21:1799) (PopupWindow:6a87af6 (0xa4f0d000): 0:1)- 
06-18 14:08:25.922   550   740 I SFPerfTracer:      triggers: (rate: 0:26) (6474 sw vsyncs) (0 skipped) (535:3007370 vsyncs) (537:3023361)
06-18 14:08:32.708   550   550 I SFPerfTracer:      triggers: (rate: 19:2136) (compose: 5:316) (post: 0:0) (render: 0:296) (18:89548 frames) (19:117848)
06-18 14:08:32.709   550   550 D SFPerfTracer:        layers: (3:8) (DimLayerController/Stack=0 (0xa4f0e400): 0:2797)* (StatusBar (0xa4f10c00): 0:41068) (NavigationBar (0xa5283000): 0:18107) (com.android.systemui.ImageWallpaper (0xa52db800): 0:16894)* (Sprite (0xa4f0f800): 0:84)* (animation background stackId=1 (0xa5286c00): 0:18)* (com.fieldkit/com.fieldkit.MainActivity (0xa5284400): 19:1900) (PopupWindow:815dd87 (0xa4f0d000): 0:1)- 
06-18 14:09:40.347  1556   611 I chatty  : uid=1000(system) Binder:1556_11 expire 4 lines
06-18 14:09:55.178  1556  4493 I chatty  : uid=1000(system) Binder:1556_C expire 2 lines
06-18 14:09:56.060   550   740 I SFPerfTracer:      triggers: (rate: 0:26) (6474 sw vsyncs) (0 skipped) (5351:3012721 vsyncs) (5353:3028715)
06-18 14:09:56.063  1556  3880 I chatty  : uid=1000(system) Binder:1556_4 expire 4 lines
06-18 14:09:56.213  1556 15253 I chatty  : uid=1000(system) Binder:1556_12 expire 3 lines
06-18 14:09:56.498  1556  3706 I chatty  : uid=1000(system) Binder:1556_3 expire 3 lines
06-18 14:09:56.681  1556  4422 I chatty  : uid=1000(system) Binder:1556_9 expire 2 lines
06-18 14:09:58.456  1556  4129 I chatty  : uid=1000(system) Binder:1556_6 expire 1 line
06-18 14:09:59.467   550   550 I SFPerfTracer:      triggers: (rate: 19:2136) (compose: 5:316) (post: 0:0) (render: 0:296) (20:89615 frames) (21:117954)
06-18 14:09:59.467   550   550 D SFPerfTracer:        layers: (3:9) (DimLayerController/Stack=0 (0xa4f0e400): 0:2797)* (StatusBar (0xa4f10c00): 0:41111) (NavigationBar (0xa5283000): 0:18117) (com.android.systemui.ImageWallpaper (0xa52db800): 0:16904)* (Sprite (0xa4f0f800): 0:84)* (animation background stackId=1 (0xa5286c00): 0:18)* (com.fieldkit/com.fieldkit.MainActivity (0xa5284400): 21:1973) (PopupWindow:f6258af (0xa4f0d000): 0:2)- (PopupWindow:efd8e43 (0xa5285800): 0:2)- 
06-18 14:10:01.297  1556  1566 I chatty  : uid=1000(system) Binder:1556_1 expire 1 line
06-18 14:10:08.156  1556  3689 I chatty  : uid=1000(system) UEventObserver expire 7 lines
06-18 14:10:12.616  1556 15254 I chatty  : uid=1000(system) Binder:1556_13 expire 2 lines
06-18 14:10:12.619   550   740 I SFPerfTracer:      triggers: (rate: 0:26) (6474 sw vsyncs) (0 skipped) (944:3013679 vsyncs) (946:3029681)
06-18 14:10:12.778  1556  4489 I chatty  : uid=1000(system) Binder:1556_B expire 1 line
06-18 14:10:18.067   550   550 I SFPerfTracer:      triggers: (rate: 19:2136) (compose: 5:316) (post: 0:0) (render: 0:296) (16:89708 frames) (17:118060)
06-18 14:10:18.068   550   550 D SFPerfTracer:        layers: (3:8) (DimLayerController/Stack=0 (0xa4f0e400): 0:2797)* (StatusBar (0xa4f10c00): 0:41120) (NavigationBar (0xa5283000): 0:18120) (com.android.systemui.ImageWallpaper (0xa52db800): 0:16907)* (Sprite (0xa4f0f800): 0:84)* (animation background stackId=1 (0xa5286c00): 0:18)* (com.fieldkit/com.fieldkit.MainActivity (0xa5284400): 17:2073) (PopupWindow:b699dc3 (0xa5285800): 0:1)- 
06-18 14:10:18.094  1556  4421 I chatty  : uid=1000(system) Binder:1556_8 expire 2 lines
06-18 14:10:18.097   550   740 I SFPerfTracer:      triggers: (rate: 0:26) (6474 sw vsyncs) (0 skipped) (311:3013990 vsyncs) (313:3029995)
06-18 14:10:23.403   550   740 I SFPerfTracer:      triggers: (rate: 0:26) (6474 sw vsyncs) (0 skipped) (301:3014291 vsyncs) (303:3030299)
06-18 14:10:23.545  1556 15256 I chatty  : uid=1000(system) Binder:1556_15 expire 2 lines
06-18 14:10:26.916   550   550 I SFPerfTracer:      triggers: (rate: 19:2137) (compose: 5:316) (post: 0:0) (render: 0:296) (16:89802 frames) (17:118165)
06-18 14:10:26.916   550   550 D SFPerfTracer:        layers: (3:9) (DimLayerController/Stack=0 (0xa4f0e400): 0:2797)* (StatusBar (0xa4f10c00): 0:41126) (NavigationBar (0xa5283000): 0:18126) (com.android.systemui.ImageWallpaper (0xa52db800): 0:16913)* (Sprite (0xa4f0f800): 0:84)* (animation background stackId=1 (0xa5286c00): 0:18)* (com.fieldkit/com.fieldkit.MainActivity (0xa5284400): 17:2178) (PopupWindow:80c75fd (0xa5285800): 0:2)- (PopupWindow:959f527 (0xa4f0d000): 0:1)- 
06-18 14:10:53.914  1556  4419 I chatty  : uid=1000(system) Binder:1556_7 expire 3 lines
06-18 14:10:53.918   550   740 I SFPerfTracer:      triggers: (rate: 0:26) (6474 sw vsyncs) (0 skipped) (1803:3016094 vsyncs) (1805:3032105)
06-18 14:11:08.318  1556  4496 I chatty  : uid=1000(system) Binder:1556_D expire 2 lines
06-18 14:11:33.581  1556   609 I chatty  : uid=1000(system) Binder:1556_10 expire 2 lines
06-18 14:11:33.584   550   740 I SFPerfTracer:      triggers: (rate: 0:26) (6474 sw vsyncs) (0 skipped) (2347:3018441 vsyncs) (2349:3034455)
06-18 14:11:36.084   550   550 I SFPerfTracer:      triggers: (rate: 19:2137) (compose: 5:316) (post: 0:0) (render: 0:296) (20:89885 frames) (21:118283)
06-18 14:11:36.084   550   550 D SFPerfTracer:        layers: (3:9) (DimLayerController/Stack=0 (0xa4f0e400): 0:2797)* (StatusBar (0xa4f10c00): 0:41163) (NavigationBar (0xa5283000): 0:18132) (com.android.systemui.ImageWallpaper (0xa52db800): 0:16919)* (Sprite (0xa4f0f800): 0:84)* (animation background stackId=1 (0xa5286c00): 0:18)* (com.fieldkit/com.fieldkit.MainActivity (0xa5284400): 21:2266) (PopupWindow:a04e600 (0xa4f0d000): 0:1)- (PopupWindow:ff4f403 (0xa4f0d000): 0:1)- 
06-18 14:11:56.012  1556  4487 I chatty  : uid=1000(system) Binder:1556_A expire 3 lines
06-18 14:11:56.021   550   740 I SFPerfTracer:      triggers: (rate: 0:26) (6474 sw vsyncs) (0 skipped) (1321:3019762 vsyncs) (1323:3035779)
06-18 14:12:12.155  1556  3724 I chatty  : uid=1000(system) ConnectivitySer expire 8 lines
06-18 14:12:12.211   550   740 I SFPerfTracer:      triggers: (rate: 0:26) (6474 sw vsyncs) (0 skipped) (949:3020711 vsyncs) (951:3036732)
06-18 14:12:14.730   550   550 I SFPerfTracer:      triggers: (rate: 19:2139) (compose: 5:316) (post: 0:0) (render: 0:296) (20:89980 frames) (21:118398)
06-18 14:12:14.730   550   550 D SFPerfTracer:        layers: (3:9) (DimLayerController/Stack=0 (0xa4f0e400): 0:2797)* (StatusBar (0xa4f10c00): 0:41183) (NavigationBar (0xa5283000): 0:18138) (com.android.systemui.ImageWallpaper (0xa52db800): 0:16925)* (Sprite (0xa4f0f800): 0:84)* (animation background stackId=1 (0xa5286c00): 0:18)* (com.fieldkit/com.fieldkit.MainActivity (0xa5284400): 21:2367) (PopupWindow:807ca32 (0xa4f0d000): 0:1)- (PopupWindow:c59b5b5 (0xa4f0d000): 0:2)- 
06-18 14:12:32.044   550   740 I SFPerfTracer:      triggers: (rate: 0:26) (6474 sw vsyncs) (0 skipped) (1166:3021877 vsyncs) (1168:3037901)
06-18 14:12:32.207  1556  5992 I chatty  : uid=1000(system) Binder:1556_F expire 4 lines
06-18 14:12:34.447   550   740 I SFPerfTracer:      triggers: (rate: 0:26) (6474 sw vsyncs) (0 skipped) (130:3022007 vsyncs) (132:3038035)
06-18 14:12:41.785   550   740 I SFPerfTracer:      triggers: (rate: 0:26) (6474 sw vsyncs) (0 skipped) (432:3022439 vsyncs) (434:3038469)
06-18 14:12:41.787   550   550 I SFPerfTracer:      triggers: (rate: 19:2139) (compose: 5:316) (post: 0:0) (render: 0:296) (1:90067 frames) (2:118498)
06-18 14:12:41.787   550   550 D SFPerfTracer:        layers: (3:9) (DimLayerController/Stack=0 (0xa4f0e400): 0:2797)* (StatusBar (0xa4f10c00): 1:41191) (NavigationBar (0xa5283000): 1:18142) (com.android.systemui.ImageWallpaper (0xa52db800): 1:16929)* (Sprite (0xa4f0f800): 0:84)* (animation background stackId=1 (0xa5286c00): 0:18)* (com.fieldkit/com.fieldkit.MainActivity (0xa5284400): 2:2464) (PopupWindow:5b42f6c (0xa4f0d000): 0:1)- (PopupWindow:f91079f (0xa4f0d000): 2:2)* 
06-18 14:12:59.000  1556  1570 I chatty  : uid=1000(system) ActivityManager expire 2 lines
06-18 14:13:50.422   550   740 I SFPerfTracer:      triggers: (rate: 0:26) (6474 sw vsyncs) (0 skipped) (4072:3026511 vsyncs) (4074:3042544)
06-18 14:13:53.395   550   550 I SFPerfTracer:      triggers: (rate: 19:2140) (compose: 5:316) (post: 0:0) (render: 0:296) (20:90148 frames) (21:118616)
06-18 14:13:53.395   550   550 D SFPerfTracer:        layers: (3:8) (DimLayerController/Stack=0 (0xa4f0e400): 0:2797)* (StatusBar (0xa4f10c00): 0:41228) (NavigationBar (0xa5283000): 0:18147) (com.android.systemui.ImageWallpaper (0xa52db800): 0:16934)* (Sprite (0xa4f0f800): 0:86)* (animation background stackId=1 (0xa5286c00): 0:18)* (com.fieldkit/com.fieldkit.MainActivity (0xa5284400): 21:2549) (PopupWindow:1e37035 (0xa4f0d000): 0:1)- 
06-18 14:14:35.878  1556 15255 I chatty  : uid=1000(system) Binder:1556_14 expire 1 line
06-18 14:14:35.880   550   740 I SFPerfTracer:      triggers: (rate: 0:26) (6474 sw vsyncs) (0 skipped) (2691:3029202 vsyncs) (2693:3045238)
06-18 14:14:36.210  1556  4128 I chatty  : uid=1000(system) Binder:1556_5 expire 1 line
06-18 14:14:55.178  1556 15257 I chatty  : uid=1000(system) Binder:1556_16 expire 10 lines
06-18 14:15:36.500   550   550 I SFPerfTracer:      triggers: (rate: 19:2140) (compose: 5:316) (post: 0:0) (render: 0:296) (0:90210 frames) (1:118716)
06-18 14:15:36.500   550   550 D SFPerfTracer:        layers: (3:9) (DimLayerController/Stack=0 (0xa4f0e400): 0:2797)* (StatusBar (0xa4f10c00): 1:41270) (NavigationBar (0xa5283000): 0:18153) (com.android.systemui.ImageWallpaper (0xa52db800): 0:16940)* (Sprite (0xa4f0f800): 0:86)* (animation background stackId=1 (0xa5286c00): 0:18)* (com.fieldkit/com.fieldkit.MainActivity (0xa5284400): 0:2613) (PopupWindow:6666e56 (0xa4f0d000): 0:1)- (PopupWindow:61907e1 (0xa5285800): 0:1)- 
06-18 14:16:24.533   550   740 I SFPerfTracer:      triggers: (rate: 0:26) (6474 sw vsyncs) (0 skipped) (6438:3035648 vsyncs) (6440:3051690)
06-18 14:16:24.742  1556   609 I chatty  : uid=1000(system) Binder:1556_10 expire 3 lines
06-18 14:16:47.412  1556  3724 I chatty  : uid=1000(system) ConnectivitySer expire 10 lines
06-18 14:16:47.461   550   740 I SFPerfTracer:      triggers: (rate: 0:26) (6474 sw vsyncs) (0 skipped) (1349:3036997 vsyncs) (1351:3053043)
06-18 14:16:47.635  1556   611 I chatty  : uid=1000(system) Binder:1556_11 expire 5 lines
06-18 14:16:53.828   550   550 I SFPerfTracer:      triggers: (rate: 19:2141) (compose: 5:316) (post: 0:0) (render: 0:296) (16:90291 frames) (17:118825)
06-18 14:16:53.829   550   550 D SFPerfTracer:        layers: (3:9) (DimLayerController/Stack=0 (0xa4f0e400): 0:2797)* (StatusBar (0xa4f10c00): 0:41299) (NavigationBar (0xa5283000): 0:18161) (com.android.systemui.ImageWallpaper (0xa52db800): 0:16948)* (Sprite (0xa4f0f800): 0:86)* (animation background stackId=1 (0xa5286c00): 0:18)* (com.fieldkit/com.fieldkit.MainActivity (0xa5284400): 17:2701) (PopupWindow:dc3759b (0xa5285800): 0:1)- (PopupWindow:d17b50e (0xa5285800): 0:2)- 
06-18 14:16:53.840  1556 15253 I chatty  : uid=1000(system) Binder:1556_12 expire 3 lines
06-18 14:16:53.843   550   740 I SFPerfTracer:      triggers: (rate: 0:26) (6474 sw vsyncs) (0 skipped) (366:3037364 vsyncs) (368:3053414)
06-18 14:16:54.014  1556  5992 I chatty  : uid=1000(system) Binder:1556_F expire 4 lines
06-18 14:17:09.276  1556  3689 I chatty  : uid=1000(system) UEventObserver expire 6 lines
06-18 14:17:26.531  1556 15254 I chatty  : uid=1000(system) Binder:1556_13 expire 1 line
06-18 14:17:26.537   550   740 I SFPerfTracer:      triggers: (rate: 0:26) (6474 sw vsyncs) (0 skipped) (1931:3039295 vsyncs) (1933:3055348)
06-18 14:17:26.702  1556  4489 I chatty  : uid=1000(system) Binder:1556_B expire 2 lines
06-18 14:17:42.590   550   740 I SFPerfTracer:      triggers: (rate: 0:26) (6474 sw vsyncs) (0 skipped) (943:3040238 vsyncs) (945:3056294)
06-18 14:17:42.781  1556 15256 I chatty  : uid=1000(system) Binder:1556_15 expire 3 lines
06-18 14:17:45.345   550   550 I SFPerfTracer:      triggers: (rate: 19:2141) (compose: 5:316) (post: 0:0) (render: 0:296) (1:90370 frames) (2:118925)
06-18 14:17:45.345   550   550 D SFPerfTracer:        layers: (3:10) (DimLayerController/Stack=0 (0xa4f0e400): 0:2797)* (StatusBar (0xa4f10c00): 2:41323) (NavigationBar (0xa5283000): 2:18170) (com.android.systemui.ImageWallpaper (0xa52db800): 2:16957)* (Sprite (0xa4f0f800): 0:86)* (animation background stackId=1 (0xa5286c00): 0:18)* (com.fieldkit/com.fieldkit.MainActivity (0xa5284400): 2:2787) (PopupWindow:53c5aa6 (0xa5285800): 0:1)- (PopupWindow:23c4843 (0xa5285800): 0:2)- (PopupWindow:a9e1475 (0xa5285800): 0:1)- 
06-18 14:17:55.178  1556   745 I chatty  : uid=1000(system) Binder:1556_17 expire 4 lines
06-18 14:18:09.438  1556 15255 I chatty  : uid=1000(system) Binder:1556_14 expire 5 lines
06-18 14:18:34.744  1556  5885 I chatty  : uid=1000(system) Binder:1556_E expire 1 line
06-18 14:18:34.749   550   740 I SFPerfTracer:      triggers: (rate: 0:26) (6474 sw vsyncs) (0 skipped) (3089:3043327 vsyncs) (3091:3059386)
06-18 14:18:36.848   550   550 I SFPerfTracer:      triggers: (rate: 19:2142) (compose: 5:316) (post: 0:0) (render: 0:296) (20:90451 frames) (21:119031)
06-18 14:18:36.848   550   550 D SFPerfTracer:        layers: (3:8) (DimLayerController/Stack=0 (0xa4f0e400): 0:2797)* (StatusBar (0xa4f10c00): 0:41347) (NavigationBar (0xa5283000): 0:18173) (com.android.systemui.ImageWallpaper (0xa52db800): 0:16960)* (Sprite (0xa4f0f800): 0:86)* (animation background stackId=1 (0xa5286c00): 0:18)* (com.fieldkit/com.fieldkit.MainActivity (0xa5284400): 21:2872) (PopupWindow:7df8e30 (0xa5285800): 0:1)- 
06-18 14:18:50.448   550   740 I SFPerfTracer:      triggers: (rate: 0:26) (6474 sw vsyncs) (0 skipped) (921:3044248 vsyncs) (923:3060310)
06-18 14:18:50.628  1556  4128 I chatty  : uid=1000(system) Binder:1556_5 expire 1 line
06-18 14:18:55.178  1556  4422 I chatty  : uid=1000(system) Binder:1556_9 expire 5 lines
06-18 14:19:07.794   550   740 I SFPerfTracer:      triggers: (rate: 0:26) (6474 sw vsyncs) (0 skipped) (995:3045253 vsyncs) (997:3061322)
06-18 14:19:08.628  1556  4487 I chatty  : uid=1000(system) Binder:1556_A expire 1 line
06-18 14:19:08.800  1556  4419 I chatty  : uid=1000(system) Binder:1556_7 expire 2 lines
