06-18 14:59:15.997  1556  1566 I chatty  : uid=1000(system) Binder:1556_1 expire 2 lines
06-18 14:59:16.230   550   740 I SFPerfTracer:      triggers: (rate: 0:27) (6474 sw vsyncs) (0 skipped) (322:3187578 vsyncs) (324:3203939)
06-18 14:59:16.402  1556  5885 I chatty  : uid=1000(system) Binder:1556_E expire 2 lines
06-18 14:59:21.134   550   550 I SFPerfTracer:      triggers: (rate: 19:2227) (compose: 5:316) (post: 0:0) (render: 0:296) (16:94708 frames) (17:124443)
06-18 14:59:21.134   550   550 D SFPerfTracer:        layers: (4:11) (DimLayerController/Stack=0 (0xa4f0e400): 0:2818)* (StatusBar (0xa4f10c00): 0:42562) (NavigationBar (0xa5283000): 0:18517) (com.android.systemui.ImageWallpaper (0xa52db800): 0:17304)* (Sprite (0xa4f0f800): 0:90)* (animation background stackId=1 (0xa5286c00): 0:20)* (com.fieldkit/com.fieldkit.MainActivity (0xa5285800): 0:712) (PopupWindow:5731dd6 (0xa4f0d000): 0:2)- (PopupWindow:ff7cf0f (0xa4f0d000): 0:1)- (PopupWindow:84bcc8c (0xa4f0d000): 0:1)- (com.fieldkit/com.fieldkit.MainActivity (0xa5284400): 17:35) 
06-18 14:59:49.271   550   740 I SFPerfTracer:      triggers: (rate: 0:27) (6474 sw vsyncs) (0 skipped) (1954:3189532 vsyncs) (1956:3205896)
06-18 14:59:49.490  1556  1577 I chatty  : uid=1000(system) android.display expire 1 line
06-18 14:59:49.511  1556  5992 I chatty  : uid=1000(system) Binder:1556_F expire 1 line
06-18 14:59:51.069   550   740 I SFPerfTracer:      triggers: (rate: 0:27) (6474 sw vsyncs) (0 skipped) (104:3189636 vsyncs) (106:3206002)
06-18 15:00:51.375   550   740 I SFPerfTracer:      triggers: (rate: 0:27) (6474 sw vsyncs) (0 skipped) (3586:3193222 vsyncs) (3588:3209590)
06-18 15:00:51.530  1556  1567 I chatty  : uid=1000(system) Binder:1556_2 expire 1 line
06-18 15:00:56.415   550   550 I SFPerfTracer:      triggers: (rate: 19:2232) (compose: 5:316) (post: 0:0) (render: 0:296) (31:94792 frames) (32:124564)
06-18 15:00:56.415   550   550 D SFPerfTracer:        layers: (3:10) (DimLayerController/Stack=0 (0xa4f0e400): 0:2818)* (StatusBar (0xa4f10c00): 0:42609) (NavigationBar (0xa5283000): 0:18536) (com.android.systemui.ImageWallpaper (0xa52db800): 0:17323)* (Sprite (0xa4f0f800): 0:90)* (animation background stackId=1 (0xa5286c00): 0:20)* (com.fieldkit/com.fieldkit.MainActivity (0xa5285800): 32:805) (com.fieldkit/com.fieldkit.MainActivity (0xa5284400): 0:50)- (PopupWindow:bd83c14 (0xa4f0d000): 0:1)- (PopupWindow:3676317 (0xa5284400): 0:2)- 
06-18 15:00:56.668   550   740 I SFPerfTracer:      triggers: (rate: 0:27) (6474 sw vsyncs) (0 skipped) (224:3193521 vsyncs) (226:3209894)
06-18 15:01:09.148   550   740 I SFPerfTracer:      triggers: (rate: 0:27) (6474 sw vsyncs) (0 skipped) (739:3194260 vsyncs) (741:3210635)
06-18 15:01:12.710   550   550 I SFPerfTracer:      triggers: (rate: 19:2233) (compose: 5:316) (post: 0:0) (render: 0:296) (17:94898 frames) (18:124681)
06-18 15:01:12.710   550   550 D SFPerfTracer:        layers: (3:7) (DimLayerController/Stack=0 (0xa4f0e400): 0:2818)* (StatusBar (0xa4f10c00): 0:42614) (NavigationBar (0xa5283000): 0:18536) (com.android.systemui.ImageWallpaper (0xa52db800): 0:17323)* (Sprite (0xa4f0f800): 0:90)* (animation background stackId=1 (0xa5286c00): 0:20)* (com.fieldkit/com.fieldkit.MainActivity (0xa5285800): 18:917) 
06-18 15:03:16.638  1556 15256 I chatty  : uid=1000(system) Binder:1556_15 expire 2 lines
06-18 15:03:55.178  1556  4128 I chatty  : uid=1000(system) Binder:1556_5 expire 4 lines
06-18 15:04:16.797  1556  4493 I chatty  : uid=1000(system) Binder:1556_C expire 12 lines
06-18 15:06:16.293   550   550 I chatty  : uid=1000(system) /system/bin/surfaceflinger expire 39 lines
06-18 15:06:17.118  1556 15255 I chatty  : uid=1000(system) Binder:1556_14 expire 10 lines
06-18 15:06:55.178  1556  1566 I chatty  : uid=1000(system) Binder:1556_1 expire 13 lines
06-18 15:07:17.275  1556  3689 I chatty  : uid=1000(system) UEventObserver expire 35 lines
06-18 15:07:17.279  1556  3706 I chatty  : uid=1000(system) Binder:1556_3 expire 9 lines
06-18 15:08:17.438  1556  4487 I chatty  : uid=1000(system) Binder:1556_A expire 10 lines
06-18 15:08:49.948  1556  1570 I chatty  : uid=1000(system) ActivityManager expire 18 lines
06-18 15:09:17.598  1556  4128 I chatty  : uid=1000(system) Binder:1556_5 expire 6 lines
06-18 15:09:37.441  1556  4422 I chatty  : uid=1000(system) Binder:1556_9 expire 8 lines
06-18 15:09:40.260  1556  5992 I chatty  : uid=1000(system) Binder:1556_F expire 11 lines
06-18 15:11:48.513  1556  1569 I chatty  : uid=1000(system) android.bg expire 3 lines
06-18 15:14:55.178  1556  4496 I chatty  : uid=1000(system) Binder:1556_D expire 9 lines
06-18 15:16:55.178  1556 15256 I chatty  : uid=1000(system) Binder:1556_15 expire 7 lines
06-18 15:17:55.178  1556 15253 I chatty  : uid=1000(system) Binder:1556_12 expire 11 lines
06-18 15:20:19.357  1556   609 I chatty  : uid=1000(system) Binder:1556_10 expire 10 lines
06-18 15:21:58.242  1556 15257 I chatty  : uid=1000(system) Binder:1556_16 expire 11 lines
06-18 15:21:58.252  1556  3880 I chatty  : uid=1000(system) Binder:1556_4 expire 8 lines
06-18 15:21:58.264  1556  4129 I chatty  : uid=1000(system) Binder:1556_6 expire 12 lines
06-18 15:21:58.267  1556   611 I chatty  : uid=1000(system) Binder:1556_11 expire 6 lines
06-18 15:22:55.178  1556  5885 I chatty  : uid=1000(system) Binder:1556_E expire 3 lines
06-18 15:24:57.336  1556  1573 I chatty  : uid=1000(system) batterystats-sy expire 4 lines
06-18 15:25:55.178  1556   745 I chatty  : uid=1000(system) Binder:1556_17 expire 13 lines
06-18 15:26:20.317  1556  4419 I chatty  : uid=1000(system) Binder:1556_7 expire 11 lines
06-18 15:26:55.178  1556  1567 I chatty  : uid=1000(system) Binder:1556_2 expire 9 lines
06-18 15:29:13.419   550   740 I chatty  : uid=1000(system) EventThread expire 30 lines
06-18 15:32:37.715  1556  3724 I chatty  : uid=1000(system) ConnectivitySer expire 23 lines
06-18 15:36:46.747  1556  4489 I chatty  : uid=1000(system) Binder:1556_B expire 5 lines
06-18 15:39:06.095  1556 15254 I chatty  : uid=1000(system) Binder:1556_13 expire 8 lines
06-18 15:39:37.452  1556  4421 I chatty  : uid=1000(system) Binder:1556_8 expire 8 lines
06-18 15:40:30.249  1556  1577 I chatty  : uid=1000(system) android.display expire 5 lines
06-18 15:41:55.626  1556  1592 I chatty  : uid=1000(system) PackageManager expire 11 lines
06-18 15:41:58.499 24204 24204 W ContextImpl: Calling a method in the system process without a qualified user: android.app.ContextImpl.startService:1385 android.content.ContextWrapper.startService:613 android.content.ContextWrapper.startService:613 com.android.keychain.KeyChainBroadcastReceiver.onReceive:12 android.app.ActivityThread.handleReceiver:3032 
06-18 15:41:58.955  1556   745 I chatty  : uid=1000(system) Binder:1556_17 expire 4 lines
06-18 15:41:59.987  1556 15253 I chatty  : uid=1000(system) Binder:1556_12 expire 3 lines
06-18 15:42:00.355   550   550 I chatty  : uid=1000(system) /system/bin/surfaceflinger expire 35 lines
06-18 15:42:02.322  1556  3689 I chatty  : uid=1000(system) UEventObserver expire 11 lines
06-18 15:42:06.898  1556  4493 I chatty  : uid=1000(system) Binder:1556_C expire 7 lines
06-18 15:42:23.714  1556  3724 I chatty  : uid=1000(system) ConnectivitySer expire 13 lines
06-18 15:42:23.763   550   740 I chatty  : uid=1000(system) EventThread expire 10 lines
06-18 15:43:34.758  1556  1570 I chatty  : uid=1000(system) ActivityManager expire 7 lines
06-18 15:43:35.426 24204 24204 W ContextImpl: Calling a method in the system process without a qualified user: android.app.ContextImpl.startService:1385 android.content.ContextWrapper.startService:613 android.content.ContextWrapper.startService:613 com.android.keychain.KeyChainBroadcastReceiver.onReceive:12 android.app.ActivityThread.handleReceiver:3032 
06-18 15:43:36.958  1556  4487 I chatty  : uid=1000(system) Binder:1556_A expire 1 line
06-18 15:45:09.616   550   740 I chatty  : uid=1000(system) EventThread expire 32 lines
06-18 15:47:23.724  1556  4129 I chatty  : uid=1000(system) Binder:1556_6 expire 2 lines
06-18 15:48:06.371  1556 15255 I chatty  : uid=1000(system) Binder:1556_14 expire 1 line
06-18 15:48:27.117   550   550 I chatty  : uid=1000(system) /system/bin/surfaceflinger expire 6 lines
06-18 15:48:55.178  1556 15257 I chatty  : uid=1000(system) Binder:1556_16 expire 2 lines
06-18 15:49:09.898  1556  3724 I chatty  : uid=1000(system) ConnectivitySer expire 1 line
06-18 15:49:09.985  1556   609 I chatty  : uid=1000(system) Binder:1556_10 expire 1 line
06-18 15:49:10.105  1556  1577 I chatty  : uid=1000(system) android.display expire 1 line
06-18 15:49:10.126  1556  4493 I chatty  : uid=1000(system) Binder:1556_C expire 1 line
06-18 15:49:24.039  1556  3689 I chatty  : uid=1000(system) UEventObserver expire 1 line
06-18 15:49:24.041  1556  5885 I chatty  : uid=1000(system) Binder:1556_E expire 2 lines
06-18 15:49:55.178  1556 15255 I chatty  : uid=1000(system) Binder:1556_14 expire 2 lines
06-18 15:50:16.211  1556  3724 I chatty  : uid=1000(system) ConnectivitySer expire 1 line
06-18 15:50:16.246   550   740 I chatty  : uid=1000(system) EventThread expire 5 lines
06-18 15:50:16.273  1556  4129 I chatty  : uid=1000(system) Binder:1556_6 expire 1 line
06-18 15:50:16.427  1556  4489 I chatty  : uid=1000(system) Binder:1556_B expire 1 line
06-18 15:50:19.444  1556  3724 I chatty  : uid=1000(system) ConnectivitySer expire 1 line
06-18 15:50:19.496  1556 15253 I chatty  : uid=1000(system) Binder:1556_12 expire 1 line
06-18 15:50:19.668  1556  4422 I chatty  : uid=1000(system) Binder:1556_9 expire 1 line
06-18 15:50:23.049  1556  3724 I chatty  : uid=1000(system) ConnectivitySer expire 1 line
06-18 15:50:23.092  1556  5885 I chatty  : uid=1000(system) Binder:1556_E expire 1 line
06-18 15:50:23.273  1556  4128 I chatty  : uid=1000(system) Binder:1556_5 expire 4 lines
06-18 15:50:24.198  1556  3689 I chatty  : uid=1000(system) UEventObserver expire 3 lines
06-18 15:50:24.200  1556  4487 I chatty  : uid=1000(system) Binder:1556_A expire 3 lines
06-18 15:50:24.461  1556  3724 I chatty  : uid=1000(system) ConnectivitySer expire 16 lines
06-18 15:50:24.685  1556  3880 I chatty  : uid=1000(system) Binder:1556_4 expire 1 line
06-18 15:50:34.369   550   550 I chatty  : uid=1000(system) /system/bin/surfaceflinger expire 8 lines
06-18 15:51:11.890  1556  1577 I chatty  : uid=1000(system) android.display expire 1 line
06-18 15:51:24.354  1556  4493 I chatty  : uid=1000(system) Binder:1556_C expire 3 lines
06-18 15:51:26.145   550   740 I chatty  : uid=1000(system) EventThread expire 5 lines
06-18 15:51:26.189  1556  4129 I chatty  : uid=1000(system) Binder:1556_6 expire 3 lines
06-18 15:51:26.344  1556 15255 I chatty  : uid=1000(system) Binder:1556_14 expire 2 lines
06-18 15:51:28.544  1556  1567 I chatty  : uid=1000(system) Binder:1556_2 expire 2 lines
06-18 15:51:28.971  1556  5992 I chatty  : uid=1000(system) Binder:1556_F expire 4 lines
06-18 15:51:29.282  1556   611 I chatty  : uid=1000(system) Binder:1556_11 expire 4 lines
06-18 15:51:29.971  1556  4419 I chatty  : uid=1000(system) Binder:1556_7 expire 1 line
06-18 15:51:30.392  1556  3706 I chatty  : uid=1000(system) Binder:1556_3 expire 2 lines
06-18 15:51:30.795  1556   609 I chatty  : uid=1000(system) Binder:1556_10 expire 1 line
06-18 15:51:30.949  1556  4421 I chatty  : uid=1000(system) Binder:1556_8 expire 2 lines
06-18 15:51:31.545  1556  4496 I chatty  : uid=1000(system) Binder:1556_D expire 1 line
06-18 15:51:32.019  1556 15256 I chatty  : uid=1000(system) Binder:1556_15 expire 1 line
06-18 15:51:32.185  1556 15253 I chatty  : uid=1000(system) Binder:1556_12 expire 1 line
06-18 15:51:33.825  1556  4422 I chatty  : uid=1000(system) Binder:1556_9 expire 1 line
06-18 15:51:36.445  1556  3706 I chatty  : uid=1000(system) Binder:1556_3 expire 1 line
06-18 15:51:36.526  1556  1577 I chatty  : uid=1000(system) android.display expire 1 line
06-18 15:51:36.542  1556  4128 I chatty  : uid=1000(system) Binder:1556_5 expire 1 line
06-18 15:51:55.178  1556 15253 I chatty  : uid=1000(system) Binder:1556_12 expire 2 lines
06-18 15:52:03.092  1556  3724 I chatty  : uid=1000(system) ConnectivitySer expire 1 line
06-18 15:52:03.099   550   740 I chatty  : uid=1000(system) EventThread expire 3 lines
06-18 15:52:19.657  1556  1570 I chatty  : uid=1000(system) ActivityManager expire 5 lines
06-18 15:52:19.756  1556  3706 I chatty  : uid=1000(system) Binder:1556_3 expire 2 lines
06-18 15:52:19.757  1556  4419 I chatty  : uid=1000(system) Binder:1556_7 expire 1 line
06-18 15:52:19.762  1556   611 I chatty  : uid=1000(system) Binder:1556_11 expire 3 lines
06-18 15:52:19.773  1556  4422 I chatty  : uid=1000(system) Binder:1556_9 expire 2 lines
06-18 15:52:19.824  1556  1592 I chatty  : uid=1000(system) PackageManager expire 4 lines
06-18 15:52:19.829  1556  1570 I chatty  : uid=1000(system) ActivityManager expire 2 lines
06-18 15:52:19.834  1556  1566 I chatty  : uid=1000(system) Binder:1556_1 expire 1 line
06-18 15:52:20.292  1556  1592 I chatty  : uid=1000(system) PackageManager expire 1 line
06-18 15:52:20.334 24204 24204 W ContextImpl: Calling a method in the system process without a qualified user: android.app.ContextImpl.startService:1385 android.content.ContextWrapper.startService:613 android.content.ContextWrapper.startService:613 com.android.keychain.KeyChainBroadcastReceiver.onReceive:12 android.app.ActivityThread.handleReceiver:3032 
06-18 15:52:21.827  1556  4129 I chatty  : uid=1000(system) Binder:1556_6 expire 1 line
06-18 15:52:21.866   550   550 I chatty  : uid=1000(system) /system/bin/surfaceflinger expire 4 lines
06-18 15:52:21.905  1556  4419 I chatty  : uid=1000(system) Binder:1556_7 expire 1 line
06-18 15:52:22.363  1556   745 I chatty  : uid=1000(system) Binder:1556_17 expire 1 line
06-18 15:52:22.372  1556  1577 I chatty  : uid=1000(system) android.display expire 3 lines
06-18 15:52:22.390  1556 15257 I chatty  : uid=1000(system) Binder:1556_16 expire 3 lines
06-18 15:52:22.652  1556  5885 I chatty  : uid=1000(system) Binder:1556_E expire 2 lines
06-18 15:52:24.528  1556  3689 I chatty  : uid=1000(system) UEventObserver expire 9 lines
06-18 15:52:24.529  1556  4421 I chatty  : uid=1000(system) Binder:1556_8 expire 4 lines
06-18 15:52:29.880  1556  4489 I chatty  : uid=1000(system) Binder:1556_B expire 5 lines
06-18 15:52:41.548   550   740 I chatty  : uid=1000(system) EventThread expire 7 lines
06-18 15:53:14.171  1556  3724 I chatty  : uid=1000(system) ConnectivitySer expire 3 lines
06-18 15:53:14.185   550   550 I chatty  : uid=1000(system) /system/bin/surfaceflinger expire 10 lines
06-18 15:53:14.403  1556  5992 I chatty  : uid=1000(system) Binder:1556_F expire 1 line
06-18 15:54:00.781  1556  1566 I chatty  : uid=1000(system) Binder:1556_1 expire 6 lines
06-18 15:54:00.966  1556   609 I chatty  : uid=1000(system) Binder:1556_10 expire 1 line
06-18 15:54:52.197  1556  4487 I chatty  : uid=1000(system) Binder:1556_A expire 1 line
06-18 15:54:53.323  1556  1570 I chatty  : uid=1000(system) ActivityManager expire 7 lines
06-18 15:54:57.341  1556  1573 I chatty  : uid=1000(system) batterystats-sy expire 4 lines
06-18 15:55:27.542  1556 15256 I chatty  : uid=1000(system) Binder:1556_15 expire 1 line
06-18 15:55:27.582  1556  4129 I chatty  : uid=1000(system) Binder:1556_6 expire 1 line
06-18 15:55:55.178  1556  4493 I chatty  : uid=1000(system) Binder:1556_C expire 2 lines
06-18 15:56:55.178  1556  4128 I chatty  : uid=1000(system) Binder:1556_5 expire 2 lines
06-18 15:58:25.485  1556  4496 I chatty  : uid=1000(system) Binder:1556_D expire 3 lines
06-18 15:58:55.178  1556  1567 I chatty  : uid=1000(system) Binder:1556_2 expire 2 lines
06-18 15:59:57.611  1556  1592 I chatty  : uid=1000(system) PackageManager expire 1 line
06-18 15:59:59.764  1556 15253 I chatty  : uid=1000(system) Binder:1556_12 expire 2 lines
06-18 15:59:59.816  1556  1592 I chatty  : uid=1000(system) PackageManager expire 4 lines
06-18 15:59:59.819  1556  1570 I chatty  : uid=1000(system) ActivityManager expire 2 lines
06-18 16:00:00.031  1556   611 I chatty  : uid=1000(system) Binder:1556_11 expire 1 line
06-18 16:00:00.130  1556  4487 I chatty  : uid=1000(system) Binder:1556_A expire 2 lines
06-18 16:00:00.327  1556  1592 I chatty  : uid=1000(system) PackageManager expire 1 line
06-18 16:00:00.355  1556  1570 I chatty  : uid=1000(system) ActivityManager expire 1 line
06-18 16:00:00.446 26108 26108 W ContextImpl: Calling a method in the system process without a qualified user: android.app.ContextImpl.startService:1385 android.content.ContextWrapper.startService:613 android.content.ContextWrapper.startService:613 com.android.keychain.KeyChainBroadcastReceiver.onReceive:12 android.app.ActivityThread.handleReceiver:3032 
06-18 16:00:00.478  1556  4496 I chatty  : uid=1000(system) Binder:1556_D expire 1 line
06-18 16:00:00.525  1556  4129 I chatty  : uid=1000(system) Binder:1556_6 expire 1 line
06-18 16:00:00.625  1556  4487 I chatty  : uid=1000(system) Binder:1556_A expire 1 line
06-18 16:00:01.903  1556   609 I chatty  : uid=1000(system) Binder:1556_10 expire 1 line
06-18 16:00:01.945  1556 15256 I chatty  : uid=1000(system) Binder:1556_15 expire 1 line
06-18 16:00:02.408  1556  1567 I chatty  : uid=1000(system) Binder:1556_2 expire 1 line
06-18 16:00:02.413  1556  1577 I chatty  : uid=1000(system) android.display expire 2 lines
06-18 16:00:02.434  1556  4128 I chatty  : uid=1000(system) Binder:1556_5 expire 1 line
06-18 16:00:02.702  1556   745 I chatty  : uid=1000(system) Binder:1556_17 expire 2 lines
06-18 16:00:06.704  1556  3689 I chatty  : uid=1000(system) UEventObserver expire 1 line
06-18 16:00:09.851   550   740 I chatty  : uid=1000(system) EventThread expire 3 lines
06-18 16:00:15.770  1556  1566 I ActivityManager: Killing 14960:com.google.process.gapps/u0a28 (adj 906): empty #13
06-18 16:00:15.814  1556  4419 D ActivityManager: cleanUpApplicationRecord -- 14960
06-18 16:00:25.789  1556  3689 D BatteryService: uevent={POWER_SUPPLY_TEMP=310, POWER_SUPPLY_STATUS=Full, POWER_SUPPLY_CAPACITY=100, ACTION=change, DEVPATH=/devices/soc.0/qpnp-smbcharger-17/power_supply/battery, POWER_SUPPLY_AGE=96, POWER_SUPPLY_VOLTAGE_MAX=4350, SUBSYSTEM=power_supply, POWER_SUPPLY_NUM_SYSTEM_TEMP_LEVELS=8, POWER_SUPPLY_VOLTAGE_MAX_DESIGN=4350000, POWER_SUPPLY_INPUT_CURRENT_MAX=1500000, POWER_SUPPLY_CHARGE_FULL=2960000, POWER_SUPPLY_NAME=battery, POWER_SUPPLY_FLASH_CURRENT_MAX=2871660, POWER_SUPPLY_HEALTH=Good, POWER_SUPPLY_CYCLE_COUNT=0, POWER_SUPPLY_TECHNOLOGY=Li-ion, POWER_SUPPLY_CHARGE_TYPE=N/A, POWER_SUPPLY_PRESENT=1, POWER_SUPPLY_CONSTANT_CHARGE_CURRENT_MAX=2500000, POWER_SUPPLY_TEMP_HOTSPOT=0, POWER_SUPPLY_INPUT_CURRENT_SETTLED=0, POWER_SUPPLY_SAFETY_TIMER_ENABLED=0, POWER_SUPPLY_FLASH_ACTIVE=0, POWER_SUPPLY_VOLTAGE_NOW=4321263, SEQNUM=194752, POWER_SUPPLY_CHARGE_FULL_DESIGN=3059000, POWER_SUPPLY_CURRENT_NOW=152, POWER_SUPPLY_SYSTEM_TEMP_LEVEL=0, POWER_SUPPLY_CHARGE_COUNTER=3059000, POWER_SUPPLY_CHARGE_RATE=Normal, POWER_SUPPLY_CHARGING_ENABLED=1, POWER_SUPPLY_BATTERY_CHARGING_ENABLED=1}
06-18 16:00:25.792  1556  4419 D BatteryService: mLastPlugType/mPlugType:2/2
06-18 16:00:25.792  1556  4419 D BatteryService: set mLastPlugType to 2
06-18 16:00:53.859  1556  3724 D ConnectivityService: releasing NetworkRequest NetworkRequest [ id=764, legacyType=-1, [ Capabilities: INTERNET&NOT_RESTRICTED&TRUSTED&NOT_VPN] ]
06-18 16:00:53.919  1556  4421 I WindowManager: Destroying surface Surface(name=PopupWindow:6e8d7ef) called by com.android.server.wm.WindowStateAnimator.destroySurface:2069 com.android.server.wm.WindowStateAnimator.destroySurfaceLocked:897 com.android.server.wm.WindowState.removeLocked:1464 com.android.server.wm.WindowManagerService.removeWindowInnerLocked:2537 com.android.server.wm.WindowManagerService.removeWindowLocked:2495 com.android.server.wm.WindowManagerService.removeWindowLocked:2364 com.android.server.wm.WindowManagerService.removeWindow:2355 com.android.server.wm.Session.remove:202 
06-18 16:00:54.122  1556 15254 D ConnectivityService: requestNetwork for Track default from uid/pid:10144/26189 for NetworkRequest [ id=765, legacyType=-1, [ Capabilities: INTERNET&NOT_RESTRICTED&TRUSTED&NOT_VPN] ]
06-18 16:00:55.178  1556   745 D BatteryService: mLastPlugType/mPlugType:2/2
06-18 16:00:55.178  1556   745 D BatteryService: set mLastPlugType to 2
06-18 16:00:59.577   550   550 I chatty  : uid=1000(system) /system/bin/surfaceflinger expire 4 lines
06-18 16:01:09.633   550   740 I chatty  : uid=1000(system) EventThread expire 5 lines
06-18 16:01:13.064  1556  3724 D ConnectivityService: releasing NetworkRequest NetworkRequest [ id=765, legacyType=-1, [ Capabilities: INTERNET&NOT_RESTRICTED&TRUSTED&NOT_VPN] ]
06-18 16:01:13.135  1556 15253 W InputMethodManagerService: Window already focused, ignoring focus gain of: com.android.internal.view.IInputMethodClient$Stub$Proxy@eb5cd42 attribute=null, token = android.os.BinderProxy@88b9185
06-18 16:01:13.138  1556 15256 I WindowManager: Destroying surface Surface(name=PopupWindow:3338f24) called by com.android.server.wm.WindowStateAnimator.destroySurface:2069 com.android.server.wm.WindowStateAnimator.destroySurfaceLocked:897 com.android.server.wm.WindowState.removeLocked:1464 com.android.server.wm.WindowManagerService.removeWindowInnerLocked:2537 com.android.server.wm.WindowManagerService.removeWindowLocked:2495 com.android.server.wm.WindowManagerService.removeWindowLocked:2364 com.android.server.wm.WindowManagerService.removeWindow:2355 com.android.server.wm.Session.remove:202 
06-18 16:01:13.279  1556  1577 I WindowManager: Destroying surface Surface(name=com.fieldkit/com.fieldkit.MainActivity) called by com.android.server.wm.WindowStateAnimator.destroySurface:2069 com.android.server.wm.WindowStateAnimator.destroySurfaceLocked:897 com.android.server.wm.WindowState.destroyOrSaveSurface:2121 com.android.server.wm.AppWindowToken.destroySurfaces:363 com.android.server.wm.WindowStateAnimator.finishExit:575 com.android.server.wm.WindowStateAnimator.stepAnimationLocked:501 com.android.server.wm.WindowAnimator.updateWindowsLocked:303 com.android.server.wm.WindowAnimator.animateLocked:704 
06-18 16:01:13.306  1556  4419 D ConnectivityService: requestNetwork for Track default from uid/pid:10144/26189 for NetworkRequest [ id=766, legacyType=-1, [ Capabilities: INTERNET&NOT_RESTRICTED&TRUSTED&NOT_VPN] ]
06-18 16:01:13.778  3774  3774 V DeadZone: consuming errant click: (6.0,13.0)
06-18 16:01:25.935  1556  3689 D BatteryService: uevent={POWER_SUPPLY_TEMP=305, POWER_SUPPLY_STATUS=Full, POWER_SUPPLY_CAPACITY=100, ACTION=change, DEVPATH=/devices/soc.0/qpnp-smbcharger-17/power_supply/battery, POWER_SUPPLY_AGE=96, POWER_SUPPLY_VOLTAGE_MAX=4350, SUBSYSTEM=power_supply, POWER_SUPPLY_NUM_SYSTEM_TEMP_LEVELS=8, POWER_SUPPLY_VOLTAGE_MAX_DESIGN=4350000, POWER_SUPPLY_INPUT_CURRENT_MAX=1500000, POWER_SUPPLY_CHARGE_FULL=2960000, POWER_SUPPLY_NAME=battery, POWER_SUPPLY_FLASH_CURRENT_MAX=2871660, POWER_SUPPLY_HEALTH=Good, POWER_SUPPLY_CYCLE_COUNT=0, POWER_SUPPLY_TECHNOLOGY=Li-ion, POWER_SUPPLY_CHARGE_TYPE=N/A, POWER_SUPPLY_PRESENT=1, POWER_SUPPLY_CONSTANT_CHARGE_CURRENT_MAX=2500000, POWER_SUPPLY_TEMP_HOTSPOT=0, POWER_SUPPLY_INPUT_CURRENT_SETTLED=0, POWER_SUPPLY_SAFETY_TIMER_ENABLED=0, POWER_SUPPLY_FLASH_ACTIVE=0, POWER_SUPPLY_VOLTAGE_NOW=4321263, SEQNUM=194753, POWER_SUPPLY_CHARGE_FULL_DESIGN=3059000, POWER_SUPPLY_CURRENT_NOW=152, POWER_SUPPLY_SYSTEM_TEMP_LEVEL=0, POWER_SUPPLY_CHARGE_COUNTER=3059000, POWER_SUPPLY_CHARGE_RATE=Normal, POWER_SUPPLY_CHARGING_ENABLED=1, POWER_SUPPLY_BATTERY_CHARGING_ENABLED=1}
06-18 16:01:28.615   550   550 I chatty  : uid=1000(system) /system/bin/surfaceflinger expire 2 lines
06-18 16:01:53.366   550   740 I chatty  : uid=1000(system) EventThread expire 3 lines
06-18 16:01:55.089  1556  3880 W InputMethodManagerService: Window already focused, ignoring focus gain of: com.android.internal.view.IInputMethodClient$Stub$Proxy@a57d6c1 attribute=null, token = android.os.BinderProxy@88b9185
06-18 16:01:55.177  1556   609 D BatteryService: mLastPlugType/mPlugType:2/2
06-18 16:01:55.178  1556   609 D BatteryService: set mLastPlugType to 2
06-18 16:01:55.264  1556  1577 I WindowManager: Destroying surface Surface(name=com.fieldkit/com.fieldkit.MainActivity) called by com.android.server.wm.WindowStateAnimator.destroySurface:2069 com.android.server.wm.WindowStateAnimator.destroySurfaceLocked:897 com.android.server.wm.WindowState.destroyOrSaveSurface:2121 com.android.server.wm.AppWindowToken.destroySurfaces:363 com.android.server.wm.WindowStateAnimator.finishExit:575 com.android.server.wm.WindowStateAnimator.stepAnimationLocked:501 com.android.server.wm.WindowAnimator.updateWindowsLocked:303 com.android.server.wm.WindowAnimator.animateLocked:704 
06-18 16:01:55.647  1556  1569 I UsageStatsService: User[0] Flushing usage stats to disk
06-18 16:01:57.435  1556   745 W InputMethodManagerService: Window already focused, ignoring focus gain of: com.android.internal.view.IInputMethodClient$Stub$Proxy@511ba54 attribute=null, token = android.os.BinderProxy@88b9185
06-18 16:01:57.617  1556  1577 I WindowManager: Destroying surface Surface(name=com.fieldkit/com.fieldkit.MainActivity) called by com.android.server.wm.WindowStateAnimator.destroySurface:2069 com.android.server.wm.WindowStateAnimator.destroySurfaceLocked:897 com.android.server.wm.WindowState.destroyOrSaveSurface:2121 com.android.server.wm.AppWindowToken.destroySurfaces:363 com.android.server.wm.WindowStateAnimator.finishExit:575 com.android.server.wm.WindowStateAnimator.stepAnimationLocked:501 com.android.server.wm.WindowAnimator.updateWindowsLocked:303 com.android.server.wm.WindowAnimator.animateLocked:704 
06-18 16:01:59.142  1556  3724 D ConnectivityService: releasing NetworkRequest NetworkRequest [ id=766, legacyType=-1, [ Capabilities: INTERNET&NOT_RESTRICTED&TRUSTED&NOT_VPN] ]
06-18 16:01:59.189  1556  3880 I WindowManager: Destroying surface Surface(name=PopupWindow:6b6e4c4) called by com.android.server.wm.WindowStateAnimator.destroySurface:2069 com.android.server.wm.WindowStateAnimator.destroySurfaceLocked:897 com.android.server.wm.WindowState.removeLocked:1464 com.android.server.wm.WindowManagerService.removeWindowInnerLocked:2537 com.android.server.wm.WindowManagerService.removeWindowLocked:2495 com.android.server.wm.WindowManagerService.removeWindowLocked:2364 com.android.server.wm.WindowManagerService.removeWindow:2355 com.android.server.wm.Session.remove:202 
06-18 16:01:59.363  1556  3706 D ConnectivityService: requestNetwork for Track default from uid/pid:10144/26189 for NetworkRequest [ id=767, legacyType=-1, [ Capabilities: INTERNET&NOT_RESTRICTED&TRUSTED&NOT_VPN] ]
06-18 16:02:04.946  1556  3724 D ConnectivityService: releasing NetworkRequest NetworkRequest [ id=767, legacyType=-1, [ Capabilities: INTERNET&NOT_RESTRICTED&TRUSTED&NOT_VPN] ]
06-18 16:02:04.973   550   550 I chatty  : uid=1000(system) /system/bin/surfaceflinger expire 2 lines
06-18 16:02:05.001  1556  3706 I WindowManager: Destroying surface Surface(name=PopupWindow:bdc0fdd) called by com.android.server.wm.WindowStateAnimator.destroySurface:2069 com.android.server.wm.WindowStateAnimator.destroySurfaceLocked:897 com.android.server.wm.WindowState.removeLocked:1464 com.android.server.wm.WindowManagerService.removeWindowInnerLocked:2537 com.android.server.wm.WindowManagerService.removeWindowLocked:2495 com.android.server.wm.WindowManagerService.removeWindowLocked:2364 com.android.server.wm.WindowManagerService.removeWindow:2355 com.android.server.wm.Session.remove:202 
06-18 16:02:05.004   550   740 I chatty  : uid=1000(system) EventThread expire 4 lines
06-18 16:02:05.177  1556  1567 D ConnectivityService: requestNetwork for Track default from uid/pid:10144/26189 for NetworkRequest [ id=768, legacyType=-1, [ Capabilities: INTERNET&NOT_RESTRICTED&TRUSTED&NOT_VPN] ]
06-18 16:02:10.135  1556  3724 D ConnectivityService: releasing NetworkRequest NetworkRequest [ id=768, legacyType=-1, [ Capabilities: INTERNET&NOT_RESTRICTED&TRUSTED&NOT_VPN] ]
06-18 16:02:10.189  1556  4487 I WindowManager: Destroying surface Surface(name=PopupWindow:534ec0d) called by com.android.server.wm.WindowStateAnimator.destroySurface:2069 com.android.server.wm.WindowStateAnimator.destroySurfaceLocked:897 com.android.server.wm.WindowState.removeLocked:1464 com.android.server.wm.WindowManagerService.removeWindowInnerLocked:2537 com.android.server.wm.WindowManagerService.removeWindowLocked:2495 com.android.server.wm.WindowManagerService.removeWindowLocked:2364 com.android.server.wm.WindowManagerService.removeWindow:2355 com.android.server.wm.Session.remove:202 
06-18 16:02:10.373  1556  1566 D ConnectivityService: requestNetwork for Track default from uid/pid:10144/26189 for NetworkRequest [ id=769, legacyType=-1, [ Capabilities: INTERNET&NOT_RESTRICTED&TRUSTED&NOT_VPN] ]
06-18 16:02:16.251  1556  3724 D ConnectivityService: releasing NetworkRequest NetworkRequest [ id=769, legacyType=-1, [ Capabilities: INTERNET&NOT_RESTRICTED&TRUSTED&NOT_VPN] ]
06-18 16:02:16.304  1556  3706 I WindowManager: Destroying surface Surface(name=PopupWindow:b49f432) called by com.android.server.wm.WindowStateAnimator.destroySurface:2069 com.android.server.wm.WindowStateAnimator.destroySurfaceLocked:897 com.android.server.wm.WindowState.removeLocked:1464 com.android.server.wm.WindowManagerService.removeWindowInnerLocked:2537 com.android.server.wm.WindowManagerService.removeWindowLocked:2495 com.android.server.wm.WindowManagerService.removeWindowLocked:2364 com.android.server.wm.WindowManagerService.removeWindow:2355 com.android.server.wm.Session.remove:202 
06-18 16:02:16.493  1556 15253 D ConnectivityService: requestNetwork for Track default from uid/pid:10144/26189 for NetworkRequest [ id=770, legacyType=-1, [ Capabilities: INTERNET&NOT_RESTRICTED&TRUSTED&NOT_VPN] ]
06-18 16:02:21.198  1556  3724 D ConnectivityService: releasing NetworkRequest NetworkRequest [ id=770, legacyType=-1, [ Capabilities: INTERNET&NOT_RESTRICTED&TRUSTED&NOT_VPN] ]
06-18 16:02:21.255  1556  4422 I WindowManager: Destroying surface Surface(name=PopupWindow:3478d33) called by com.android.server.wm.WindowStateAnimator.destroySurface:2069 com.android.server.wm.WindowStateAnimator.destroySurfaceLocked:897 com.android.server.wm.WindowState.removeLocked:1464 com.android.server.wm.WindowManagerService.removeWindowInnerLocked:2537 com.android.server.wm.WindowManagerService.removeWindowLocked:2495 com.android.server.wm.WindowManagerService.removeWindowLocked:2364 com.android.server.wm.WindowManagerService.removeWindow:2355 com.android.server.wm.Session.remove:202 
06-18 16:02:21.441  1556  5992 D ConnectivityService: requestNetwork for Track default from uid/pid:10144/26189 for NetworkRequest [ id=771, legacyType=-1, [ Capabilities: INTERNET&NOT_RESTRICTED&TRUSTED&NOT_VPN] ]
06-18 16:02:25.903  1556  3724 D ConnectivityService: releasing NetworkRequest NetworkRequest [ id=771, legacyType=-1, [ Capabilities: INTERNET&NOT_RESTRICTED&TRUSTED&NOT_VPN] ]
06-18 16:02:25.932   550   550 I chatty  : uid=1000(system) /system/bin/surfaceflinger expire 4 lines
06-18 16:02:25.958  1556  4489 I WindowManager: Destroying surface Surface(name=PopupWindow:559b199) called by com.android.server.wm.WindowStateAnimator.destroySurface:2069 com.android.server.wm.WindowStateAnimator.destroySurfaceLocked:897 com.android.server.wm.WindowState.removeLocked:1464 com.android.server.wm.WindowManagerService.removeWindowInnerLocked:2537 com.android.server.wm.WindowManagerService.removeWindowLocked:2495 com.android.server.wm.WindowManagerService.removeWindowLocked:2364 com.android.server.wm.WindowManagerService.removeWindow:2355 com.android.server.wm.Session.remove:202 
06-18 16:02:25.962   550   740 I chatty  : uid=1000(system) EventThread expire 4 lines
06-18 16:02:26.095  1556  3689 D BatteryService: uevent={POWER_SUPPLY_TEMP=305, POWER_SUPPLY_STATUS=Full, POWER_SUPPLY_CAPACITY=100, ACTION=change, DEVPATH=/devices/soc.0/qpnp-smbcharger-17/power_supply/battery, POWER_SUPPLY_AGE=96, POWER_SUPPLY_VOLTAGE_MAX=4350, SUBSYSTEM=power_supply, POWER_SUPPLY_NUM_SYSTEM_TEMP_LEVELS=8, POWER_SUPPLY_VOLTAGE_MAX_DESIGN=4350000, POWER_SUPPLY_INPUT_CURRENT_MAX=1500000, POWER_SUPPLY_CHARGE_FULL=2960000, POWER_SUPPLY_NAME=battery, POWER_SUPPLY_FLASH_CURRENT_MAX=2871660, POWER_SUPPLY_HEALTH=Good, POWER_SUPPLY_CYCLE_COUNT=0, POWER_SUPPLY_TECHNOLOGY=Li-ion, POWER_SUPPLY_CHARGE_TYPE=N/A, POWER_SUPPLY_PRESENT=1, POWER_SUPPLY_CONSTANT_CHARGE_CURRENT_MAX=2500000, POWER_SUPPLY_TEMP_HOTSPOT=0, POWER_SUPPLY_INPUT_CURRENT_SETTLED=0, POWER_SUPPLY_SAFETY_TIMER_ENABLED=0, POWER_SUPPLY_FLASH_ACTIVE=0, POWER_SUPPLY_VOLTAGE_NOW=4321263, SEQNUM=194755, POWER_SUPPLY_CHARGE_FULL_DESIGN=3059000, POWER_SUPPLY_CURRENT_NOW=152, POWER_SUPPLY_SYSTEM_TEMP_LEVEL=0, POWER_SUPPLY_CHARGE_COUNTER=3059000, POWER_SUPPLY_CHARGE_RATE=Normal, POWER_SUPPLY_CHARGING_ENABLED=1, POWER_SUPPLY_BATTERY_CHARGING_ENABLED=1}
06-18 16:02:26.097  1556  3706 D BatteryService: mLastPlugType/mPlugType:2/2
06-18 16:02:26.097  1556  3706 D BatteryService: set mLastPlugType to 2
06-18 16:02:26.126  1556  4493 D ConnectivityService: requestNetwork for Track default from uid/pid:10144/26189 for NetworkRequest [ id=772, legacyType=-1, [ Capabilities: INTERNET&NOT_RESTRICTED&TRUSTED&NOT_VPN] ]
06-18 16:02:29.815  1556  3724 D ConnectivityService: releasing NetworkRequest NetworkRequest [ id=772, legacyType=-1, [ Capabilities: INTERNET&NOT_RESTRICTED&TRUSTED&NOT_VPN] ]
06-18 16:02:29.870  1556   611 I WindowManager: Destroying surface Surface(name=PopupWindow:68190c9) called by com.android.server.wm.WindowStateAnimator.destroySurface:2069 com.android.server.wm.WindowStateAnimator.destroySurfaceLocked:897 com.android.server.wm.WindowState.removeLocked:1464 com.android.server.wm.WindowManagerService.removeWindowInnerLocked:2537 com.android.server.wm.WindowManagerService.removeWindowLocked:2495 com.android.server.wm.WindowManagerService.removeWindowLocked:2364 com.android.server.wm.WindowManagerService.removeWindow:2355 com.android.server.wm.Session.remove:202 
06-18 16:02:30.045  1556  4421 D ConnectivityService: requestNetwork for Track default from uid/pid:10144/26189 for NetworkRequest [ id=773, legacyType=-1, [ Capabilities: INTERNET&NOT_RESTRICTED&TRUSTED&NOT_VPN] ]
06-18 16:02:58.307   550   740 I SFPerfTracer:      triggers: (rate: 0:27) (6474 sw vsyncs) (0 skipped) (282:3413073 vsyncs) (284:3430055)
06-18 16:02:59.300   550   550 I SFPerfTracer:      triggers: (rate: 19:2374) (compose: 5:326) (post: 0:0) (render: 0:305) (14:99250 frames) (15:130825)
06-18 16:02:59.300   550   550 D SFPerfTracer:        layers: (3:7) (DimLayerController/Stack=0 (0xa4f0e400): 0:3108)* (StatusBar (0xa4f10c00): 0:44988) (NavigationBar (0xa5283000): 0:19539) (com.android.systemui.ImageWallpaper (0xa52db800): 0:18288)* (Sprite (0xa4f0f800): 0:100)* (animation background stackId=1 (0xa5286c00): 0:28)* (com.fieldkit/com.fieldkit.MainActivity (0xa5285800): 15:703) 
06-18 16:03:01.197   550   740 I SFPerfTracer:      triggers: (rate: 0:27) (6474 sw vsyncs) (0 skipped) (67:3413224 vsyncs) (69:3430216)
06-18 16:03:02.292   550   550 I SFPerfTracer:      triggers: (rate: 19:2377) (compose: 5:326) (post: 0:0) (render: 0:305) (18:99345 frames) (19:130928)
06-18 16:03:02.292   550   550 D SFPerfTracer:        layers: (3:7) (DimLayerController/Stack=0 (0xa4f0e400): 0:3108)* (StatusBar (0xa4f10c00): 0:44992) (NavigationBar (0xa5283000): 0:19539) (com.android.systemui.ImageWallpaper (0xa52db800): 0:18288)* (Sprite (0xa4f0f800): 0:100)* (animation background stackId=1 (0xa5286c00): 0:28)* (com.fieldkit/com.fieldkit.MainActivity (0xa5285800): 19:805) 
06-18 16:03:03.248   550   740 I SFPerfTracer:      triggers: (rate: 0:27) (6474 sw vsyncs) (0 skipped) (50:3413328 vsyncs) (52:3430329)
06-18 16:03:05.098   550   740 I SFPerfTracer:      triggers: (rate: 0:27) (6474 sw vsyncs) (0 skipped) (55:3413421 vsyncs) (57:3430430)
06-18 16:03:07.801   550   550 I SFPerfTracer:      triggers: (rate: 19:2383) (compose: 5:326) (post: 0:0) (render: 0:305) (16:99448 frames) (17:131041)
06-18 16:03:07.801   550   550 D SFPerfTracer:        layers: (3:7) (DimLayerController/Stack=0 (0xa4f0e400): 0:3108)* (StatusBar (0xa4f10c00): 0:44992) (NavigationBar (0xa5283000): 0:19539) (com.android.systemui.ImageWallpaper (0xa52db800): 0:18288)* (Sprite (0xa4f0f800): 0:100)* (animation background stackId=1 (0xa5286c00): 0:28)* (com.fieldkit/com.fieldkit.MainActivity (0xa5285800): 17:918) 
06-18 16:03:26.255  1556  3689 D BatteryService: uevent={POWER_SUPPLY_TEMP=310, POWER_SUPPLY_STATUS=Full, POWER_SUPPLY_CAPACITY=100, ACTION=change, DEVPATH=/devices/soc.0/qpnp-smbcharger-17/power_supply/battery, POWER_SUPPLY_AGE=96, POWER_SUPPLY_VOLTAGE_MAX=4350, SUBSYSTEM=power_supply, POWER_SUPPLY_NUM_SYSTEM_TEMP_LEVELS=8, POWER_SUPPLY_VOLTAGE_MAX_DESIGN=4350000, POWER_SUPPLY_INPUT_CURRENT_MAX=1500000, POWER_SUPPLY_CHARGE_FULL=2960000, POWER_SUPPLY_NAME=battery, POWER_SUPPLY_FLASH_CURRENT_MAX=2870664, POWER_SUPPLY_HEALTH=Good, POWER_SUPPLY_CYCLE_COUNT=0, POWER_SUPPLY_TECHNOLOGY=Li-ion, POWER_SUPPLY_CHARGE_TYPE=N/A, POWER_SUPPLY_PRESENT=1, POWER_SUPPLY_CONSTANT_CHARGE_CURRENT_MAX=2500000, POWER_SUPPLY_TEMP_HOTSPOT=0, POWER_SUPPLY_INPUT_CURRENT_SETTLED=0, POWER_SUPPLY_SAFETY_TIMER_ENABLED=0, POWER_SUPPLY_FLASH_ACTIVE=0, POWER_SUPPLY_VOLTAGE_NOW=4320958, SEQNUM=194759, POWER_SUPPLY_CHARGE_FULL_DESIGN=3059000, POWER_SUPPLY_CURRENT_NOW=152, POWER_SUPPLY_SYSTEM_TEMP_LEVEL=0, POWER_SUPPLY_CHARGE_COUNTER=3059000, POWER_SUPPLY_CHARGE_RATE=Normal, POWER_SUPPLY_CHARGING_ENABLED=1, POWER_SUPPLY_BATTERY_CHARGING_ENABLED=1}
06-18 16:03:26.258  1556  4419 D BatteryService: mLastPlugType/mPlugType:2/2
06-18 16:03:26.258  1556  4419 D BatteryService: set mLastPlugType to 2
06-18 16:03:55.178  1556  4496 D BatteryService: mLastPlugType/mPlugType:2/2
06-18 16:03:55.178  1556  4496 D BatteryService: set mLastPlugType to 2
06-18 16:04:26.404  1556  3689 D BatteryService: uevent={POWER_SUPPLY_TEMP=305, POWER_SUPPLY_STATUS=Full, POWER_SUPPLY_CAPACITY=100, ACTION=change, DEVPATH=/devices/soc.0/qpnp-smbcharger-17/power_supply/battery, POWER_SUPPLY_AGE=96, POWER_SUPPLY_VOLTAGE_MAX=4350, SUBSYSTEM=power_supply, POWER_SUPPLY_NUM_SYSTEM_TEMP_LEVELS=8, POWER_SUPPLY_VOLTAGE_MAX_DESIGN=4350000, POWER_SUPPLY_INPUT_CURRENT_MAX=1500000, POWER_SUPPLY_CHARGE_FULL=2960000, POWER_SUPPLY_NAME=battery, POWER_SUPPLY_FLASH_CURRENT_MAX=2870664, POWER_SUPPLY_HEALTH=Good, POWER_SUPPLY_CYCLE_COUNT=0, POWER_SUPPLY_TECHNOLOGY=Li-ion, POWER_SUPPLY_CHARGE_TYPE=N/A, POWER_SUPPLY_PRESENT=1, POWER_SUPPLY_CONSTANT_CHARGE_CURRENT_MAX=2500000, POWER_SUPPLY_TEMP_HOTSPOT=0, POWER_SUPPLY_INPUT_CURRENT_SETTLED=0, POWER_SUPPLY_SAFETY_TIMER_ENABLED=0, POWER_SUPPLY_FLASH_ACTIVE=0, POWER_SUPPLY_VOLTAGE_NOW=4321569, SEQNUM=194764, POWER_SUPPLY_CHARGE_FULL_DESIGN=3059000, POWER_SUPPLY_CURRENT_NOW=152, POWER_SUPPLY_SYSTEM_TEMP_LEVEL=0, POWER_SUPPLY_CHARGE_COUNTER=3059000, POWER_SUPPLY_CHARGE_RATE=Normal, POWER_SUPPLY_CHARGING_ENABLED=1, POWER_SUPPLY_BATTERY_CHARGING_ENABLED=1}
06-18 16:04:30.475  1556  3724 D ConnectivityService: releasing NetworkRequest NetworkRequest [ id=773, legacyType=-1, [ Capabilities: INTERNET&NOT_RESTRICTED&TRUSTED&NOT_VPN] ]
06-18 16:04:30.527  1556  4493 I WindowManager: Destroying surface Surface(name=PopupWindow:7ec9872) called by com.android.server.wm.WindowStateAnimator.destroySurface:2069 com.android.server.wm.WindowStateAnimator.destroySurfaceLocked:897 com.android.server.wm.WindowState.removeLocked:1464 com.android.server.wm.WindowManagerService.removeWindowInnerLocked:2537 com.android.server.wm.WindowManagerService.removeWindowLocked:2495 com.android.server.wm.WindowManagerService.removeWindowLocked:2364 com.android.server.wm.WindowManagerService.removeWindow:2355 com.android.server.wm.Session.remove:202 
06-18 16:04:30.539   550   740 I SFPerfTracer:      triggers: (rate: 0:27) (6474 sw vsyncs) (0 skipped) (5073:3418499 vsyncs) (5075:3435512)
06-18 16:04:30.689  1556  4489 D ConnectivityService: requestNetwork for Track default from uid/pid:10144/26189 for NetworkRequest [ id=774, legacyType=-1, [ Capabilities: INTERNET&NOT_RESTRICTED&TRUSTED&NOT_VPN] ]
06-18 16:04:55.178  1556  4128 D BatteryService: mLastPlugType/mPlugType:2/2
06-18 16:04:55.178  1556  4128 D BatteryService: set mLastPlugType to 2
06-18 16:05:22.175   550   740 I SFPerfTracer:      triggers: (rate: 0:27) (6474 sw vsyncs) (0 skipped) (3063:3421562 vsyncs) (3065:3438578)
06-18 16:05:23.768   550   550 I SFPerfTracer:      triggers: (rate: 19:2385) (compose: 5:326) (post: 0:0) (render: 0:305) (19:99506 frames) (20:131153)
06-18 16:05:23.768   550   550 D SFPerfTracer:        layers: (3:8) (DimLayerController/Stack=0 (0xa4f0e400): 0:3108)* (StatusBar (0xa4f10c00): 0:45051) (NavigationBar (0xa5283000): 0:19542) (com.android.systemui.ImageWallpaper (0xa52db800): 0:18291)* (Sprite (0xa4f0f800): 0:100)* (animation background stackId=1 (0xa5286c00): 0:28)* (com.fieldkit/com.fieldkit.MainActivity (0xa5285800): 20:974) (PopupWindow:7ec9872 (0xa4f0d000): 0:1)- 
06-18 16:05:24.780   550   740 I SFPerfTracer:      triggers: (rate: 0:27) (6474 sw vsyncs) (0 skipped) (152:3421714 vsyncs) (154:3438732)
06-18 16:05:26.555  1556  3689 D BatteryService: uevent={POWER_SUPPLY_TEMP=305, POWER_SUPPLY_STATUS=Full, POWER_SUPPLY_CAPACITY=100, ACTION=change, DEVPATH=/devices/soc.0/qpnp-smbcharger-17/power_supply/battery, POWER_SUPPLY_AGE=96, POWER_SUPPLY_VOLTAGE_MAX=4350, SUBSYSTEM=power_supply, POWER_SUPPLY_NUM_SYSTEM_TEMP_LEVELS=8, POWER_SUPPLY_VOLTAGE_MAX_DESIGN=4350000, POWER_SUPPLY_INPUT_CURRENT_MAX=1500000, POWER_SUPPLY_CHARGE_FULL=2960000, POWER_SUPPLY_NAME=battery, POWER_SUPPLY_FLASH_CURRENT_MAX=2870664, POWER_SUPPLY_HEALTH=Good, POWER_SUPPLY_CYCLE_COUNT=0, POWER_SUPPLY_TECHNOLOGY=Li-ion, POWER_SUPPLY_CHARGE_TYPE=N/A, POWER_SUPPLY_PRESENT=1, POWER_SUPPLY_CONSTANT_CHARGE_CURRENT_MAX=2500000, POWER_SUPPLY_TEMP_HOTSPOT=0, POWER_SUPPLY_INPUT_CURRENT_SETTLED=0, POWER_SUPPLY_SAFETY_TIMER_ENABLED=0, POWER_SUPPLY_FLASH_ACTIVE=0, POWER_SUPPLY_VOLTAGE_NOW=4321263, SEQNUM=194767, POWER_SUPPLY_CHARGE_FULL_DESIGN=3059000, POWER_SUPPLY_CURRENT_NOW=152, POWER_SUPPLY_SYSTEM_TEMP_LEVEL=0, POWER_SUPPLY_CHARGE_COUNTER=3059000, POWER_SUPPLY_CHARGE_RATE=Normal, POWER_SUPPLY_CHARGING_ENABLED=1, POWER_SUPPLY_BATTERY_CHARGING_ENABLED=1}
06-18 16:05:26.557  1556   745 D BatteryService: mLastPlugType/mPlugType:2/2
06-18 16:05:26.557  1556   745 D BatteryService: set mLastPlugType to 2
06-18 16:05:29.302  1556  1566 E BatteryStatsService: no controller energy info supplied
06-18 16:05:29.302  1556  1566 E BatteryStatsService: no controller energy info supplied
06-18 16:05:29.314  1556  1566 E KernelUidCpuTimeReader: Failed to read uid_cputime: /proc/uid_cputime/show_uid_stat (No such file or directory)
06-18 16:05:29.324  1556  1566 E BatteryStatsService: modem info is invalid: ModemActivityInfo{ mTimestamp=704137690 mSleepTimeMs=696088084 mIdleTimeMs=-695461348 mTxTimeMs[]=[0, 0, 0, 0, 0] mRxTimeMs=5226 mEnergyUsed=0}
06-18 16:05:31.800   550   740 I SFPerfTracer:      triggers: (rate: 0:27) (6474 sw vsyncs) (0 skipped) (414:3422128 vsyncs) (416:3439148)
06-18 16:05:32.423   550   550 I SFPerfTracer:      triggers: (rate: 19:2387) (compose: 5:326) (post: 0:0) (render: 0:305) (18:99607 frames) (19:131265)
06-18 16:05:32.423   550   550 D SFPerfTracer:        layers: (3:7) (DimLayerController/Stack=0 (0xa4f0e400): 0:3108)* (StatusBar (0xa4f10c00): 0:45056) (NavigationBar (0xa5283000): 0:19542) (com.android.systemui.ImageWallpaper (0xa52db800): 0:18291)* (Sprite (0xa4f0f800): 0:100)* (animation background stackId=1 (0xa5286c00): 0:28)* (com.fieldkit/com.fieldkit.MainActivity (0xa5285800): 19:1082) 
06-18 16:05:37.915   550   740 I SFPerfTracer:      triggers: (rate: 0:27) (6474 sw vsyncs) (0 skipped) (294:3422479 vsyncs) (296:3439507)
06-18 16:05:40.101   550   550 I SFPerfTracer:      triggers: (rate: 19:2389) (compose: 5:326) (post: 0:0) (render: 0:305) (17:99707 frames) (18:131374)
06-18 16:05:40.101   550   550 D SFPerfTracer:        layers: (3:7) (DimLayerController/Stack=0 (0xa4f0e400): 0:3108)* (StatusBar (0xa4f10c00): 0:45056) (NavigationBar (0xa5283000): 0:19542) (com.android.systemui.ImageWallpaper (0xa52db800): 0:18291)* (Sprite (0xa4f0f800): 0:100)* (animation background stackId=1 (0xa5286c00): 0:28)* (com.fieldkit/com.fieldkit.MainActivity (0xa5285800): 18:1191) 
06-18 16:05:40.687   550   740 I SFPerfTracer:      triggers: (rate: 0:27) (6474 sw vsyncs) (0 skipped) (96:3422629 vsyncs) (98:3439665)
06-18 16:05:55.178  1556  5885 D BatteryService: mLastPlugType/mPlugType:2/2
06-18 16:05:55.178  1556  5885 D BatteryService: set mLastPlugType to 2
06-18 16:06:00.684  1556  3724 D ConnectivityService: releasing NetworkRequest NetworkRequest [ id=774, legacyType=-1, [ Capabilities: INTERNET&NOT_RESTRICTED&TRUSTED&NOT_VPN] ]
06-18 16:06:00.750  1556  4487 I WindowManager: Destroying surface Surface(name=PopupWindow:2f8a6f5) called by com.android.server.wm.WindowStateAnimator.destroySurface:2069 com.android.server.wm.WindowStateAnimator.destroySurfaceLocked:897 com.android.server.wm.WindowState.removeLocked:1464 com.android.server.wm.WindowManagerService.removeWindowInnerLocked:2537 com.android.server.wm.WindowManagerService.removeWindowLocked:2495 com.android.server.wm.WindowManagerService.removeWindowLocked:2364 com.android.server.wm.WindowManagerService.removeWindow:2355 com.android.server.wm.Session.remove:202 
06-18 16:06:00.755   550   740 I SFPerfTracer:      triggers: (rate: 0:27) (6474 sw vsyncs) (0 skipped) (1169:3423815 vsyncs) (1171:3440855)
06-18 16:06:00.958  1556 15255 D ConnectivityService: requestNetwork for Track default from uid/pid:10144/26189 for NetworkRequest [ id=775, legacyType=-1, [ Capabilities: INTERNET&NOT_RESTRICTED&TRUSTED&NOT_VPN] ]
06-18 16:06:03.947   550   740 I SFPerfTracer:      triggers: (rate: 0:27) (6474 sw vsyncs) (0 skipped) (175:3423990 vsyncs) (177:3441033)
06-18 16:06:05.151   550   550 I SFPerfTracer:      triggers: (rate: 19:2394) (compose: 5:326) (post: 0:0) (render: 0:305) (19:99803 frames) (20:131492)
06-18 16:06:05.151   550   550 D SFPerfTracer:        layers: (3:8) (DimLayerController/Stack=0 (0xa4f0e400): 0:3108)* (StatusBar (0xa4f10c00): 0:45076) (NavigationBar (0xa5283000): 0:19545) (com.android.systemui.ImageWallpaper (0xa52db800): 0:18294)* (Sprite (0xa4f0f800): 0:100)* (animation background stackId=1 (0xa5286c00): 0:28)* (com.fieldkit/com.fieldkit.MainActivity (0xa5285800): 20:1292) (PopupWindow:2f8a6f5 (0xa4f0d000): 0:2)- 
06-18 16:06:12.125   550   740 I SFPerfTracer:      triggers: (rate: 0:27) (6474 sw vsyncs) (0 skipped) (484:3424474 vsyncs) (486:3441519)
06-18 16:06:26.715  1556  3689 D BatteryService: uevent={POWER_SUPPLY_TEMP=302, POWER_SUPPLY_STATUS=Full, POWER_SUPPLY_CAPACITY=100, ACTION=change, DEVPATH=/devices/soc.0/qpnp-smbcharger-17/power_supply/battery, POWER_SUPPLY_AGE=96, POWER_SUPPLY_VOLTAGE_MAX=4350, SUBSYSTEM=power_supply, POWER_SUPPLY_NUM_SYSTEM_TEMP_LEVELS=8, POWER_SUPPLY_VOLTAGE_MAX_DESIGN=4350000, POWER_SUPPLY_INPUT_CURRENT_MAX=1500000, POWER_SUPPLY_CHARGE_FULL=2960000, POWER_SUPPLY_NAME=battery, POWER_SUPPLY_FLASH_CURRENT_MAX=2870664, POWER_SUPPLY_HEALTH=Good, POWER_SUPPLY_CYCLE_COUNT=0, POWER_SUPPLY_TECHNOLOGY=Li-ion, POWER_SUPPLY_CHARGE_TYPE=N/A, POWER_SUPPLY_PRESENT=1, POWER_SUPPLY_CONSTANT_CHARGE_CURRENT_MAX=2500000, POWER_SUPPLY_TEMP_HOTSPOT=0, POWER_SUPPLY_INPUT_CURRENT_SETTLED=0, POWER_SUPPLY_SAFETY_TIMER_ENABLED=0, POWER_SUPPLY_FLASH_ACTIVE=0, POWER_SUPPLY_VOLTAGE_NOW=4321569, SEQNUM=194768, POWER_SUPPLY_CHARGE_FULL_DESIGN=3059000, POWER_SUPPLY_CURRENT_NOW=152, POWER_SUPPLY_SYSTEM_TEMP_LEVEL=0, POWER_SUPPLY_CHARGE_COUNTER=3059000, POWER_SUPPLY_CHARGE_RATE=Normal, POWER_SUPPLY_CHARGING_ENABLED=1, POWER_SUPPLY_BATTERY_CHARGING_ENABLED=1}
06-18 16:06:55.178  1556  5885 D BatteryService: mLastPlugType/mPlugType:2/2
06-18 16:06:55.178  1556  5885 D BatteryService: set mLastPlugType to 2
06-18 16:07:01.997  1556  3724 D ConnectivityService: releasing NetworkRequest NetworkRequest [ id=775, legacyType=-1, [ Capabilities: INTERNET&NOT_RESTRICTED&TRUSTED&NOT_VPN] ]
06-18 16:07:02.032   550   740 I SFPerfTracer:      triggers: (rate: 0:27) (6474 sw vsyncs) (0 skipped) (2968:3427442 vsyncs) (2970:3444489)
06-18 16:07:02.061  1556  4129 I WindowManager: Destroying surface Surface(name=PopupWindow:2fd00ac) called by com.android.server.wm.WindowStateAnimator.destroySurface:2069 com.android.server.wm.WindowStateAnimator.destroySurfaceLocked:897 com.android.server.wm.WindowState.removeLocked:1464 com.android.server.wm.WindowManagerService.removeWindowInnerLocked:2537 com.android.server.wm.WindowManagerService.removeWindowLocked:2495 com.android.server.wm.WindowManagerService.removeWindowLocked:2364 com.android.server.wm.WindowManagerService.removeWindow:2355 com.android.server.wm.Session.remove:202 
06-18 16:07:02.234  1556 15256 D ConnectivityService: requestNetwork for Track default from uid/pid:10144/26189 for NetworkRequest [ id=776, legacyType=-1, [ Capabilities: INTERNET&NOT_RESTRICTED&TRUSTED&NOT_VPN] ]
06-18 16:07:02.512  1556  3724 D ConnectivityService: releasing NetworkRequest NetworkRequest [ id=776, legacyType=-1, [ Capabilities: INTERNET&NOT_RESTRICTED&TRUSTED&NOT_VPN] ]
06-18 16:07:02.565  1556 15255 I WindowManager: Destroying surface Surface(name=PopupWindow:74efb62) called by com.android.server.wm.WindowStateAnimator.destroySurface:2069 com.android.server.wm.WindowStateAnimator.destroySurfaceLocked:897 com.android.server.wm.WindowState.removeLocked:1464 com.android.server.wm.WindowManagerService.removeWindowInnerLocked:2537 com.android.server.wm.WindowManagerService.removeWindowLocked:2495 com.android.server.wm.WindowManagerService.removeWindowLocked:2364 com.android.server.wm.WindowManagerService.removeWindow:2355 com.android.server.wm.Session.remove:202 
