06-18 16:15:56.117 21227 21227 V ConnectivityManager: isActiveNetworkMetered() returns:false
06-18 16:15:56.208 21227 27398 V ConnectivityManager: isActiveNetworkMetered() returns:false
06-18 16:15:56.211 21227 21227 I Finsky  : [1] pyt.handleMessage(10): DeviceState: DeviceState{currentTime=1560899756206, isCharging=true, isIdle=false, netAny=true, netNotRoaming=true, netUnmetered=true}
06-18 16:15:56.226 21227 27408 I Finsky  : [3221] qah.b(7): Jobs in database: 1-1337 10-1 10-3 10-4 10-6 10-7 10-8 10-10 10-11 10-12 10-14 10-15 10-16 10-18 10-20 10-22 10-24 10-25 10-26 10-27 10-28 10-29 10-30 10-31 10-33 10-35 10-36 10-38 10-39 10-40 10-41 10-42 10-44 10-46 10-47 10-48 10-50 10-54 10-55 10-56 10-57 10-61 10-64 12-1 26-1414141414 
06-18 16:15:56.245 21227 21227 I Finsky  : [1] pym.a(22): Running job: 12-1
06-18 16:15:56.247 21227 21227 I Finsky  : [1] com.google.android.finsky.contentsync.ContentSyncJob.a(22): ContentSyncJob started
06-18 16:15:56.247 21227 21227 I Finsky  : [1] pyt.handleMessage(84): RunningQueue size: 1, PendingQueue size: 0
06-18 16:15:56.248 21227 21227 I Finsky  : [1] pyt.handleMessage(93): Running queue: 12-1 
06-18 16:15:56.355 21227 27426 I Finsky  : [3225] dlo.a(17): Completed 0 account content syncs with 0 successful.
06-18 16:15:56.356 21227 21227 I Finsky  : [1] com.google.android.finsky.contentsync.ContentSyncJob.a(20): Installation state replication succeeded.
06-18 16:15:56.357 21227 21227 I Finsky  : [1] qaa.a(9): jobFinished: 12-1. TimeElapsed: 110ms
06-18 16:15:56.358 21227 21227 I Finsky  : [1] pym.c(3): Job 12-1 finished
06-18 16:15:56.359 21227 21227 I Finsky  : [1] pyt.handleMessage(84): RunningQueue size: 0, PendingQueue size: 0
06-18 16:15:56.360 21227 21227 I Finsky  : [1] pyt.handleMessage(27): Executor finished
06-18 16:15:56.365 21227 21227 V ConnectivityManager: isActiveNetworkMetered() returns:false
06-18 16:15:56.381 21227 21227 I Finsky  : [1] qah.b(7): Jobs in database: 1-1337 10-1 10-3 10-4 10-6 10-7 10-8 10-10 10-11 10-12 10-14 10-15 10-16 10-18 10-20 10-22 10-24 10-25 10-26 10-27 10-28 10-29 10-30 10-31 10-33 10-35 10-36 10-38 10-39 10-40 10-41 10-42 10-44 10-46 10-47 10-48 10-50 10-54 10-55 10-56 10-57 10-61 10-64 26-1414141414 
06-18 16:15:56.392 21227 21227 I Finsky  : [1] pxo.a(113): ConstraintMapping: 10-15, 10-46, 10-39, 10-54, 10-50, 10-1, 10-8, 10-22, 10-36, 10-31, 10-61, 10-35, 10-64, 10-25, 10-20, 10-29, 10-10, 10-24, 10-3, 10-28, 10-11, 10-41, 10-40, 10-18, 10-27, 10-30, 10-7, 10-4, 10-6, 10-38, 10-47, 10-26, 1-1337, 10-56, 10-44, 10-55, 10-12, 10-57, 10-33, 10-48, 10-42, 10-16, 10-14,  -> L: 19337825ms, D: 62537825ms, C: false, I: false, N: 1
06-18 16:15:56.393 21227 21227 I Finsky  : [1] pxo.a(113): ConstraintMapping: 26-1414141414,  -> L: 13742504ms, D: 14642504ms, C: false, I: false, N: 0
06-18 16:15:56.395 21227 21227 I Finsky  : [1] com.google.android.finsky.scheduler.JobSchedulerEngine.a(42): Cancelling existing job with id: 9003
06-18 16:15:56.399 21227 21227 I Finsky  : [1] com.google.android.finsky.scheduler.JobSchedulerEngine.a(4): Scheduling job Id: 9000, L: 19337825, D: 62537825, C: false, I: false, N: 1
06-18 16:15:56.404 21227 21227 I Finsky  : [1] com.google.android.finsky.scheduler.JobSchedulerEngine.a(4): Scheduling job Id: 9001, L: 13742504, D: 14642504, C: false, I: false, N: 0
06-18 16:15:59.409 21227 27398 V ConnectivityManager: isActiveNetworkMetered() returns:false
06-18 16:16:00.003  3774  3774 D KeyguardUpdateMonitor: received broadcast android.intent.action.TIME_TICK
06-18 16:16:00.004  3774  3774 D KeyguardUpdateMonitor: handleTimeUpdate
06-18 16:16:00.236   865   865 I MSM-irqbalance: Decided to move IRQ57 from CPU5 to CPU7
06-18 16:16:05.239   865   865 I MSM-irqbalance: Decided to move IRQ215 from CPU4 to CPU7
06-18 16:16:05.911   630   630 I cnss-daemon: RTM_NEWNEIGH message received: 28
06-18 16:16:05.911   630   630 I cnss-daemon: NDA_DST received: 192.168.0.1 ul: 16820416
06-18 16:16:05.911   630   630 I cnss-daemon: NDA_LLADDR received
06-18 16:16:10.242   865   865 I MSM-irqbalance: Decided to move IRQ200 from CPU4 to CPU7
06-18 16:16:10.777   630   630 I cnss-daemon: RTM_NEWNEIGH message received: 28
06-18 16:16:10.777   630   630 E cnss-daemon: Stale or unreachable neighbors, ndm state: 4
06-18 16:16:11.009 24330 24356 I art     : Note: end time exceeds INT32_MAX: 9223369985
06-18 16:16:20.250   865   865 I MSM-irqbalance: Decided to move IRQ65 from CPU4 to CPU5
06-18 16:16:25.250   865   865 I MSM-irqbalance: Decided to move IRQ222 from CPU4 to CPU5
06-18 16:16:28.365  1556  3689 D BatteryService: uevent={POWER_SUPPLY_TEMP=310, POWER_SUPPLY_STATUS=Full, POWER_SUPPLY_CAPACITY=100, ACTION=change, DEVPATH=/devices/soc.0/qpnp-smbcharger-17/power_supply/battery, POWER_SUPPLY_AGE=96, POWER_SUPPLY_VOLTAGE_MAX=4350, SUBSYSTEM=power_supply, POWER_SUPPLY_NUM_SYSTEM_TEMP_LEVELS=8, POWER_SUPPLY_VOLTAGE_MAX_DESIGN=4350000, POWER_SUPPLY_INPUT_CURRENT_MAX=1500000, POWER_SUPPLY_CHARGE_FULL=2960000, POWER_SUPPLY_NAME=battery, POWER_SUPPLY_FLASH_CURRENT_MAX=2849319, POWER_SUPPLY_HEALTH=Good, POWER_SUPPLY_CYCLE_COUNT=0, POWER_SUPPLY_TECHNOLOGY=Li-ion, POWER_SUPPLY_CHARGE_TYPE=N/A, POWER_SUPPLY_PRESENT=1, POWER_SUPPLY_CONSTANT_CHARGE_CURRENT_MAX=2500000, POWER_SUPPLY_TEMP_HOTSPOT=0, POWER_SUPPLY_INPUT_CURRENT_SETTLED=0, POWER_SUPPLY_SAFETY_TIMER_ENABLED=0, POWER_SUPPLY_FLASH_ACTIVE=0, POWER_SUPPLY_VOLTAGE_NOW=4320043, SEQNUM=194798, POWER_SUPPLY_CHARGE_FULL_DESIGN=3059000, POWER_SUPPLY_CURRENT_NOW=152, POWER_SUPPLY_SYSTEM_TEMP_LEVEL=0, POWER_SUPPLY_CHARGE_COUNTER=3059000, POWER_SUPPLY_CHARGE_RATE=Normal, POWER_SUPPLY_CHARGING_ENABLED=1, POWER_SUPPLY_BATTERY_CHARGING_ENABLED=1}
06-18 16:16:30.253   865   865 I MSM-irqbalance: Decided to move IRQ239 from CPU6 to CPU5
06-18 16:16:35.260   865   865 I MSM-irqbalance: Decided to move IRQ215 from CPU7 to CPU5
06-18 16:16:37.725  4316  4318 E ANDR-PERF-MPCTL: Invalid profile no. 0, total profiles 0 only
06-18 16:16:38.264   550   740 I SFPerfTracer:      triggers: (rate: 0:27) (6474 sw vsyncs) (0 skipped) (2821:3455779 vsyncs) (2823:3473038)
06-18 16:16:38.792  4316  4318 E ANDR-PERF-MPCTL: Invalid profile no. 0, total profiles 0 only
06-18 16:16:40.260   865   865 I MSM-irqbalance: Decided to move IRQ178 from CPU6 to CPU5
06-18 16:16:40.383   550   550 I SFPerfTracer:      triggers: (rate: 19:2444) (compose: 5:326) (post: 0:0) (render: 0:305) (18:101280 frames) (19:133415)
06-18 16:16:40.383   550   550 D SFPerfTracer:        layers: (3:8) (DimLayerController/Stack=0 (0xa4f0e400): 0:3251)* (StatusBar (0xa4f10c00): 0:45839) (NavigationBar (0xa5283000): 0:20033) (com.android.systemui.ImageWallpaper (0xa52db800): 0:18782)* (Sprite (0xa4f0f800): 0:102)* (animation background stackId=1 (0xa5286c00): 0:32)* (Starting com.fieldkit (0xa4f0d000): 0:39)- (com.fieldkit/com.fieldkit.MainActivity (0xa5285800): 19:108) 
06-18 16:16:40.412  4316  4318 E ANDR-PERF-MPCTL: Invalid profile no. 0, total profiles 0 only
06-18 16:16:41.199   550   740 I SFPerfTracer:      triggers: (rate: 0:27) (6474 sw vsyncs) (0 skipped) (116:3455943 vsyncs) (118:3473207)
06-18 16:16:41.552  3923  4775 V ConnectivityManager: isActiveNetworkMetered() returns:false
06-18 16:16:41.710  4329 24311 W ResourceType: ResTable_typeSpec entry count inconsistent: given 15, previously 22
06-18 16:16:41.711  4329 24311 W ResourceType: ResTable_typeSpec entry count inconsistent: given 15, previously 22
06-18 16:16:41.711  4329 24311 W ResourceType: ResTable_typeSpec entry count inconsistent: given 1265, previously 2275
06-18 16:16:41.711  4329 24311 W ResourceType: ResTable_typeSpec entry count inconsistent: given 354, previously 477
06-18 16:16:41.712  4329 24311 W ResourceType: ResTable_typeSpec entry count inconsistent: given 15, previously 22
06-18 16:16:41.713  4329 24311 W ResourceType: ResTable_typeSpec entry count inconsistent: given 15, previously 22
06-18 16:16:41.713  4329 24311 W ResourceType: ResTable_typeSpec entry count inconsistent: given 1265, previously 2275
06-18 16:16:41.713  4329 24311 W ResourceType: ResTable_typeSpec entry count inconsistent: given 354, previously 477
06-18 16:16:41.714  4329 24311 W ResourceType: ResTable_typeSpec entry count inconsistent: given 15, previously 22
06-18 16:16:41.714  4329 24311 W ResourceType: ResTable_typeSpec entry count inconsistent: given 474, previously 1483
06-18 16:16:41.738  4329 24311 W ResourceType: ResTable_typeSpec entry count inconsistent: given 1310, previously 1354
06-18 16:16:41.784 27452 27463 I chatty  : uid=10144(com.fieldkit) expire 6 lines
06-18 16:16:41.813  4329 24311 W ResourceType: ResTable_typeSpec entry count inconsistent: given 30, previously 36
06-18 16:16:41.814  4329 24311 W ResourceType: ResTable_typeSpec entry count inconsistent: given 30, previously 36
06-18 16:16:41.814  4329 24311 W ResourceType: ResTable_typeSpec entry count inconsistent: given 30, previously 36
06-18 16:16:41.815  4329 24311 W ResourceType: ResTable_typeSpec entry count inconsistent: given 30, previously 36
06-18 16:16:41.815  4329 24311 W ResourceType: ResTable_typeSpec entry count inconsistent: given 30, previously 36
06-18 16:16:41.887  4329 25520 I AppsUpload: Uploading list of 28 apps for 1 account(s)
06-18 16:16:41.955  4329 25520 E AppsUpload: Privacy bit setting explicitly disabled
06-18 16:16:41.979  3923  4775 V ConnectivityManager: isActiveNetworkMetered() returns:false
06-18 16:16:42.014  1556  3710 I chatty  : uid=1000(system) NetworkStats expire 48 lines
06-18 16:16:42.025 17153 17153 I FirebaseJobDispatcher: onStartJob(): PeriodicContextualMetrics.
06-18 16:16:42.026 17153 17169 I PContextMetricsRunner: call()
06-18 16:16:42.027 17153 17169 I PContextMetricsRunner: call() : Finished in 1 ms
06-18 16:16:42.029 17153 17153 I FirebaseJobDispatcher: Task: PeriodicContextualMetrics successes.
06-18 16:16:42.043  3923  3934 I art     : Background partial concurrent mark sweep GC freed 150820(7MB) AllocSpace objects, 14(936KB) LOS objects, 39% free, 17MB/28MB, paused 1.297ms total 147.147ms
06-18 16:16:42.300  4380  4397 I chatty  : uid=1000(system) Binder:4380_2 expire 16 lines
06-18 16:16:43.456  1556 27602 I chatty  : uid=1000 system_server expire 2 lines
06-18 16:16:49.790 21227 21242 I Finsky  : [3097] imb.run(3): Stats for Executor: BlockingExecutor ink@ec7124f[Running, pool size = 1, active threads = 0, queued tasks = 0, completed tasks = 40]
06-18 16:16:49.791 21227 21242 I Finsky  : [3097] imb.run(3): Stats for Executor: LightweightExecutor ink@a710ddc[Running, pool size = 4, active threads = 0, queued tasks = 0, completed tasks = 63]
06-18 16:16:49.847  4380 28191 I chatty  : uid=1000(system) Binder:4380_3 expire 7 lines
06-18 16:16:49.965  4380  4391 I chatty  : uid=1000(system) Binder:4380_1 expire 7 lines
06-18 16:16:50.019 21227 21242 I Finsky  : [3097] imb.run(3): Stats for Executor: bgExecutor ink@8841ee5[Running, pool size = 4, active threads = 0, queued tasks = 0, completed tasks = 114]
06-18 16:16:50.261   865   865 I MSM-irqbalance: Decided to move IRQ215 from CPU5 to CPU6
06-18 16:16:54.484 21227 21264 I PlayCommon: [3118] adnc.d(23): Preparing logs for uploading
06-18 16:16:54.488 21227 21264 I PlayCommon: [3118] adnc.d(125): Connecting to server: https://play.googleapis.com/play/log?format=raw&proto_v2=true
06-18 16:16:54.679 21227 21264 I PlayCommon: [3118] adnc.d(173): Successfully uploaded logs.
06-18 16:16:55.259   865   865 I MSM-irqbalance: Decided to move IRQ178 from CPU5 to CPU6
06-18 16:16:59.399   550   740 I SFPerfTracer:      triggers: (rate: 0:27) (6474 sw vsyncs) (0 skipped) (991:3456966 vsyncs) (993:3474234)
06-18 16:16:59.498   630   630 I cnss-daemon: RTM_NEWNEIGH message received: 28
06-18 16:16:59.498   630   630 I cnss-daemon: NDA_DST received: 192.168.0.1 ul: 16820416
06-18 16:16:59.498   630   630 I cnss-daemon: NDA_LLADDR received
06-18 16:16:59.565  1556  3710 I chatty  : uid=1000(system) NetworkStats expire 36 lines
06-18 16:16:59.651  4380  4397 I chatty  : uid=1000(system) Binder:4380_2 expire 4 lines
06-18 16:16:59.864  4380 28191 I chatty  : uid=1000(system) Binder:4380_3 expire 3 lines
06-18 16:16:59.972  4380  4391 I chatty  : uid=1000(system) Binder:4380_1 expire 10 lines
06-18 16:17:00.002  3774  3774 D KeyguardUpdateMonitor: received broadcast android.intent.action.TIME_TICK
06-18 16:17:00.002  3774  3774 D KeyguardUpdateMonitor: handleTimeUpdate
06-18 16:17:00.246  4380  4397 I chatty  : uid=1000(system) Binder:4380_2 expire 8 lines
06-18 16:17:00.258   865   865 I MSM-irqbalance: Decided to move IRQ65 from CPU5 to CPU4
06-18 16:17:00.344  4380 28191 I chatty  : uid=1000(system) Binder:4380_3 expire 8 lines
06-18 16:17:02.112 27452 27482 I chatty  : uid=10144(com.fieldkit) expire 29 lines
06-18 16:17:03.149 27452 27482 E AndroidRuntime: FATAL EXCEPTION: OkHttp Dispatcher
06-18 16:17:03.149 27452 27482 E AndroidRuntime: Process: com.fieldkit, PID: 27452
06-18 16:17:03.149 27452 27482 E AndroidRuntime: java.lang.OutOfMemoryError: Failed to allocate a 66256904 byte allocation with 16777216 free bytes and 55MB until OOM
06-18 16:17:03.149 27452 27482 E AndroidRuntime: 	at java.util.Arrays.copyOf(Arrays.java:3352)
06-18 16:17:03.149 27452 27482 E AndroidRuntime: 	at java.lang.AbstractStringBuilder.expandCapacity(AbstractStringBuilder.java:130)
06-18 16:17:03.149 27452 27482 E AndroidRuntime: 	at java.lang.AbstractStringBuilder.ensureCapacityInternal(AbstractStringBuilder.java:114)
06-18 16:17:03.149 27452 27482 E AndroidRuntime: 	at java.lang.AbstractStringBuilder.append(AbstractStringBuilder.java:550)
06-18 16:17:03.149 27452 27482 E AndroidRuntime: 	at java.lang.StringBuilder.append(StringBuilder.java:205)
06-18 16:17:03.149 27452 27482 E AndroidRuntime: 	at android.util.JsonReader.nextString(JsonReader.java:910)
06-18 16:17:03.149 27452 27482 E AndroidRuntime: 	at android.util.JsonReader.nextValue(JsonReader.java:708)
06-18 16:17:03.149 27452 27482 E AndroidRuntime: 	at android.util.JsonReader.objectValue(JsonReader.java:691)
06-18 16:17:03.149 27452 27482 E AndroidRuntime: 	at android.util.JsonReader.peek(JsonReader.java:347)
06-18 16:17:03.149 27452 27482 E AndroidRuntime: 	at com.facebook.react.devsupport.JSDebuggerWebSocketClient.onMessage(JSDebuggerWebSocketClient.java:187)
06-18 16:17:03.149 27452 27482 E AndroidRuntime: 	at okhttp3.internal.ws.RealWebSocket.onReadMessage(RealWebSocket.java:307)
06-18 16:17:03.149 27452 27482 E AndroidRuntime: 	at okhttp3.internal.ws.WebSocketReader.readMessageFrame(WebSocketReader.java:222)
06-18 16:17:03.149 27452 27482 E AndroidRuntime: 	at okhttp3.internal.ws.WebSocketReader.processNextFrame(WebSocketReader.java:101)
06-18 16:17:03.149 27452 27482 E AndroidRuntime: 	at okhttp3.internal.ws.RealWebSocket.loopReader(RealWebSocket.java:262)
06-18 16:17:03.149 27452 27482 E AndroidRuntime: 	at okhttp3.internal.ws.RealWebSocket$2.onResponse(RealWebSocket.java:201)
06-18 16:17:03.149 27452 27482 E AndroidRuntime: 	at okhttp3.RealCall$AsyncCall.execute(RealCall.java:135)
06-18 16:17:03.149 27452 27482 E AndroidRuntime: 	at okhttp3.internal.NamedRunnable.run(NamedRunnable.java:32)
06-18 16:17:03.149 27452 27482 E AndroidRuntime: 	at java.util.concurrent.ThreadPoolExecutor.runWorker(ThreadPoolExecutor.java:1133)
06-18 16:17:03.149 27452 27482 E AndroidRuntime: 	at java.util.concurrent.ThreadPoolExecutor$Worker.run(ThreadPoolExecutor.java:607)
06-18 16:17:03.149 27452 27482 E AndroidRuntime: 	at java.lang.Thread.run(Thread.java:761)
06-18 16:17:03.152  1556 15255 W ActivityManager:   Force finishing activity com.fieldkit/.MainActivity
06-18 16:17:03.175  1556  4493 I chatty  : uid=1000(system) Binder:1556_C expire 7 lines
06-18 16:17:03.250  1556  3701 I chatty  : uid=1000(system) RenderThread expire 2 lines
06-18 16:17:03.663  1556  1570 W ActivityManager: Activity pause timeout for ActivityRecord{6a5908a u0 com.fieldkit/.MainActivity t392 f}
06-18 16:17:03.724  1556 15254 I chatty  : uid=1000(system) Binder:1556_13 expire 3 lines
06-18 16:17:03.735 15539 15539 W SearchServiceClient: Starting with NO_SESSION handoverId is deprecated. Just don't. You will break.
06-18 16:17:03.735 15539 15539 W SearchServiceClient: com.google.android.apps.gsa.shared.util.b.e: SearchServiceClient: Starting with NO_SESSION handoverId is deprecated. Just don't. You will break.
06-18 16:17:03.735 15539 15539 W SearchServiceClient: 	at com.google.android.apps.gsa.shared.util.b.f.a(SourceFile:40)
06-18 16:17:03.735 15539 15539 W SearchServiceClient: 	at com.google.android.apps.gsa.shared.util.b.f.d(SourceFile:6)
06-18 16:17:03.735 15539 15539 W SearchServiceClient: 	at com.google.android.apps.gsa.search.shared.service.aa.a(SourceFile:110)
06-18 16:17:03.735 15539 15539 W SearchServiceClient: 	at com.google.android.apps.gsa.search.shared.service.aa.d(SourceFile:96)
06-18 16:17:03.735 15539 15539 W SearchServiceClient: 	at com.google.android.apps.gsa.nowoverlayservice.aq.a(SourceFile:15)
06-18 16:17:03.735 15539 15539 W SearchServiceClient: 	at com.google.android.libraries.gsa.f.b.n.a(SourceFile:20)
06-18 16:17:03.735 15539 15539 W SearchServiceClient: 	at com.google.android.libraries.gsa.f.b.n.handleMessage(SourceFile:25)
06-18 16:17:03.735 15539 15539 W SearchServiceClient: 	at android.os.Handler.dispatchMessage(Handler.java:98)
06-18 16:17:03.735 15539 15539 W SearchServiceClient: 	at android.os.Looper.loop(Looper.java:154)
06-18 16:17:03.735 15539 15539 W SearchServiceClient: 	at android.app.ActivityThread.main(ActivityThread.java:6123)
06-18 16:17:03.735 15539 15539 W SearchServiceClient: 	at java.lang.reflect.Method.invoke(Native Method)
06-18 16:17:03.735 15539 15539 W SearchServiceClient: 	at com.android.internal.os.ZygoteInit$MethodAndArgsCaller.run(ZygoteInit.java:867)
06-18 16:17:03.735 15539 15539 W SearchServiceClient: 	at com.android.internal.os.ZygoteInit.main(ZygoteInit.java:757)
06-18 16:17:03.758 15539 15626 W SessionLifecycleManager: Handover failed. Creating new session controller.
06-18 16:17:03.774 15539 15626 E PBSessionCacheImpl: sessionId[68342805201686426] not persisted.
06-18 16:17:03.785 15539 27616 I PBSessionCacheImpl: Deleted sessionId[68342805201686426] from persistence.
06-18 16:17:03.787 15539 27027 W ThreadPoolDumper: Queue length for executor EventBus is now 11. Perhaps some tasks are too long, or the pool is too small.
06-18 16:17:03.792 15539 15626 I OptInState: There is a new client and it does not support opt-in. Dropping request.
06-18 16:17:03.825 15539 27029 V ConnectivityManager: isActiveNetworkMetered() returns:false
06-18 16:17:03.837 15539 27029 V ConnectivityManager: isActiveNetworkMetered() returns:false
06-18 16:17:03.839   550   550 I SFPerfTracer:      triggers: (rate: 19:2445) (compose: 5:326) (post: 0:0) (render: 0:305) (4:101363 frames) (5:133517)
06-18 16:17:03.839   550   550 D SFPerfTracer:        layers: (5:9) (DimLayerController/Stack=0 (0xa4f0e400): 0:3260) (StatusBar (0xa4f10c00): 5:45892) (NavigationBar (0xa5283000): 5:20072) (com.android.systemui.ImageWallpaper (0xa52db800): 5:18821)* (Sprite (0xa4f0f800): 0:102)* (animation background stackId=1 (0xa5286c00): 0:32)* (com.fieldkit/com.fieldkit.MainActivity (0xa5285800): 5:197) (Application Error: com.fieldkit (0xa4f0d000): 5:34) (com.google.android.googlequicksearchbox/com.google.android.launcher.GEL (0xa5284400): 2:2)* 
06-18 16:17:03.863 15539 15626 I MicroDetectionWorker: #startMicroDetector [speakerMode: 0]
06-18 16:17:03.865 15539 15626 I AudioController: Created new AudioSource
06-18 16:17:03.867 15539 15626 I MicroDetectionWorker: onReady
06-18 16:17:03.872 15539 27033 I MicroRecognitionRunner: Starting detection.
06-18 16:17:03.873 15539 27033 I MultipleReaderAudioSrc: Using micInputStream
06-18 16:17:03.873 15539 27024 I MicrophoneInputStream: mic_starting  SR : 16000 CC : 16 SO : 1999
06-18 16:17:03.876   598 27619 I AudioFlinger: AudioFlinger's thread 0xa8903280 ready to run
06-18 16:17:03.884   598 27619 D audio_hw_primary: in_set_parameters: enter: kvpairs=input_source=6;routing=-2147483644
06-18 16:17:03.885 15539 27024 I MicrophoneInputStream: mic_started  SR : 16000 CC : 16 SO : 1999
06-18 16:17:03.895   598 27619 V msm8974_platform: platform_update_usecase_from_source: input source :6
06-18 16:17:03.895   598 27619 V msm8974_platform: platform_get_input_snd_device: enter: out_device(0) in_device(0x4) channel_count (1) channel_mask (0x10)
06-18 16:17:03.895   598 27619 V msm8974_platform: platform_get_input_snd_device: exit: in_snd_device(voice-rec-mic)
06-18 16:17:03.895   598 27619 E audio_route: unable to find path 'set-capture-format-default'
06-18 16:17:03.895   598 27619 V msm8974_platform: platform_send_audio_calibration: sending audio calibration for snd_device(107) acdb_id(62)
06-18 16:17:03.895   598 27619 D ACDB-LOADER: ACDB -> send_audio_cal, acdb_id = 62, path =  1
06-18 16:17:03.895   598 27619 D ACDB-LOADER: ACDB -> send_asm_topology
06-18 16:17:03.895   598 27619 D ACDB-LOADER: ACDB -> ACDB_CMD_GET_AUDPROC_STREAM_TOPOLOGY_ID
06-18 16:17:03.895   598 27619 D ACDB-LOADER: ACDB -> send_adm_topology
06-18 16:17:03.895   598 27619 D ACDB-LOADER: ACDB -> ACDB_CMD_GET_AUDPROC_COMMON_TOPOLOGY_ID
06-18 16:17:03.896  1556  1565 I chatty  : uid=1000(system) HeapTaskDaemon expire 3 lines
06-18 16:17:03.896   598 27619 D ACDB-LOADER: ACDB -> send_audtable
06-18 16:17:03.896   598 27619 D ACDB-LOADER: ACDB -> ACDB_CMD_GET_AUDPROC_COMMON_TABLE_SIZE
06-18 16:17:03.896   598 27619 D         : ACDBFILE_MGR:Read the devices count as zero, please check the acdb file
06-18 16:17:03.896   598 27619 D ACDB-LOADER: ACDB -> ACDB_CMD_GET_AUDPROC_COMMON_TABLE
06-18 16:17:03.896   598 27619 D         : ACDBFILE_MGR:Read the devices count as zero, please check the acdb file
06-18 16:17:03.896   598 27619 D ACDB-LOADER: ACDB -> AUDIO_SET_AUDPROC_CAL
06-18 16:17:03.896   598 27619 D ACDB-LOADER: ACDB -> send_audvoltable
06-18 16:17:03.896   598 27619 D ACDB-LOADER: ACDB -> ACDB_CMD_GET_AUDPROC_GAIN_DEP_STEP_TABLE
06-18 16:17:03.896   598 27619 D         : ACDBFILE_MGR:Read the devices count as zero, please check the acdb file
06-18 16:17:03.896   598 27619 D         : Failed to fetch the lookup information of the device 0000003E 
06-18 16:17:03.896   598 27619 D ACDB-LOADER: ACDB -> AUDIO_SET_AUDPROC_VOL_CAL
06-18 16:17:03.896   598 27619 D ACDB-LOADER: ACDB -> send_audstrmtable
06-18 16:17:03.896   598 27619 D ACDB-LOADER: ACDB -> ACDB_CMD_GET_AUDPROC_STREAM_TABLE_V2
06-18 16:17:03.896   598 27619 D ACDB-LOADER: ACDB -> audstrm_cal->cal_type.cal_data.cal_size = 32
06-18 16:17:03.896   598 27619 D ACDB-LOADER: ACDB -> send_afe_topology
06-18 16:17:03.896   598 27619 D ACDB-LOADER: ACDB -> ACDB_CMD_GET_AFE_TOPOLOGY_ID
06-18 16:17:03.896   598 27619 D ACDB-LOADER: ACDB -> GET_AFE_TOPOLOGY_ID for adcd_id 62, Topology Id 112fb
06-18 16:17:03.896   598 27619 D ACDB-LOADER: ACDB -> send_afe_cal
06-18 16:17:03.896   598 27619 D ACDB-LOADER: ACDB -> ACDB_CMD_GET_AFE_COMMON_TABLE
06-18 16:17:03.896   598 27619 D         : ACDBFILE_MGR:Read the devices count as zero, please check the acdb file
06-18 16:17:03.896   598 27619 D         : Failed to fetch the lookup information of the device 0000003E 
06-18 16:17:03.896   598 27619 D ACDB-LOADER: ACDB -> AUDIO_SET_AFE_CAL
06-18 16:17:03.896   598 27619 D ACDB-LOADER: ACDB -> send_hw_delay : acdb_id = 62 path = 1
06-18 16:17:03.896   598 27619 D ACDB-LOADER: ACDB -> ACDB_AVSYNC_INFO: ACDB_CMD_GET_DEVICE_PROPERTY
06-18 16:17:03.896   598 27619 D audio_hw_primary: enable_snd_device: snd_device(107: voice-rec-mic)
06-18 16:17:03.899   598 27619 D audio_hw_primary: enable_audio_route: apply and update mixer path: audio-record
06-18 16:17:03.981 15539 15626 I MicroDetectionWorker: onReady
06-18 16:17:04.279  4490  4769 W OpenGLRenderer: Incorrectly called buildLayer on View: ShortcutAndWidgetContainer, destroying layer...
06-18 16:17:05.057  1556  4421 D BatteryService: mLastPlugType/mPlugType:2/2
06-18 16:17:05.057  1556  4421 D BatteryService: set mLastPlugType to 2
06-18 16:17:05.059  3774  3774 D KeyguardUpdateMonitor: received broadcast android.intent.action.BATTERY_CHANGED
06-18 16:17:05.060  3747  3747 D VideoCall_LowBattery: BatteryIntent received: android.intent.action.BATTERY_CHANGED
06-18 16:17:05.061  4380  4476 I chatty  : uid=1000(system) MainEventThread expire 11 lines
06-18 16:17:05.061  1556  3689 D BatteryService: uevent={POWER_SUPPLY_TEMP=310, POWER_SUPPLY_STATUS=Full, POWER_SUPPLY_CAPACITY=100, ACTION=change, DEVPATH=/devices/soc.0/qpnp-smbcharger-17/power_supply/battery, POWER_SUPPLY_AGE=96, POWER_SUPPLY_VOLTAGE_MAX=4350, SUBSYSTEM=power_supply, POWER_SUPPLY_NUM_SYSTEM_TEMP_LEVELS=8, POWER_SUPPLY_VOLTAGE_MAX_DESIGN=4350000, POWER_SUPPLY_INPUT_CURRENT_MAX=1500000, POWER_SUPPLY_CHARGE_FULL=2960000, POWER_SUPPLY_NAME=battery, POWER_SUPPLY_FLASH_CURRENT_MAX=2868018, POWER_SUPPLY_HEALTH=Good, POWER_SUPPLY_CYCLE_COUNT=0, POWER_SUPPLY_TECHNOLOGY=Li-ion, POWER_SUPPLY_CHARGE_TYPE=N/A, POWER_SUPPLY_PRESENT=1, POWER_SUPPLY_CONSTANT_CHARGE_CURRENT_MAX=2500000, POWER_SUPPLY_TEMP_HOTSPOT=0, POWER_SUPPLY_INPUT_CURRENT_SETTLED=0, POWER_SUPPLY_SAFETY_TIMER_ENABLED=0, POWER_SUPPLY_FLASH_ACTIVE=0, POWER_SUPPLY_VOLTAGE_NOW=4318517, SEQNUM=194800, POWER_SUPPLY_CHARGE_FULL_DESIGN=3059000, POWER_SUPPLY_CURRENT_NOW=1220, POWER_SUPPLY_SYSTEM_TEMP_LEVEL=0, POWER_SUPPLY_CHARGE_COUNTER=3059000, POWER_SUPPLY_CHARGE_RATE=Normal, POWER_SUPPLY_CHARGING_ENABLED=1, POWER_SUPPLY_BATTERY_CHARGING_ENABLED=1}
06-18 16:17:05.063  3747  3747 E QtiImsExtUtils: getConfigForPhoneId subId is invalid
06-18 16:17:05.063  3747  3747 E QtiImsExtUtils: isCarrierConfigEnabled bundle is null
06-18 16:17:05.063  3747  3747 D VideoCall_LowBattery:  allowVideoCallsInLowBattery: false isCarrierOneSupported: false mIsLowbattery: false
06-18 16:17:05.065  3774  3774 D KeyguardUpdateMonitor: handleBatteryUpdate
06-18 16:17:05.261   865   865 I MSM-irqbalance: Decided to move IRQ222 from CPU5 to CPU4
06-18 16:17:10.259   865   865 I MSM-irqbalance: Decided to move IRQ200 from CPU7 to CPU4
06-18 16:17:10.924   630   630 I cnss-daemon: RTM_NEWNEIGH message received: 28
06-18 16:17:10.924   630   630 E cnss-daemon: Stale or unreachable neighbors, ndm state: 4
06-18 16:17:11.062 27452 27452 I chatty  : uid=10144(com.fieldkit) expire 3 lines
06-18 16:17:11.273  1556  1566 I chatty  : uid=1000(system) Binder:1556_1 expire 2 lines
06-18 16:17:11.618  1556  4128 I WindowManager: Destroying surface Surface(name=com.fieldkit/com.fieldkit.MainActivity) called by com.android.server.wm.WindowStateAnimator.destroySurface:2069 com.android.server.wm.WindowStateAnimator.destroySurfaceLocked:897 com.android.server.wm.WindowState.removeLocked:1464 com.android.server.wm.WindowManagerService.removeWindowInnerLocked:2537 com.android.server.wm.WindowManagerService.removeWindowLocked:2495 com.android.server.wm.WindowManagerService.removeWindowLocked:2364 com.android.server.wm.WindowManagerService.removeWindow:2355 com.android.server.wm.Session.remove:202 
06-18 16:17:15.286   865   865 I MSM-irqbalance: Decided to move IRQ271 from CPU7 to CPU4
06-18 16:17:20.303   865   865 I MSM-irqbalance: Decided to move IRQ57 from CPU7 to CPU4
06-18 16:17:23.527  1556  5885 I chatty  : uid=1000(system) Binder:1556_E expire 1 line
06-18 16:17:28.477  1556  3689 D BatteryService: uevent={POWER_SUPPLY_TEMP=312, POWER_SUPPLY_STATUS=Full, POWER_SUPPLY_CAPACITY=100, ACTION=change, DEVPATH=/devices/soc.0/qpnp-smbcharger-17/power_supply/battery, POWER_SUPPLY_AGE=96, POWER_SUPPLY_VOLTAGE_MAX=4350, SUBSYSTEM=power_supply, POWER_SUPPLY_NUM_SYSTEM_TEMP_LEVELS=8, POWER_SUPPLY_VOLTAGE_MAX_DESIGN=4350000, POWER_SUPPLY_INPUT_CURRENT_MAX=1500000, POWER_SUPPLY_CHARGE_FULL=2960000, POWER_SUPPLY_NAME=battery, POWER_SUPPLY_FLASH_CURRENT_MAX=2869021, POWER_SUPPLY_HEALTH=Good, POWER_SUPPLY_CYCLE_COUNT=0, POWER_SUPPLY_TECHNOLOGY=Li-ion, POWER_SUPPLY_CHARGE_TYPE=N/A, POWER_SUPPLY_PRESENT=1, POWER_SUPPLY_CONSTANT_CHARGE_CURRENT_MAX=2500000, POWER_SUPPLY_TEMP_HOTSPOT=0, POWER_SUPPLY_INPUT_CURRENT_SETTLED=0, POWER_SUPPLY_SAFETY_TIMER_ENABLED=0, POWER_SUPPLY_FLASH_ACTIVE=0, POWER_SUPPLY_VOLTAGE_NOW=4319585, SEQNUM=194801, POWER_SUPPLY_CHARGE_FULL_DESIGN=3059000, POWER_SUPPLY_CURRENT_NOW=152, POWER_SUPPLY_SYSTEM_TEMP_LEVEL=0, POWER_SUPPLY_CHARGE_COUNTER=3059000, POWER_SUPPLY_CHARGE_RATE=Normal, POWER_SUPPLY_CHARGING_ENABLED=1, POWER_SUPPLY_BATTERY_CHARGING_ENABLED=1}
06-18 16:17:28.480  1556  3706 D BatteryService: mLastPlugType/mPlugType:2/2
06-18 16:17:28.480  1556  3706 D BatteryService: set mLastPlugType to 2
06-18 16:17:28.482  3774  3774 D KeyguardUpdateMonitor: received broadcast android.intent.action.BATTERY_CHANGED
06-18 16:17:28.483  3747  3747 D VideoCall_LowBattery: BatteryIntent received: android.intent.action.BATTERY_CHANGED
06-18 16:17:28.486  3747  3747 E QtiImsExtUtils: getConfigForPhoneId subId is invalid
06-18 16:17:28.486  3747  3747 E QtiImsExtUtils: isCarrierConfigEnabled bundle is null
06-18 16:17:28.486  3747  3747 D VideoCall_LowBattery:  allowVideoCallsInLowBattery: false isCarrierOneSupported: false mIsLowbattery: false
06-18 16:17:28.486  3774  3774 D KeyguardUpdateMonitor: handleBatteryUpdate
06-18 16:17:28.970  4316  4318 E ANDR-PERF-MPCTL: Invalid profile no. 0, total profiles 0 only
06-18 16:17:29.087  1556 15255 I ActivityManager: Killing 27452:com.fieldkit/u0a144 (adj 900): crash
06-18 16:17:29.088  1556 15255 D ActivityManager: cleanUpApplicationRecord -- 27452
06-18 16:17:29.167  1556 15254 D ConnectivityService: ConnectivityService NetworkRequestInfo binderDied(NetworkRequest [ id=783, legacyType=-1, [ Capabilities: INTERNET&NOT_RESTRICTED&TRUSTED&NOT_VPN] ], android.os.BinderProxy@abaddba)
06-18 16:17:29.168  1556 15257 E WifiService: Multicaster binderDied
06-18 16:17:29.169  1556  3724 D ConnectivityService: releasing NetworkRequest NetworkRequest [ id=783, legacyType=-1, [ Capabilities: INTERNET&NOT_RESTRICTED&TRUSTED&NOT_VPN] ]
06-18 16:17:29.171  1556  3724 E ConnectivityService: RemoteException caught trying to send a callback msg for NetworkRequest [ id=783, legacyType=-1, [ Capabilities: INTERNET&NOT_RESTRICTED&TRUSTED&NOT_VPN] ]
06-18 16:17:29.304  1556  1577 I WindowManager: Destroying surface Surface(name=Application Error: com.fieldkit) called by com.android.server.wm.WindowStateAnimator.destroySurface:2069 com.android.server.wm.WindowStateAnimator.destroySurfaceLocked:897 com.android.server.wm.WindowState.destroyOrSaveSurface:2121 com.android.server.wm.WindowSurfacePlacer.performSurfacePlacementInner:433 com.android.server.wm.WindowSurfacePlacer.performSurfacePlacementLoop:234 com.android.server.wm.WindowSurfacePlacer.performSurfacePlacement:182 com.android.server.wm.WindowManagerService$H.handleMessage:8198 android.os.Handler.dispatchMessage:102 
06-18 16:17:29.306  1556  1577 W AppOps  : Finishing op nesting under-run: uid 1000 pkg android code 24 time=0 duration=0 nesting=0
06-18 16:17:29.365  4316  4318 E ANDR-PERF-MPCTL: Invalid profile no. 0, total profiles 0 only
06-18 16:17:30.460   550   740 I SFPerfTracer:      triggers: (rate: 0:27) (6474 sw vsyncs) (0 skipped) (13:3457042 vsyncs) (15:3474340)
06-18 16:17:30.464   865   865 I MSM-irqbalance: Decided to move IRQ200 from CPU7 to CPU4
06-18 16:17:42.532 27643 27643 E ExtendedServiceUtils: Failed to load libdashplayer.so : dlopen failed: library "libdashplayer.so" not found
06-18 16:17:42.536 27643 27643 D AndroidRuntime: >>>>>> START com.android.internal.os.RuntimeInit uid 2000 <<<<<<
06-18 16:17:42.541 27643 27643 D AndroidRuntime: CheckJNI is OFF
06-18 16:17:42.605 27643 27643 D ICU     : No timezone override file found: /data/misc/zoneinfo/current/icu/icu_tzdata.dat
06-18 16:17:42.640 27643 27643 I Radio-JNI: register_android_hardware_Radio DONE
06-18 16:17:42.657 27643 27643 D AndroidRuntime: Calling main entry com.android.commands.am.Am
06-18 16:17:42.671 27643 27643 D AndroidRuntime: Shutting down VM
06-18 16:17:45.489   865   865 I MSM-irqbalance: Decided to move IRQ239 from CPU5 to CPU4
06-18 16:17:45.921 27657 27657 E ExtendedServiceUtils: Failed to load libdashplayer.so : dlopen failed: library "libdashplayer.so" not found
06-18 16:17:45.925 27657 27657 D AndroidRuntime: >>>>>> START com.android.internal.os.RuntimeInit uid 2000 <<<<<<
06-18 16:17:45.929 27657 27657 D AndroidRuntime: CheckJNI is OFF
06-18 16:17:45.994 27657 27657 D ICU     : No timezone override file found: /data/misc/zoneinfo/current/icu/icu_tzdata.dat
06-18 16:17:46.026 27657 27657 I Radio-JNI: register_android_hardware_Radio DONE
06-18 16:17:46.043 27657 27657 D AndroidRuntime: Calling main entry com.android.commands.pm.Pm
06-18 16:17:46.064   614   614 I         : free_cache(26468624) avail 8817491968
06-18 16:17:47.401 21227 21227 I Finsky  : [1] uwo.a(6): Verification requested, id = 62
06-18 16:17:47.408 21227 21227 E Finsky  : [1] vhp.a(2): Package name null is not an installed package
06-18 16:17:47.417 21227 21250 I Finsky  : [3105] vcd.c(1): Skipping verification. Disabled by user setting
06-18 16:17:47.417 21227 21250 I Finsky  : [3105] vcd.c(1): Skipping anti malware verification due to pre-check failure
06-18 16:17:47.421 21227 21250 I Finsky  : [3105] vhp.c(2): PSIC verification started with installer uid: 2000 package name: null, originating uid: -1
06-18 16:17:47.425 21227 21227 I Finsky  : [1] vea.c(3): Verifying id=62, result=1
06-18 16:17:47.432 21227 21227 I Finsky  : [1] vea.b(6): Verification complete: id=62, package_name=com.fieldkit
06-18 16:17:47.504  1556  1592 I chatty  : uid=1000(system) PackageManager expire 6 lines
06-18 16:17:47.562 27671 27671 I dex2oat : Adjusted thread count (for runtime dex2oat): 4, 4
06-18 16:17:47.562 27671 27671 I dex2oat : /system/bin/dex2oat --compiler-filter=interpret-only --debuggable
06-18 16:17:48.273 27671 27671 W dex2oat : Before Android 4.1, method int android.support.v7.widget.DropDownListView.lookForSelectablePosition(int, boolean) would have incorrectly overridden the package-private method in android.widget.ListView
06-18 16:17:48.352 27671 27674 W dex2oat : Before Android 4.1, method int android.support.v7.widget.MenuPopupWindow$MenuDropDownListView.lookForSelectablePosition(int, boolean) would have incorrectly overridden the package-private method in android.widget.ListView
06-18 16:17:48.379 27671 27675 W dex2oat : Before Android 4.1, method com.mapbox.mapboxsdk.maps.MapboxMap com.mapbox.rctmgl.components.mapview.RCTMGLMapView.getMapboxMap() would have incorrectly overridden the package-private method in com.mapbox.mapboxsdk.maps.MapView
06-18 16:17:48.386 27671 27674 W dex2oat : Before Android 4.1, method android.graphics.PorterDuffColorFilter android.support.graphics.drawable.VectorDrawableCompat.updateTintFilter(android.graphics.PorterDuffColorFilter, android.content.res.ColorStateList, android.graphics.PorterDuff$Mode) would have incorrectly overridden the package-private method in android.graphics.drawable.Drawable
06-18 16:17:49.337 27671 27671 I dex2oat : dex2oat took 1.776s (threads: 4) arena alloc=4KB (4416B) java alloc=5MB (6219360B) native alloc=9MB (9566504B) free=3MB (3147480B)
06-18 16:17:49.358  1556  1570 I ActivityManager: Force stopping com.fieldkit appid=10144 user=-1: installPackageLI
06-18 16:17:49.358  1556  1570 I ActivityManager: Killing 27511:com.fieldkit:lost/u0a144 (adj 900): stop com.fieldkit
06-18 16:17:49.359  1556  1570 D ActivityManager: cleanUpApplicationRecord -- 27511
06-18 16:17:49.489  1556  1592 I PackageManager: Package com.fieldkit codePath changed from /data/app/com.fieldkit-1 to /data/app/com.fieldkit-2; Retaining data and using new
06-18 16:17:49.490  1556  1592 W PackageManager: Code path for com.fieldkit changing from /data/app/com.fieldkit-1 to /data/app/com.fieldkit-2
06-18 16:17:49.490  1556  1592 W PackageManager: Resource path for com.fieldkit changing from /data/app/com.fieldkit-1 to /data/app/com.fieldkit-2
06-18 16:17:49.623  1556  1592 W PackageManager: Unknown permission android.permission.ACCESS_COURSE_LOCATION in package com.fieldkit
06-18 16:17:49.990   614   614 E         : Couldn't opendir /data/app/vmdl1006210538.tmp: No such file or directory
06-18 16:17:49.991  1556  1592 I ActivityManager: Force stopping com.fieldkit appid=10144 user=0: pkg removed
06-18 16:17:50.007 27657 27657 I art     : System.exit called, status: 0
06-18 16:17:50.007 27657 27657 I AndroidRuntime: VM exiting with result code 0.
06-18 16:17:50.020 26108 26108 W ContextImpl: Calling a method in the system process without a qualified user: android.app.ContextImpl.startService:1385 android.content.ContextWrapper.startService:613 android.content.ContextWrapper.startService:613 com.android.keychain.KeyChainBroadcastReceiver.onReceive:12 android.app.ActivityThread.handleReceiver:3032 
06-18 16:17:50.062 21227 21227 I Finsky  : [1] com.google.android.finsky.packagemanager.impl.PackageMonitorReceiverImpl.a(4): PackageMonitor received: android.intent.action.PACKAGE_REMOVED
06-18 16:17:50.069  1556  3695 I chatty  : uid=1000(system) InputReader expire 6 lines
06-18 16:17:50.074 21227 21227 I Finsky  : [1] nlv.b(2): Frosting ID looked up on UI thread. Caller should move to a background thread.
06-18 16:17:50.097 21227 21227 I Finsky  : [1] khj.a(267): Installer: found apps to install. apps=[]
06-18 16:17:50.118  3747  3747 D CarrierSvcBindHelper: No carrier app for: 0
06-18 16:17:50.119  3747  3747 D CarrierSvcBindHelper: No carrier app for: 0
06-18 16:17:50.119  3747  3747 D CarrierConfigLoader: mHandler: 9 phoneId: 0
06-18 16:17:50.139 21227 21227 I Finsky  : [1] com.google.android.finsky.packagemanager.impl.PackageMonitorReceiverImpl.a(4): PackageMonitor received: android.intent.action.PACKAGE_ADDED
06-18 16:17:50.141 21227 21227 I Finsky  : [1] vxb.a(11): Do not start WearSupportService due to Wear service optimization
06-18 16:17:50.143  4329 27687 I AppsUpload: Received intent with action android.intent.action.PACKAGE_REMOVED
06-18 16:17:50.145 21227 21227 I Finsky  : [1] nlv.b(2): Frosting ID looked up on UI thread. Caller should move to a background thread.
06-18 16:17:50.162  1556  1569 I chatty  : uid=1000(system) android.bg expire 10 lines
06-18 16:17:50.188  4329 27687 I Auth    : [SupervisedAccountIntentOperation] onHandleIntent(): android.intent.action.PACKAGE_ADDED
06-18 16:17:50.188  4329 27687 I Auth    : [SupervisedAccountIntentOperation] This operation is disabled
06-18 16:17:50.198 21227 27681 I Finsky  : [3231] nlu.run(-1): Wrote row to frosting DB: 1397
06-18 16:17:50.204 21227 21376 I Finsky  : [3154] ksi.b(35): No matching installs to run
06-18 16:17:50.206 21227 27681 I Finsky  : [3231] nlu.run(-1): Wrote row to frosting DB: 1398
06-18 16:17:50.215  4329 27695 I ChromeSync: [Sync,SyncIntentOperation] Handling the intent: Intent { act=android.intent.action.PACKAGE_ADDED dat=package:com.fieldkit flg=0x4000010 cmp=com.google.android.gms/.chimera.GmsIntentOperationService (has extras) }.
06-18 16:17:50.219  4329 27696 I AppsUpload: Received intent with action android.intent.action.PACKAGE_ADDED
06-18 16:17:50.265 21227 27670 V ConnectivityManager: isActiveNetworkMetered() returns:false
06-18 16:17:50.283 21227 21227 I Finsky  : [1] qah.b(7): Jobs in database: 1-1337 10-1 10-3 10-4 10-6 10-7 10-8 10-10 10-11 10-12 10-14 10-15 10-16 10-18 10-20 10-22 10-24 10-25 10-26 10-27 10-28 10-29 10-30 10-31 10-33 10-35 10-36 10-38 10-39 10-40 10-41 10-42 10-44 10-46 10-47 10-48 10-50 10-54 10-55 10-56 10-57 10-61 10-64 12-1 26-1414141414 
06-18 16:17:50.290 21227 21227 I Finsky  : [1] pxo.a(113): ConstraintMapping: 10-15, 10-46, 10-39, 10-54, 10-50, 10-1, 10-8, 10-22, 10-36, 10-31, 10-61, 10-35, 10-64, 10-25, 10-20, 10-29, 10-10, 10-24, 10-3, 10-28, 10-11, 10-41, 10-40, 10-18, 10-27, 10-30, 12-1, 10-7, 10-4, 10-6, 10-38, 10-47, 10-26, 1-1337, 10-56, 10-44, 10-55, 10-12, 10-57, 10-33, 10-48, 10-42, 10-16, 10-14,  -> L: 14813ms, D: 62423925ms, C: false, I: false, N: 1
06-18 16:17:50.291 21227 21227 I Finsky  : [1] pxo.a(113): ConstraintMapping: 26-1414141414,  -> L: 13628605ms, D: 14528605ms, C: false, I: false, N: 0
06-18 16:17:50.292 21227 21227 I Finsky  : [1] com.google.android.finsky.scheduler.JobSchedulerEngine.a(42): Cancelling existing job with id: 9001
06-18 16:17:50.309 21227 21227 I Finsky  : [1] com.google.android.finsky.scheduler.JobSchedulerEngine.a(42): Cancelling existing job with id: 9000
06-18 16:17:50.321 21227 21227 I Finsky  : [1] com.google.android.finsky.scheduler.JobSchedulerEngine.a(4): Scheduling job Id: 9002, L: 14813, D: 62423925, C: false, I: false, N: 1
06-18 16:17:50.333 21227 21227 I Finsky  : [1] com.google.android.finsky.scheduler.JobSchedulerEngine.a(4): Scheduling job Id: 9003, L: 13628605, D: 14528605, C: false, I: false, N: 0
06-18 16:17:50.347  4329  5079 I Icing   : IndexChimeraService.getServiceInterface callingPackage=com.google.android.gms componentName=AppsCorpus serviceId=SEARCH_QUERIES
06-18 16:17:50.350  4329 24666 I Icing   : IndexChimeraService.getServiceInterface callingPackage=com.google.android.gms componentName=AppsCorpus serviceId=SEARCH_CORPORA
06-18 16:17:50.394  3923  4775 V ConnectivityManager: isActiveNetworkMetered() returns:false
06-18 16:17:50.399  4329 27696 I AppsUpload: Received intent with action android.intent.action.PACKAGE_REPLACED
06-18 16:17:50.399  4329 27685 I FontsPackageChangeOp: Package com.fieldkit has no metadata
06-18 16:17:50.405  4329 27687 W PeopleContactsSync: CP2 sync disabled by gservices.
06-18 16:17:50.489   865   865 I MSM-irqbalance: Decided to move IRQ178 from CPU6 to CPU4
06-18 16:17:50.529  4329 24311 I Icing   : Usage reports ok 1, Failed Usage reports 0, indexed 0, rejected 0
06-18 16:17:50.541  4329 24311 I Icing   : Usage reports ok 0, Failed Usage reports 0, indexed 0, rejected 0
06-18 16:17:50.608  4329  5069 I Icing   : IndexChimeraService.getServiceInterface callingPackage=com.google.android.gms componentName=AppsCorpus serviceId=SEARCH_CORPORA
06-18 16:17:50.610  4329  5079 I Icing   : IndexChimeraService.getServiceInterface callingPackage=com.google.android.gms componentName=AppsCorpus serviceId=SEARCH_QUERIES
06-18 16:17:50.622  4329 24311 I Icing   : Usage reports ok 0, Failed Usage reports 0, indexed 0, rejected 0
06-18 16:17:50.632  4329 24311 I Icing   : Usage reports ok 0, Failed Usage reports 0, indexed 0, rejected 0
06-18 16:17:51.406 27713 27713 E ExtendedServiceUtils: Failed to load libdashplayer.so : dlopen failed: library "libdashplayer.so" not found
06-18 16:17:51.410 27713 27713 D AndroidRuntime: >>>>>> START com.android.internal.os.RuntimeInit uid 2000 <<<<<<
06-18 16:17:51.415 27713 27713 D AndroidRuntime: CheckJNI is OFF
06-18 16:17:51.479 27713 27713 D ICU     : No timezone override file found: /data/misc/zoneinfo/current/icu/icu_tzdata.dat
06-18 16:17:51.515 27713 27713 I Radio-JNI: register_android_hardware_Radio DONE
06-18 16:17:51.532 27713 27713 D AndroidRuntime: Calling main entry com.android.commands.am.Am
06-18 16:17:51.541  4316  4318 E ANDR-PERF-MPCTL: Invalid profile no. 0, total profiles 0 only
06-18 16:17:51.542  4316 27724 I Thermal-Lib: Thermal-Lib-Client: Client request sent
06-18 16:17:51.542   579   690 I ThermalEngine: Thermal-Server: Thermal received msg from  override
06-18 16:17:51.542   579   690 E ThermalEngine: override_notify: SS mode 1 override
06-18 16:17:51.542  1556  3706 I ActivityManager: START u0 {flg=0x10000000 cmp=com.fieldkit/.MainActivity} from uid 2000 on display 0
06-18 16:17:51.547  4329 27434 I Icing   : Indexing com.google.android.gms-apps from com.google.android.gms
06-18 16:17:51.562 27713 27713 D AndroidRuntime: Shutting down VM
06-18 16:17:51.571  1556  4419 I ActivityManager: Start proc 27725:com.fieldkit/u0a144 for activity com.fieldkit/.MainActivity
06-18 16:17:51.585 27725 27725 I chatty  : uid=10144(com.fieldkit) expire 52 lines
06-18 16:17:51.602  1556  4421 I chatty  : uid=1000(system) Binder:1556_8 expire 1 line
06-18 16:17:51.663 15539 27617 I PBSessionCacheImpl: Deleted sessionId[68342805201686426] from persistence.
06-18 16:17:51.676 15539 15626 W SearchServiceCore: Abort, client detached.
06-18 16:17:51.677  1556 15255 I chatty  : uid=1000(system) Binder:1556_14 expire 1 line
06-18 16:17:51.682 15539 15626 I MicroDetector: Keeping mic open: false
06-18 16:17:51.683 15539 27029 I DeviceStateChecker: DeviceStateChecker cancelled
06-18 16:17:51.683 15539 27617 I AudioController: internalShutdown
06-18 16:17:51.684 15539 27024 E AudioRecord-JNI: Error -4 during AudioRecord native read
06-18 16:17:51.687 15539 27027 I MicroRecognitionRunner: Stopping hotword detection.
06-18 16:17:51.706   598 27619 D audio_hw_primary: in_set_parameters: enter: kvpairs=routing=0
06-18 16:17:51.737  4329 27434 I Icing   : Indexing done com.google.android.gms-apps
06-18 16:17:51.739  4329 27434 I Icing   : Indexing com.google.android.gms-internal.3p:MobileApplication from com.google.android.gms
06-18 16:17:51.755  4329 27434 I Icing   : Indexing com.google.android.gms-internal.3p:Photograph from com.google.android.gms
06-18 16:17:51.758   598 27619 D audio_hw_primary: disable_audio_route: reset and update mixer path: audio-record
06-18 16:17:51.759   598 27619 D audio_hw_primary: disable_snd_device: snd_device(107: voice-rec-mic)
06-18 16:17:51.761 15539 27617 I MicrophoneInputStream: mic_close  SR : 16000 CC : 16 SO : 1999
06-18 16:17:51.761 15539 27617 E AudioSource: Stop listening is called on already closed AudioSource
06-18 16:17:51.762 15539 27033 I MicroRecognitionRunner: Detection finished
06-18 16:17:51.764  4329 27434 I Icing   : Indexing com.google.android.gms-internal.3p:MusicRecording from com.google.android.gms
06-18 16:17:51.779  4329 27434 I Icing   : Indexing done com.google.android.gms-internal.3p:MobileApplication
06-18 16:17:51.784  4329 27434 I Icing   : Indexing done com.google.android.gms-internal.3p:Photograph
06-18 16:17:51.791  4329 27434 I Icing   : Indexing done com.google.android.gms-internal.3p:MusicRecording
06-18 16:17:51.864 27725 27746 I chatty  : uid=10144(com.fieldkit) expire 1 line
06-18 16:17:51.896 27725 27753 I chatty  : uid=10144(com.fieldkit) expire 100 lines
06-18 16:17:51.930 27725 27752 I chatty  : uid=10144(com.fieldkit) expire 3 lines
06-18 16:17:52.015  1556 15253 I WindowManager: Destroying surface Surface(name=PopupWindow:e80fb27) called by com.android.server.wm.WindowStateAnimator.destroySurface:2069 com.android.server.wm.WindowStateAnimator.destroySurfaceLocked:897 com.android.server.wm.WindowState.removeLocked:1464 com.android.server.wm.WindowManagerService.removeWindowInnerLocked:2537 com.android.server.wm.WindowManagerService.removeWindowLocked:2495 com.android.server.wm.WindowManagerService.removeWindowLocked:2364 com.android.server.wm.WindowManagerService.removeWindow:2355 com.android.server.wm.Session.remove:202 
06-18 16:17:52.024  1556  1577 I LaunchCheckinHandler: Displayed com.fieldkit/.MainActivity,cp,ca,464
06-18 16:17:52.024  1556  1577 I chatty  : uid=1000(system) android.display expire 2 lines
06-18 16:17:52.054   550   550 I SFPerfTracer:      triggers: (rate: 19:2447) (compose: 5:326) (post: 0:0) (render: 0:305) (0:101427 frames) (1:133617)
06-18 16:17:52.054   550   550 D SFPerfTracer:        layers: (3:12) (DimLayerController/Stack=0 (0xa4f0e400): 0:3272)* (StatusBar (0xa4f10c00): 1:45981) (NavigationBar (0xa5283000): 1:20146) (com.android.systemui.ImageWallpaper (0xa52db800): 1:18895)* (Sprite (0xa4f0f800): 0:102)* (animation background stackId=1 (0xa5286c00): 0:33)* (com.fieldkit/com.fieldkit.MainActivity (0xa5285800): 0:228)- (Application Error: com.fieldkit (0xa4f0d000): 0:83)- (com.google.android.googlequicksearchbox/com.google.android.launcher.GEL (0xa5284400): 1:77)* (Starting com.fieldkit (0xa4f0d000): 1:26) (com.fieldkit/com.fieldkit.MainActivity (0xa5285800): 1:9)* (PopupWindow:e80fb27 (0xa52d9000): 0:1)- 
06-18 16:17:52.122  1556  3880 I WindowManager: Destroying surface Surface(name=com.google.android.googlequicksearchbox/com.google.android.launcher.GEL) called by com.android.server.wm.WindowStateAnimator.destroySurface:2069 com.android.server.wm.WindowStateAnimator.destroySurfaceLocked:897 com.android.server.wm.WindowState.destroyOrSaveSurface:2121 com.android.server.wm.AppWindowToken.destroySurfaces:363 com.android.server.wm.AppWindowToken.notifyAppStopped:389 com.android.server.wm.WindowManagerService.notifyAppStopped:4524 com.android.server.am.ActivityStack.activityStoppedLocked:1267 com.android.server.am.ActivityManagerService.activityStopped:7172 
06-18 16:17:52.205  1556  1577 I WindowManager: Destroying surface Surface(name=Starting com.fieldkit) called by com.android.server.wm.WindowStateAnimator.destroySurface:2069 com.android.server.wm.WindowStateAnimator.destroySurfaceLocked:897 com.android.server.wm.WindowState.destroyOrSaveSurface:2121 com.android.server.wm.AppWindowToken.destroySurfaces:363 com.android.server.wm.WindowStateAnimator.finishExit:575 com.android.server.wm.WindowStateAnimator.stepAnimationLocked:501 com.android.server.wm.WindowAnimator.updateWindowsLocked:303 com.android.server.wm.WindowAnimator.animateLocked:704 
06-18 16:17:52.306 27725 27764 I chatty  : uid=10144(com.fieldkit) expire 13 lines
06-18 16:17:52.319  1556   609 D ConnectivityService: requestNetwork for Track default from uid/pid:10144/27725 for NetworkRequest [ id=784, legacyType=-1, [ Capabilities: INTERNET&NOT_RESTRICTED&TRUSTED&NOT_VPN] ]
06-18 16:17:52.320  1556  3718 I chatty  : uid=1000(system) WifiStateMachin expire 6 lines
06-18 16:17:52.322  3747  3747 D PhoneSwitcherNetworkRequstListener: got request NetworkRequest [ id=784, legacyType=-1, [ Capabilities: INTERNET&NOT_RESTRICTED&TRUSTED&NOT_VPN] ] with score 60
06-18 16:17:52.323  1556  3737 I chatty  : uid=1000(system) EthernetService expire 3 lines
06-18 16:17:52.628  1556  3710 I chatty  : uid=1000(system) NetworkStats expire 10 lines
06-18 16:17:54.545   579   690 I ThermalEngine: Thermal-Server: Thermal received msg from  override
