// Jest Snapshot v1, https://goo.gl/fbAQLP

exports[`<DeviceOptions/> render() renders the component 1`] = `
<AppScreen
  backgroundStyle={
    Object {
      "height": "100%",
    }
  }
>
  <Component
    style={
      Object {
        "alignItems": "center",
        "justifyContent": "center",
      }
    }
  >
    <Component
      source={
        Object {
          "testUri": "../../../assets/FieldKit_Logo_blue.png",
        }
      }
      style={
        Object {
          "height": 100,
          "resizeMode": "contain",
          "width": "50%",
        }
      }
    />
  </Component>
  <ScrollView
    style={
      Object {
        "alignSelf": "stretch",
        "flex": 1,
      }
    }
  >
    <Component
      style={
        Object {
          "shadowColor": "DidFinishRenderingFrameFully",
          "shadowOpacity": 0.5,
          "shadowRadius": 20,
        }
      }
    >
      <DeviceOptions
        configureName={[Function]}
        easyMode={
          Object {
            "busy": false,
            "devices": Object {
              "192.168.2.1": Object {
                "address": Object {
                  "host": "",
                  "key": "",
                  "port": 54321,
                  "valid": true,
                },
                "capabilities": Object {
                  "deviceId": Array [
                    0,
                    4,
                    163,
                    11,
                    0,
                    35,
                    48,
                    141,
                  ],
                  "modules": Array [
                    Object {
                      "name": "FkNat",
                    },
                  ],
                },
              },
            },
            "networkConfiguration": Object {
              "internet": Object {
                "info": Object {
                  "effectiveType": "unknown",
                  "type": "wifi",
                },
                "online": true,
                "timestamp": "Mon Jun 10 2019 13:40:41 GMT-0700 (Pacific Daylight Time)",
                "type": "INTERNET_ONLINE",
              },
              "network": Object {
                "deviceAp": false,
                "ssid": "FK-AASjCwAjMI0",
              },
            },
            "plans": Object {
              "download": Array [],
              "upload": Array [],
            },
            "singleDevice": Object {
              "address": Object {
                "host": "",
                "key": "",
                "port": 54321,
                "valid": true,
              },
              "capabilities": Object {
                "deviceId": Array [
                  0,
                  4,
                  163,
                  11,
                  0,
                  35,
                  48,
                  141,
                ],
                "modules": Array [
                  Object {
                    "name": "FkNat",
                  },
                ],
              },
            },
          }
        }
        executePlan={[Function]}
        navigateEditDeviceName={[Function]}
      />
    </Component>
    <UploadQueueOptions
      easyMode={
        Object {
          "busy": false,
          "devices": Object {
            "192.168.2.1": Object {
              "address": Object {
                "host": "",
                "key": "",
                "port": 54321,
                "valid": true,
              },
              "capabilities": Object {
                "deviceId": Array [
                  0,
                  4,
                  163,
                  11,
                  0,
                  35,
                  48,
                  141,
                ],
                "modules": Array [
                  Object {
                    "name": "FkNat",
                  },
                ],
              },
            },
          },
          "networkConfiguration": Object {
            "internet": Object {
              "info": Object {
                "effectiveType": "unknown",
                "type": "wifi",
              },
              "online": true,
              "timestamp": "Mon Jun 10 2019 13:40:41 GMT-0700 (Pacific Daylight Time)",
              "type": "INTERNET_ONLINE",
            },
            "network": Object {
              "deviceAp": false,
              "ssid": "FK-AASjCwAjMI0",
            },
          },
          "plans": Object {
            "download": Array [],
            "upload": Array [],
          },
          "singleDevice": Object {
            "address": Object {
              "host": "",
              "key": "",
              "port": 54321,
              "valid": true,
            },
            "capabilities": Object {
              "deviceId": Array [
                0,
                4,
                163,
                11,
                0,
                35,
                48,
                141,
              ],
              "modules": Array [
                Object {
                  "name": "FkNat",
                },
              ],
            },
          },
        }
      }
      executePlan={[Function]}
    />
  </ScrollView>
</AppScreen>
`;
