// Jest Snapshot v1, https://goo.gl/fbAQLP

exports[`<EditDeviceName/> render() renders the component 1`] = `
<View>
  <Text
    style={
      Object {
        "color": "#1B80C9",
        "fontSize": 30,
        "fontWeight": "bold",
        "paddingLeft": 20,
        "paddingTop": 30,
      }
    }
  >
    Edit Device Name 
  </Text>
  <View
    style={
      Object {
        "paddingBottom": 40,
        "paddingTop": 60,
      }
    }
  >
    <View
      style={
        Object {
          "paddingLeft": 20,
          "paddingRight": 20,
        }
      }
    >
      <TextInput
        allowFontScaling={true}
        onChangeText={[Function]}
        placeholder="Device Name"
        rejectResponderTermination={true}
        style={
          Object {
            "borderColor": "gray",
            "borderRadius": 5,
            "borderWidth": 1,
            "height": 40,
          }
        }
        underlineColorAndroid="transparent"
      />
    </View>
  </View>
  <View
    style={
      Object {
        "paddingBottom": 10,
        "paddingLeft": 20,
      }
    }
  >
    <Button
      onPress={[Function]}
      title="Save"
    />
  </View>
  <View
    style={
      Object {
        "paddingLeft": 20,
      }
    }
  >
    <Button
      onPress={[Function]}
      title="Cancel"
    />
  </View>
</View>
`;
